Component: ARM Compiler 5.06 update 5 (build 528) Tool: armlink [4d35e2]

==============================================================================

Section Cross References

    startup_stm32f10x_md.o(STACK) refers (Special) to heapauxi.o(.text) for __use_two_region_memory
    startup_stm32f10x_md.o(HEAP) refers (Special) to heapauxi.o(.text) for __use_two_region_memory
    startup_stm32f10x_md.o(RESET) refers (Special) to heapauxi.o(.text) for __use_two_region_memory
    startup_stm32f10x_md.o(RESET) refers to startup_stm32f10x_md.o(STACK) for __initial_sp
    startup_stm32f10x_md.o(RESET) refers to startup_stm32f10x_md.o(.text) for Reset_Handler
    startup_stm32f10x_md.o(RESET) refers to stm32f10x_it.o(i.NMI_Handler) for NMI_Handler
    startup_stm32f10x_md.o(RESET) refers to stm32f10x_it.o(i.HardFault_Handler) for HardFault_Handler
    startup_stm32f10x_md.o(RESET) refers to stm32f10x_it.o(i.MemManage_Handler) for MemManage_Handler
    startup_stm32f10x_md.o(RESET) refers to stm32f10x_it.o(i.BusFault_Handler) for BusFault_Handler
    startup_stm32f10x_md.o(RESET) refers to stm32f10x_it.o(i.UsageFault_Handler) for UsageFault_Handler
    startup_stm32f10x_md.o(RESET) refers to stm32f10x_it.o(i.SVC_Handler) for SVC_Handler
    startup_stm32f10x_md.o(RESET) refers to stm32f10x_it.o(i.DebugMon_Handler) for DebugMon_Handler
    startup_stm32f10x_md.o(RESET) refers to stm32f10x_it.o(i.PendSV_Handler) for PendSV_Handler
    startup_stm32f10x_md.o(RESET) refers to stm32f10x_it.o(i.SysTick_Handler) for SysTick_Handler
    startup_stm32f10x_md.o(RESET) refers to bluetooth.o(i.USART2_IRQHandler) for USART2_IRQHandler
    startup_stm32f10x_md.o(RESET) refers to main.o(i.EXTI15_10_IRQHandler) for EXTI15_10_IRQHandler
    startup_stm32f10x_md.o(.text) refers (Special) to heapauxi.o(.text) for __use_two_region_memory
    startup_stm32f10x_md.o(.text) refers to system_stm32f10x.o(i.SystemInit) for SystemInit
    startup_stm32f10x_md.o(.text) refers to __main.o(!!!main) for __main
    startup_stm32f10x_md.o(.text) refers to startup_stm32f10x_md.o(HEAP) for Heap_Mem
    startup_stm32f10x_md.o(.text) refers to startup_stm32f10x_md.o(STACK) for Stack_Mem
    system_stm32f10x.o(i.SetSysClock) refers to system_stm32f10x.o(i.SetSysClockTo72) for SetSysClockTo72
    system_stm32f10x.o(i.SystemCoreClockUpdate) refers to system_stm32f10x.o(.data) for SystemCoreClock
    system_stm32f10x.o(i.SystemInit) refers to system_stm32f10x.o(i.SetSysClock) for SetSysClock
    stm32f10x_adc.o(i.ADC_DeInit) refers to stm32f10x_rcc.o(i.RCC_APB2PeriphResetCmd) for RCC_APB2PeriphResetCmd
    stm32f10x_bkp.o(i.BKP_DeInit) refers to stm32f10x_rcc.o(i.RCC_BackupResetCmd) for RCC_BackupResetCmd
    stm32f10x_can.o(i.CAN_DeInit) refers to stm32f10x_rcc.o(i.RCC_APB1PeriphResetCmd) for RCC_APB1PeriphResetCmd
    stm32f10x_can.o(i.CAN_GetITStatus) refers to stm32f10x_can.o(i.CheckITStatus) for CheckITStatus
    stm32f10x_cec.o(i.CEC_DeInit) refers to stm32f10x_rcc.o(i.RCC_APB1PeriphResetCmd) for RCC_APB1PeriphResetCmd
    stm32f10x_dac.o(i.DAC_DeInit) refers to stm32f10x_rcc.o(i.RCC_APB1PeriphResetCmd) for RCC_APB1PeriphResetCmd
    stm32f10x_flash.o(i.FLASH_EnableWriteProtection) refers to stm32f10x_flash.o(i.FLASH_WaitForLastOperation) for FLASH_WaitForLastOperation
    stm32f10x_flash.o(i.FLASH_EraseAllBank1Pages) refers to stm32f10x_flash.o(i.FLASH_WaitForLastBank1Operation) for FLASH_WaitForLastBank1Operation
    stm32f10x_flash.o(i.FLASH_EraseAllPages) refers to stm32f10x_flash.o(i.FLASH_WaitForLastOperation) for FLASH_WaitForLastOperation
    stm32f10x_flash.o(i.FLASH_EraseOptionBytes) refers to stm32f10x_flash.o(i.FLASH_GetReadOutProtectionStatus) for FLASH_GetReadOutProtectionStatus
    stm32f10x_flash.o(i.FLASH_EraseOptionBytes) refers to stm32f10x_flash.o(i.FLASH_WaitForLastOperation) for FLASH_WaitForLastOperation
    stm32f10x_flash.o(i.FLASH_ErasePage) refers to stm32f10x_flash.o(i.FLASH_WaitForLastOperation) for FLASH_WaitForLastOperation
    stm32f10x_flash.o(i.FLASH_ProgramHalfWord) refers to stm32f10x_flash.o(i.FLASH_WaitForLastOperation) for FLASH_WaitForLastOperation
    stm32f10x_flash.o(i.FLASH_ProgramOptionByteData) refers to stm32f10x_flash.o(i.FLASH_WaitForLastOperation) for FLASH_WaitForLastOperation
    stm32f10x_flash.o(i.FLASH_ProgramWord) refers to stm32f10x_flash.o(i.FLASH_WaitForLastOperation) for FLASH_WaitForLastOperation
    stm32f10x_flash.o(i.FLASH_ReadOutProtection) refers to stm32f10x_flash.o(i.FLASH_WaitForLastOperation) for FLASH_WaitForLastOperation
    stm32f10x_flash.o(i.FLASH_UserOptionByteConfig) refers to stm32f10x_flash.o(i.FLASH_WaitForLastOperation) for FLASH_WaitForLastOperation
    stm32f10x_flash.o(i.FLASH_WaitForLastBank1Operation) refers to stm32f10x_flash.o(i.FLASH_GetBank1Status) for FLASH_GetBank1Status
    stm32f10x_flash.o(i.FLASH_WaitForLastOperation) refers to stm32f10x_flash.o(i.FLASH_GetBank1Status) for FLASH_GetBank1Status
[...]
    i.run_self_test                          0x08005040   Section        0  inv_mpu.o(i.run_self_test)
    i.set_int_enable                         0x080050d4   Section        0  inv_mpu.o(i.set_int_enable)
    set_int_enable                           0x080050d5   Thumb Code   138  inv_mpu.o(i.set_int_enable)
    i.sqrt                                   0x08005164   Section        0  sqrt.o(i.sqrt)
    i.suduhuan                               0x080051b0   Section        0  pid.o(i.suduhuan)
    i.zhilihuan                              0x08005254   Section        0  pid.o(i.zhilihuan)
    i.zhuanxianghuan                         0x080052f0   Section        0  pid.o(i.zhuanxianghuan)
    x$fpl$d2f                                0x0800538c   Section       98  d2f.o(x$fpl$d2f)
    x$fpl$dadd                               0x080053f0   Section      336  daddsub_clz.o(x$fpl$dadd)
    _dadd1                                   0x08005401   Thumb Code     0  daddsub_clz.o(x$fpl$dadd)
    x$fpl$dcheck1                            0x08005540   Section       16  dcheck1.o(x$fpl$dcheck1)
    x$fpl$ddiv                               0x08005550   Section      688  ddiv.o(x$fpl$ddiv)
    ddiv_entry                               0x08005557   Thumb Code     0  ddiv.o(x$fpl$ddiv)
    x$fpl$dmul                               0x08005800   Section      340  dmul.o(x$fpl$dmul)
    x$fpl$dnaninf                            0x08005954   Section      156  dnaninf.o(x$fpl$dnaninf)
    x$fpl$dretinf                            0x080059f0   Section       12  dretinf.o(x$fpl$dretinf)
    x$fpl$drsb                               0x080059fc   Section       22  daddsub_clz.o(x$fpl$drsb)
    x$fpl$dsqrt                              0x08005a14   Section      460  dsqrt_noumaal.o(x$fpl$dsqrt)
    x$fpl$dsub                               0x08005be0   Section      468  daddsub_clz.o(x$fpl$dsub)
    _dsub1                                   0x08005bf1   Thumb Code     0  daddsub_clz.o(x$fpl$dsub)
    x$fpl$f2d                                0x08005db4   Section       86  f2d.o(x$fpl$f2d)
    x$fpl$fadd                               0x08005e0c   Section      196  faddsub_clz.o(x$fpl$fadd)
    _fadd1                                   0x08005e1b   Thumb Code     0  faddsub_clz.o(x$fpl$fadd)
    x$fpl$fcmpinf                            0x08005ed0   Section       24  fcmpi.o(x$fpl$fcmpinf)
    x$fpl$fdiv                               0x08005ee8   Section      388  fdiv.o(x$fpl$fdiv)
    _fdiv1                                   0x08005ee9   Thumb Code     0  fdiv.o(x$fpl$fdiv)
    x$fpl$feqf                               0x0800606c   Section      104  feqf.o(x$fpl$feqf)
    x$fpl$ffix                               0x080060d4   Section       54  ffix.o(x$fpl$ffix)
    x$fpl$ffixu                              0x0800610c   Section       62  ffixu.o(x$fpl$ffixu)
    x$fpl$fflt                               0x0800614c   Section       48  fflt_clz.o(x$fpl$fflt)
    x$fpl$ffltu                              0x0800617c   Section       38  fflt_clz.o(x$fpl$ffltu)
    x$fpl$fleqf                              0x080061a4   Section      104  fleqf.o(x$fpl$fleqf)
    x$fpl$fmul                               0x0800620c   Section      258  fmul.o(x$fpl$fmul)
    x$fpl$fnaninf                            0x0800630e   Section      140  fnaninf.o(x$fpl$fnaninf)
    x$fpl$fretinf                            0x0800639a   Section       10  fretinf.o(x$fpl$fretinf)
    x$fpl$frleqf                             0x080063a4   Section       98  frleqf.o(x$fpl$frleqf)
    x$fpl$fsub                               0x08006408   Section      234  faddsub_clz.o(x$fpl$fsub)
    _fsub1                                   0x08006417   Thumb Code     0  faddsub_clz.o(x$fpl$fsub)
    x$fpl$retnan                             0x080064f2   Section      100  retnan.o(x$fpl$retnan)
    x$fpl$scalbn                             0x08006556   Section       92  scalbn.o(x$fpl$scalbn)
    x$fpl$trapveneer                         0x080065b2   Section       48  trapv.o(x$fpl$trapveneer)
    .constdata                               0x080065e2   Section     1520  oled.o(.constdata)
    x$fpl$usenofp                            0x080065e2   Section        0  usenofp.o(x$fpl$usenofp)
    .constdata                               0x08006bd4   Section       80  inv_mpu.o(.constdata)
    .constdata                               0x08006c24   Section     3062  inv_mpu_dmp_motion_driver.o(.constdata)
    dmp_memory                               0x08006c24   Data        3062  inv_mpu_dmp_motion_driver.o(.constdata)
    .constdata                               0x08007820   Section       80  asin.o(.constdata)
    pS                                       0x08007820   Data          48  asin.o(.constdata)
    qS                                       0x08007850   Data          32  asin.o(.constdata)
    .constdata                               0x08007870   Section      152  atan.o(.constdata)
    atanhi                                   0x08007870   Data          32  atan.o(.constdata)
    atanlo                                   0x08007890   Data          32  atan.o(.constdata)
    aTodd                                    0x080078b0   Data          40  atan.o(.constdata)
    aTeven                                   0x080078d8   Data          48  atan.o(.constdata)
    .constdata                               0x08007908   Section        8  qnan.o(.constdata)
    .data                                    0x20000000   Section       20  stm32f10x_rcc.o(.data)
    APBAHBPrescTable                         0x20000000   Data          16  stm32f10x_rcc.o(.data)
    ADCPrescTable                            0x20000010   Data           4  stm32f10x_rcc.o(.data)
    .data                                    0x20000014   Section        2  bluetooth.o(.data)
    .data                                    0x20000018   Section       88  pid.o(.data)
    .data                                    0x20000070   Section      122  main.o(.data)
    .data                                    0x200000ec   Section       53  inv_mpu.o(.data)
    st                                       0x200000ec   Data          44  inv_mpu.o(.data)
    gyro_orientation                         0x20000118   Data           9  inv_mpu.o(.data)
    .bss                                     0x20000124   Section       16  inv_mpu_dmp_motion_driver.o(.bss)
    dmp                                      0x20000124   Data          16  inv_mpu_dmp_motion_driver.o(.bss)
    .bss                                     0x20000134   Section       96  libspace.o(.bss)
    HEAP                                     0x20000198   Section      512  startup_stm32f10x_md.o(HEAP)
    Heap_Mem                                 0x20000198   Data         512  startup_stm32f10x_md.o(HEAP)
    STACK                                    0x20000398   Section     1024  startup_stm32f10x_md.o(STACK)
    Stack_Mem                                0x20000398   Data        1024  startup_stm32f10x_md.o(STACK)
    __initial_sp                             0x20000798   Data           0  startup_stm32f10x_md.o(STACK)

    Global Symbols

    Symbol Name                              Value     Ov Type        Size  Object(Section)

    BuildAttributes$$THM_ISAv4$P$D$K$B$S$PE$A:L22UL41UL21$X:L11$S22US41US21$IEEE1$IW$USESV6$~STKCKD$USESV7$~SHL$OTIME$ROPI$IEEEX$EBA8$UX$STANDARDLIB$REQ8$PRES8$EABIv2 0x00000000   Number         0  anon$$obj.o ABSOLUTE
    __ARM_use_no_argv                        0x00000000   Number         0  main.o ABSOLUTE
    __ARM_exceptions_init                     - Undefined Weak Reference
    __alloca_initialize                       - Undefined Weak Reference
    __arm_preinit_                            - Undefined Weak Reference
    __cpp_initialize__aeabi_                  - Undefined Weak Reference
    __cxa_finalize                            - Undefined Weak Reference
    __rt_locale                               - Undefined Weak Reference
    __sigvec_lookup                           - Undefined Weak Reference
    _atexit_init                              - Undefined Weak Reference
    _call_atexit_fns                          - Undefined Weak Reference
    _clock_init                               - Undefined Weak Reference
    _fp_trap_init                             - Undefined Weak Reference
    _fp_trap_shutdown                         - Undefined Weak Reference
    _get_lc_collate                           - Undefined Weak Reference
    _get_lc_ctype                             - Undefined Weak Reference
    _get_lc_monetary                          - Undefined Weak Reference
    _get_lc_numeric                           - Undefined Weak Reference
    _get_lc_time                              - Undefined Weak Reference
    _getenv_init                              - Undefined Weak Reference
    _handle_redirection                       - Undefined Weak Reference
    _init_alloc                               - Undefined Weak Reference
    _init_user_alloc                          - Undefined Weak Reference
    _initio                                   - Undefined Weak Reference
    _rand_init                                - Undefined Weak Reference
    _signal_finish                            - Undefined Weak Reference
    _signal_init                              - Undefined Weak Reference
    _terminate_alloc                          - Undefined Weak Reference
    _terminate_user_alloc                     - Undefined Weak Reference
    _terminateio                              - Undefined Weak Reference
    __Vectors_Size                           0x000000ec   Number         0  startup_stm32f10x_md.o ABSOLUTE
    __Vectors                                0x08000000   Data           4  startup_stm32f10x_md.o(RESET)
    __Vectors_End                            0x080000ec   Data           0  startup_stm32f10x_md.o(RESET)
    __main                                   0x080000ed   Thumb Code     8  __main.o(!!!main)
    __scatterload                            0x080000f5   Thumb Code     0  __scatter.o(!!!scatter)
    __scatterload_rt2                        0x080000f5   Thumb Code    44  __scatter.o(!!!scatter)
    __scatterload_rt2_thumb_only             0x080000f5   Thumb Code     0  __scatter.o(!!!scatter)
    __scatterload_null                       0x08000103   Thumb Code     0  __scatter.o(!!!scatter)
    __scatterload_copy                       0x08000129   Thumb Code    26  __scatter_copy.o(!!handler_copy)
    __scatterload_zeroinit                   0x08000145   Thumb Code    28  __scatter_zi.o(!!handler_zi)
    __rt_lib_init                            0x08000161   Thumb Code     0  libinit.o(.ARM.Collect$$libinit$$00000000)
    __rt_lib_init_alloca_1                   0x08000163   Thumb Code     0  libinit2.o(.ARM.Collect$$libinit$$0000002E)
    __rt_lib_init_argv_1                     0x08000163   Thumb Code     0  libinit2.o(.ARM.Collect$$libinit$$0000002C)
    __rt_lib_init_atexit_1                   0x08000163   Thumb Code     0  libinit2.o(.ARM.Collect$$libinit$$0000001B)
    __rt_lib_init_clock_1                    0x08000163   Thumb Code     0  libinit2.o(.ARM.Collect$$libinit$$00000021)
    __rt_lib_init_cpp_1                      0x08000163   Thumb Code     0  libinit2.o(.ARM.Collect$$libinit$$00000032)
    __rt_lib_init_exceptions_1               0x08000163   Thumb Code     0  libinit2.o(.ARM.Collect$$libinit$$00000030)
    __rt_lib_init_fp_1                       0x08000163   Thumb Code     0  libinit2.o(.ARM.Collect$$libinit$$00000002)
    __rt_lib_init_fp_trap_1                  0x08000163   Thumb Code     0  libinit2.o(.ARM.Collect$$libinit$$0000001F)
    __rt_lib_init_getenv_1                   0x08000163   Thumb Code     0  libinit2.o(.ARM.Collect$$libinit$$00000023)
    __rt_lib_init_heap_1                     0x08000163   Thumb Code     0  libinit2.o(.ARM.Collect$$libinit$$0000000A)
    __rt_lib_init_lc_collate_1               0x08000163   Thumb Code     0  libinit2.o(.ARM.Collect$$libinit$$00000011)
    __rt_lib_init_lc_ctype_1                 0x08000163   Thumb Code     0  libinit2.o(.ARM.Collect$$libinit$$00000013)
    __rt_lib_init_lc_monetary_1              0x08000163   Thumb Code     0  libinit2.o(.ARM.Collect$$libinit$$00000015)
    __rt_lib_init_lc_numeric_1               0x08000163   Thumb Code     0  libinit2.o(.ARM.Collect$$libinit$$00000017)
    __rt_lib_init_lc_time_1                  0x08000163   Thumb Code     0  libinit2.o(.ARM.Collect$$libinit$$00000019)
    __rt_lib_init_preinit_1                  0x08000163   Thumb Code     0  libinit2.o(.ARM.Collect$$libinit$$00000004)
    __rt_lib_init_rand_1                     0x08000163   Thumb Code     0  libinit2.o(.ARM.Collect$$libinit$$0000000E)
    __rt_lib_init_return                     0x08000163   Thumb Code     0  libinit2.o(.ARM.Collect$$libinit$$00000033)
    __rt_lib_init_signal_1                   0x08000163   Thumb Code     0  libinit2.o(.ARM.Collect$$libinit$$0000001D)
    __rt_lib_init_stdio_1                    0x08000163   Thumb Code     0  libinit2.o(.ARM.Collect$$libinit$$00000025)
    __rt_lib_init_user_alloc_1               0x08000163   Thumb Code     0  libinit2.o(.ARM.Collect$$libinit$$0000000C)
    __rt_lib_shutdown                        0x08000165   Thumb Code     0  libshutdown.o(.ARM.Collect$$libshutdown$$00000000)
    __rt_lib_shutdown_cpp_1                  0x08000167   Thumb Code     0  libshutdown2.o(.ARM.Collect$$libshutdown$$00000002)
    __rt_lib_shutdown_fp_trap_1              0x08000167   Thumb Code     0  libshutdown2.o(.ARM.Collect$$libshutdown$$00000007)
    __rt_lib_shutdown_heap_1                 0x08000167   Thumb Code     0  libshutdown2.o(.ARM.Collect$$libshutdown$$0000000F)
    __rt_lib_shutdown_return                 0x08000167   Thumb Code     0  libshutdown2.o(.ARM.Collect$$libshutdown$$00000010)
    __rt_lib_shutdown_signal_1               0x08000167   Thumb Code     0  libshutdown2.o(.ARM.Collect$$libshutdown$$0000000A)
    __rt_lib_shutdown_stdio_1                0x08000167   Thumb Code     0  libshutdown2.o(.ARM.Collect$$libshutdown$$00000004)
    __rt_lib_shutdown_user_alloc_1           0x08000167   Thumb Code     0  libshutdown2.o(.ARM.Collect$$libshutdown$$0000000C)
    __rt_entry                               0x08000169   Thumb Code     0  __rtentry.o(.ARM.Collect$$rtentry$$00000000)
    __rt_entry_presh_1                       0x08000169   Thumb Code     0  __rtentry2.o(.ARM.Collect$$rtentry$$00000002)
    __rt_entry_sh                            0x08000169   Thumb Code     0  __rtentry4.o(.ARM.Collect$$rtentry$$00000004)
    __rt_entry_li                            0x0800016f   Thumb Code     0  __rtentry2.o(.ARM.Collect$$rtentry$$0000000A)
    __rt_entry_postsh_1                      0x0800016f   Thumb Code     0  __rtentry2.o(.ARM.Collect$$rtentry$$00000009)
    __rt_entry_main                          0x08000173   Thumb Code     0  __rtentry2.o(.ARM.Collect$$rtentry$$0000000D)
    __rt_entry_postli_1                      0x08000173   Thumb Code     0  __rtentry2.o(.ARM.Collect$$rtentry$$0000000C)
    __rt_exit                                0x0800017b   Thumb Code     0  rtexit.o(.ARM.Collect$$rtexit$$00000000)
    __rt_exit_ls                             0x0800017d   Thumb Code     0  rtexit2.o(.ARM.Collect$$rtexit$$00000003)
    __rt_exit_prels_1                        0x0800017d   Thumb Code     0  rtexit2.o(.ARM.Collect$$rtexit$$00000002)
    __rt_exit_exit                           0x08000181   Thumb Code     0  rtexit2.o(.ARM.Collect$$rtexit$$00000004)
    Reset_Handler                            0x08000189   Thumb Code     8  startup_stm32f10x_md.o(.text)
    ADC1_2_IRQHandler                        0x080001a3   Thumb Code     0  startup_stm32f10x_md.o(.text)
    CAN1_RX1_IRQHandler                      0x080001a3   Thumb Code     0  startup_stm32f10x_md.o(.text)
    CAN1_SCE_IRQHandler                      0x080001a3   Thumb Code     0  startup_stm32f10x_md.o(.text)
    DMA1_Channel1_IRQHandler                 0x080001a3   Thumb Code     0  startup_stm32f10x_md.o(.text)
    DMA1_Channel2_IRQHandler                 0x080001a3   Thumb Code     0  startup_stm32f10x_md.o(.text)
    DMA1_Channel3_IRQHandler                 0x080001a3   Thumb Code     0  startup_stm32f10x_md.o(.text)
    DMA1_Channel4_IRQHandler                 0x080001a3   Thumb Code     0  startup_stm32f10x_md.o(.text)
    DMA1_Channel5_IRQHandler                 0x080001a3   Thumb Code     0  startup_stm32f10x_md.o(.text)
    DMA1_Channel6_IRQHandler                 0x080001a3   Thumb Code     0  startup_stm32f10x_md.o(.text)
    DMA1_Channel7_IRQHandler                 0x080001a3   Thumb Code     0  startup_stm32f10x_md.o(.text)
    EXTI0_IRQHandler                         0x080001a3   Thumb Code     0  startup_stm32f10x_md.o(.text)
    EXTI1_IRQHandler                         0x080001a3   Thumb Code     0  startup_stm32f10x_md.o(.text)
    EXTI2_IRQHandler                         0x080001a3   Thumb Code     0  startup_stm32f10x_md.o(.text)
    EXTI3_IRQHandler                         0x080001a3   Thumb Code     0  startup_stm32f10x_md.o(.text)
    EXTI4_IRQHandler                         0x080001a3   Thumb Code     0  startup_stm32f10x_md.o(.text)
    EXTI9_5_IRQHandler                       0x080001a3   Thumb Code     0  startup_stm32f10x_md.o(.text)
    FLASH_IRQHandler                         0x080001a3   Thumb Code     0  startup_stm32f10x_md.o(.text)
    I2C1_ER_IRQHandler                       0x080001a3   Thumb Code     0  startup_stm32f10x_md.o(.text)
    I2C1_EV_IRQHandler                       0x080001a3   Thumb Code     0  startup_stm32f10x_md.o(.text)
    I2C2_ER_IRQHandler                       0x080001a3   Thumb Code     0  startup_stm32f10x_md.o(.text)
    I2C2_EV_IRQHandler                       0x080001a3   Thumb Code     0  startup_stm32f10x_md.o(.text)
    PVD_IRQHandler                           0x080001a3   Thumb Code     0  startup_stm32f10x_md.o(.text)
    RCC_IRQHandler                           0x080001a3   Thumb Code     0  startup_stm32f10x_md.o(.text)
    RTCAlarm_IRQHandler                      0x080001a3   Thumb Code     0  startup_stm32f10x_md.o(.text)
    RTC_IRQHandler                           0x080001a3   Thumb Code     0  startup_stm32f10x_md.o(.text)
    SPI1_IRQHandler                          0x080001a3   Thumb Code     0  startup_stm32f10x_md.o(.text)
    SPI2_IRQHandler                          0x080001a3   Thumb Code     0  startup_stm32f10x_md.o(.text)
    TAMPER_IRQHandler                        0x080001a3   Thumb Code     0  startup_stm32f10x_md.o(.text)
    TIM1_BRK_IRQHandler                      0x080001a3   Thumb Code     0  startup_stm32f10x_md.o(.text)
    TIM1_CC_IRQHandler                       0x080001a3   Thumb Code     0  startup_stm32f10x_md.o(.text)
    TIM1_TRG_COM_IRQHandler                  0x080001a3   Thumb Code     0  startup_stm32f10x_md.o(.text)
    TIM1_UP_IRQHandler                       0x080001a3   Thumb Code     0  startup_stm32f10x_md.o(.text)
    TIM2_IRQHandler                          0x080001a3   Thumb Code     0  startup_stm32f10x_md.o(.text)
    TIM3_IRQHandler                          0x080001a3   Thumb Code     0  startup_stm32f10x_md.o(.text)
    TIM4_IRQHandler                          0x080001a3   Thumb Code     0  startup_stm32f10x_md.o(.text)
    USART1_IRQHandler                        0x080001a3   Thumb Code     0  startup_stm32f10x_md.o(.text)
    USART3_IRQHandler                        0x080001a3   Thumb Code     0  startup_stm32f10x_md.o(.text)
    USBWakeUp_IRQHandler                     0x080001a3   Thumb Code     0  startup_stm32f10x_md.o(.text)
    USB_HP_CAN1_TX_IRQHandler                0x080001a3   Thumb Code     0  startup_stm32f10x_md.o(.text)
    USB_LP_CAN1_RX0_IRQHandler               0x080001a3   Thumb Code     0  startup_stm32f10x_md.o(.text)
    WWDG_IRQHandler                          0x080001a3   Thumb Code     0  startup_stm32f10x_md.o(.text)
    __user_initial_stackheap                 0x080001a5   Thumb Code     0  startup_stm32f10x_md.o(.text)
    __aeabi_ldivmod                          0x080001c9   Thumb Code     0  llsdiv.o(.text)
    _ll_sdiv                                 0x080001c9   Thumb Code    72  llsdiv.o(.text)
    memcmp                                   0x08000211   Thumb Code    88  memcmp.o(.text)
    __aeabi_memset                           0x08000269   Thumb Code    16  aeabi_memset.o(.text)
    __use_two_region_memory                  0x08000279   Thumb Code     2  heapauxi.o(.text)
    __rt_heap_escrow$2region                 0x0800027b   Thumb Code     2  heapauxi.o(.text)
    __rt_heap_expand$2region                 0x0800027d   Thumb Code     2  heapauxi.o(.text)
    __aeabi_uldivmod                         0x0800027f   Thumb Code     0  lludivv7m.o(.text)
    _ll_udiv                                 0x0800027f   Thumb Code   238  lludivv7m.o(.text)
    __read_errno                             0x0800036d   Thumb Code    10  _rserrno.o(.text)
    __set_errno                              0x08000377   Thumb Code    12  _rserrno.o(.text)
    __aeabi_memclr                           0x08000383   Thumb Code     0  rt_memclr.o(.text)
    __rt_memclr                              0x08000383   Thumb Code    68  rt_memclr.o(.text)
    _memset                                  0x08000387   Thumb Code     0  rt_memclr.o(.text)
    __aeabi_errno_addr                       0x080003c9   Thumb Code     8  rt_errno_addr_intlibspace.o(.text)
    __errno$intlibspace                      0x080003c9   Thumb Code     0  rt_errno_addr_intlibspace.o(.text)
    __rt_errno_addr$intlibspace              0x080003c9   Thumb Code     0  rt_errno_addr_intlibspace.o(.text)
    __aeabi_memclr4                          0x080003d1   Thumb Code     0  rt_memclr_w.o(.text)
    __aeabi_memclr8                          0x080003d1   Thumb Code     0  rt_memclr_w.o(.text)
    __rt_memclr_w                            0x080003d1   Thumb Code    78  rt_memclr_w.o(.text)
    _memset_w                                0x080003d5   Thumb Code     0  rt_memclr_w.o(.text)
    __user_libspace                          0x08000421   Thumb Code     8  libspace.o(.text)
    __user_perproc_libspace                  0x08000421   Thumb Code     0  libspace.o(.text)
    __user_perthread_libspace                0x08000421   Thumb Code     0  libspace.o(.text)
    __user_setup_stackheap                   0x08000429   Thumb Code    74  sys_stackheap_outer.o(.text)
    exit                                     0x08000473   Thumb Code    18  exit.o(.text)
    _sys_exit                                0x08000485   Thumb Code     8  sys_exit.o(.text)
    __I$use$semihosting                      0x08000491   Thumb Code     0  use_no_semi.o(.text)
    __use_no_semihosting_swi                 0x08000491   Thumb Code     2  use_no_semi.o(.text)
    __semihosting_library_function           0x08000493   Thumb Code     0  indicate_semi.o(.text)
    Bluet_Init                               0x08000495   Thumb Code   156  bluetooth.o(i.Bluet_Init)
    BusFault_Handler                         0x08000539   Thumb Code     4  stm32f10x_it.o(i.BusFault_Handler)
    DebugMon_Handler                         0x0800053d   Thumb Code     2  stm32f10x_it.o(i.DebugMon_Handler)
    Delay_ms                                 0x0800053f   Thumb Code    24  delay.o(i.Delay_ms)
    Delay_us                                 0x08000557   Thumb Code    46  delay.o(i.Delay_us)
    EXTI15_10_IRQHandler                     0x08000585   Thumb Code   246  main.o(i.EXTI15_10_IRQHandler)
    EXTI1_Init                               0x080006cd   Thumb Code   112  exti.o(i.EXTI1_Init)
    EXTI_ClearITPendingBit                   0x08000741   Thumb Code     6  stm32f10x_exti.o(i.EXTI_ClearITPendingBit)
    EXTI_GetITStatus                         0x0800074d   Thumb Code    34  stm32f10x_exti.o(i.EXTI_GetITStatus)
    EXTI_Init                                0x08000775   Thumb Code   142  stm32f10x_exti.o(i.EXTI_Init)
    Encoder1_Init                            0x08000809   Thumb Code   152  encoder.o(i.Encoder1_Init)
    Encoder2_Init                            0x080008a9   Thumb Code   152  encoder.o(i.Encoder2_Init)
    GPIO_EXTILineConfig                      0x08000949   Thumb Code    60  stm32f10x_gpio.o(i.GPIO_EXTILineConfig)
    GPIO_Init                                0x08000989   Thumb Code   278  stm32f10x_gpio.o(i.GPIO_Init)
    GPIO_ResetBits                           0x08000a9f   Thumb Code     4  stm32f10x_gpio.o(i.GPIO_ResetBits)
    GPIO_SetBits                             0x08000aa3   Thumb Code     4  stm32f10x_gpio.o(i.GPIO_SetBits)
    GPIO_WriteBit                            0x08000aa7   Thumb Code    10  stm32f10x_gpio.o(i.GPIO_WriteBit)
    Get_BluetBZ                              0x08000ab1   Thumb Code    22  bluetooth.o(i.Get_BluetBZ)
    Get_BluetSJ                              0x08000acd   Thumb Code     6  bluetooth.o(i.Get_BluetSJ)
    Get_Encoder1                             0x08000ad9   Thumb Code    22  encoder.o(i.Get_Encoder1)
    Get_Encoder2                             0x08000af5   Thumb Code    22  encoder.o(i.Get_Encoder2)
    HardFault_Handler                        0x08000b11   Thumb Code     4  stm32f10x_it.o(i.HardFault_Handler)
    Ket_Init                                 0x08000b15   Thumb Code    40  key.o(i.Ket_Init)
    MPU6050_DMP_Get_Data                     0x08000b41   Thumb Code   544  inv_mpu.o(i.MPU6050_DMP_Get_Data)
    MPU6050_DMP_Init                         0x08000d65   Thumb Code    74  inv_mpu.o(i.MPU6050_DMP_Init)
    MPU6050_IIC_IO_Init                      0x08000db5   Thumb Code    32  mpu6050_i2c.o(i.MPU6050_IIC_IO_Init)
    MPU6050_IIC_Read_Ack                     0x08000de1   Thumb Code    72  mpu6050_i2c.o(i.MPU6050_IIC_Read_Ack)
    MPU6050_IIC_Read_Byte                    0x08000e31   Thumb Code    86  mpu6050_i2c.o(i.MPU6050_IIC_Read_Byte)
    MPU6050_IIC_SDA_IO_IN                    0x08000e91   Thumb Code    22  mpu6050_i2c.o(i.MPU6050_IIC_SDA_IO_IN)
    MPU6050_IIC_SDA_IO_OUT                   0x08000ead   Thumb Code    20  mpu6050_i2c.o(i.MPU6050_IIC_SDA_IO_OUT)
    MPU6050_IIC_Send_Ack                     0x08000ec5   Thumb Code    48  mpu6050_i2c.o(i.MPU6050_IIC_Send_Ack)
    MPU6050_IIC_Send_Byte                    0x08000efd   Thumb Code    90  mpu6050_i2c.o(i.MPU6050_IIC_Send_Byte)
    MPU6050_IIC_Start                        0x08000f61   Thumb Code    46  mpu6050_i2c.o(i.MPU6050_IIC_Start)
    MPU6050_IIC_Stop                         0x08000f99   Thumb Code    52  mpu6050_i2c.o(i.MPU6050_IIC_Stop)
    MPU6050_Init                             0x08000fd5   Thumb Code   114  mpu6050.o(i.MPU6050_Init)
    MPU_Get_Accelerometer                    0x08001047   Thumb Code    80  mpu6050.o(i.MPU_Get_Accelerometer)
    MPU_Get_Gyroscope                        0x08001097   Thumb Code    80  mpu6050.o(i.MPU_Get_Gyroscope)
    MPU_Set_Accel_Fsr                        0x080010e7   Thumb Code    18  mpu6050.o(i.MPU_Set_Accel_Fsr)
    MPU_Set_Gyro_Fsr                         0x080010f9   Thumb Code    18  mpu6050.o(i.MPU_Set_Gyro_Fsr)
    MPU_Set_LPF                              0x0800110b   Thumb Code    60  mpu6050.o(i.MPU_Set_LPF)
    MPU_Set_Rate                             0x08001147   Thumb Code    56  mpu6050.o(i.MPU_Set_Rate)
    MemManage_Handler                        0x0800117f   Thumb Code     4  stm32f10x_it.o(i.MemManage_Handler)
    Motor_Init                               0x08001185   Thumb Code    78  motor.o(i.Motor_Init)
    Motor_off                                0x080011dd   Thumb Code    16  motor.o(i.Motor_off)
    My_GPIO_Init                             0x080011ed   Thumb Code   172  sys.o(i.My_GPIO_Init)
    NMI_Handler                              0x0800129d   Thumb Code     2  stm32f10x_it.o(i.NMI_Handler)
    NVIC_Init                                0x080012a1   Thumb Code   100  misc.o(i.NVIC_Init)
    NVIC_PriorityGroupConfig                 0x08001311   Thumb Code    10  misc.o(i.NVIC_PriorityGroupConfig)
    OLED_Clear                               0x08001325   Thumb Code    42  oled.o(i.OLED_Clear)
    OLED_I2C_Init                            0x08001351   Thumb Code    76  oled.o(i.OLED_I2C_Init)
    OLED_I2C_SendByte                        0x080013a1   Thumb Code    80  oled.o(i.OLED_I2C_SendByte)
    OLED_I2C_Start                           0x080013f5   Thumb Code    48  oled.o(i.OLED_I2C_Start)
    OLED_I2C_Stop                            0x08001429   Thumb Code    36  oled.o(i.OLED_I2C_Stop)
    OLED_Init                                0x08001451   Thumb Code   174  oled.o(i.OLED_Init)
    OLED_Pow                                 0x080014ff   Thumb Code    20  oled.o(i.OLED_Pow)
    OLED_SetCursor                           0x08001513   Thumb Code    34  oled.o(i.OLED_SetCursor)
    OLED_ShowChar                            0x08001535   Thumb Code   110  oled.o(i.OLED_ShowChar)
    OLED_ShowSignedNum                       0x080015a9   Thumb Code   102  oled.o(i.OLED_ShowSignedNum)
    OLED_ShowString                          0x0800160f   Thumb Code    40  oled.o(i.OLED_ShowString)
    OLED_WriteCommand                        0x08001637   Thumb Code    32  oled.o(i.OLED_WriteCommand)
    OLED_WriteData                           0x08001657   Thumb Code    32  oled.o(i.OLED_WriteData)
    PWM_Init                                 0x08001679   Thumb Code   206  pwm.o(i.PWM_Init)
    PWM_Setcompare2                          0x0800174d   Thumb Code    16  pwm.o(i.PWM_Setcompare2)
    PWM_Setcompare3                          0x0800175d   Thumb Code    16  pwm.o(i.PWM_Setcompare3)
    PendSV_Handler                           0x0800176d   Thumb Code     2  stm32f10x_it.o(i.PendSV_Handler)
    RCC_APB1PeriphClockCmd                   0x08001771   Thumb Code    26  stm32f10x_rcc.o(i.RCC_APB1PeriphClockCmd)
    RCC_APB2PeriphClockCmd                   0x08001791   Thumb Code    26  stm32f10x_rcc.o(i.RCC_APB2PeriphClockCmd)
    RCC_GetClocksFreq                        0x080017b1   Thumb Code   192  stm32f10x_rcc.o(i.RCC_GetClocksFreq)
    SETPWM_l                                 0x08001885   Thumb Code    34  motor.o(i.SETPWM_l)
    SETPWM_r                                 0x080018a7   Thumb Code    34  motor.o(i.SETPWM_r)
    SVC_Handler                              0x080018c9   Thumb Code     2  stm32f10x_it.o(i.SVC_Handler)
    SysTick_Handler                          0x080019b5   Thumb Code     2  stm32f10x_it.o(i.SysTick_Handler)
    SystemInit                               0x080019b9   Thumb Code    78  system_stm32f10x.o(i.SystemInit)
    TIM_Cmd                                  0x08001c59   Thumb Code    24  stm32f10x_tim.o(i.TIM_Cmd)
    TIM_EncoderInterfaceConfig               0x08001c71   Thumb Code    66  stm32f10x_tim.o(i.TIM_EncoderInterfaceConfig)
    TIM_GetCounter                           0x08001cb3   Thumb Code     6  stm32f10x_tim.o(i.TIM_GetCounter)
    TIM_ICInit                               0x08001cb9   Thumb Code   150  stm32f10x_tim.o(i.TIM_ICInit)
    TIM_ICStructInit                         0x08001d65   Thumb Code    18  stm32f10x_tim.o(i.TIM_ICStructInit)
    TIM_InternalClockConfig                  0x08001d77   Thumb Code    12  stm32f10x_tim.o(i.TIM_InternalClockConfig)
    TIM_OC2Init                              0x08001d85   Thumb Code   154  stm32f10x_tim.o(i.TIM_OC2Init)
    TIM_OC3Init                              0x08001e29   Thumb Code   150  stm32f10x_tim.o(i.TIM_OC3Init)
    TIM_OCStructInit                         0x08001ec9   Thumb Code    20  stm32f10x_tim.o(i.TIM_OCStructInit)
    TIM_SetCompare2                          0x08001edd   Thumb Code     4  stm32f10x_tim.o(i.TIM_SetCompare2)
    TIM_SetCompare3                          0x08001ee1   Thumb Code     4  stm32f10x_tim.o(i.TIM_SetCompare3)
    TIM_SetCounter                           0x08001ee5   Thumb Code     4  stm32f10x_tim.o(i.TIM_SetCounter)
    TIM_SetIC1Prescaler                      0x08001ee9   Thumb Code    18  stm32f10x_tim.o(i.TIM_SetIC1Prescaler)
    TIM_SetIC2Prescaler                      0x08001efb   Thumb Code    26  stm32f10x_tim.o(i.TIM_SetIC2Prescaler)
    TIM_SetIC3Prescaler                      0x08001f15   Thumb Code    18  stm32f10x_tim.o(i.TIM_SetIC3Prescaler)
    TIM_SetIC4Prescaler                      0x08001f27   Thumb Code    26  stm32f10x_tim.o(i.TIM_SetIC4Prescaler)
    TIM_TimeBaseInit                         0x08001f41   Thumb Code   122  stm32f10x_tim.o(i.TIM_TimeBaseInit)
    USART2_IRQHandler                        0x08001fe5   Thumb Code    44  bluetooth.o(i.USART2_IRQHandler)
    USART_ClearITPendingBit                  0x0800201d   Thumb Code    30  stm32f10x_usart.o(i.USART_ClearITPendingBit)
    USART_Cmd                                0x0800203b   Thumb Code    24  stm32f10x_usart.o(i.USART_Cmd)
    USART_GetITStatus                        0x08002053   Thumb Code    84  stm32f10x_usart.o(i.USART_GetITStatus)
    USART_ITConfig                           0x080020a7   Thumb Code    74  stm32f10x_usart.o(i.USART_ITConfig)
    USART_Init                               0x080020f1   Thumb Code   210  stm32f10x_usart.o(i.USART_Init)
    USART_ReceiveData                        0x080021c9   Thumb Code    10  stm32f10x_usart.o(i.USART_ReceiveData)
    UsageFault_Handler                       0x080021d3   Thumb Code     4  stm32f10x_it.o(i.UsageFault_Handler)
    __ARM_fpclassify                         0x080021d7   Thumb Code    40  fpclassify.o(i.__ARM_fpclassify)
    __kernel_poly                            0x080021ff   Thumb Code   170  poly.o(i.__kernel_poly)
    __mathlib_dbl_infnan                     0x080022a9   Thumb Code     6  dunder.o(i.__mathlib_dbl_infnan)
    __mathlib_dbl_infnan2                    0x080022af   Thumb Code     4  dunder.o(i.__mathlib_dbl_infnan2)
    __mathlib_dbl_invalid                    0x080022b3   Thumb Code    12  dunder.o(i.__mathlib_dbl_invalid)
    __mathlib_dbl_underflow                  0x080022c1   Thumb Code    10  dunder.o(i.__mathlib_dbl_underflow)
    asin                                     0x08002379   Thumb Code   572  asin.o(i.asin)
    atan                                     0x080025e9   Thumb Code   474  atan.o(i.atan)
    atan2                                    0x08002809   Thumb Code   346  atan2.o(i.atan2)
    delay_ms                                 0x080029ed   Thumb Code    12  delay.o(i.delay_ms)
    delay_us                                 0x080029f9   Thumb Code    12  delay.o(i.delay_us)
    dmp_enable_6x_lp_quat                    0x08002a05   Thumb Code    60  inv_mpu_dmp_motion_driver.o(i.dmp_enable_6x_lp_quat)
    dmp_enable_feature                       0x08002a41   Thumb Code   530  inv_mpu_dmp_motion_driver.o(i.dmp_enable_feature)
    dmp_enable_gyro_cal                      0x08002c5d   Thumb Code    62  inv_mpu_dmp_motion_driver.o(i.dmp_enable_gyro_cal)
    dmp_enable_lp_quat                       0x08002cb5   Thumb Code    60  inv_mpu_dmp_motion_driver.o(i.dmp_enable_lp_quat)
    dmp_load_motion_driver_firmware          0x08002cf1   Thumb Code    20  inv_mpu_dmp_motion_driver.o(i.dmp_load_motion_driver_firmware)
    dmp_read_fifo                            0x08002d09   Thumb Code   450  inv_mpu_dmp_motion_driver.o(i.dmp_read_fifo)
    dmp_set_accel_bias                       0x08002ed1   Thumb Code   300  inv_mpu_dmp_motion_driver.o(i.dmp_set_accel_bias)
    dmp_set_fifo_rate                        0x08003001   Thumb Code    96  inv_mpu_dmp_motion_driver.o(i.dmp_set_fifo_rate)
    dmp_set_gyro_bias                        0x08003071   Thumb Code   294  inv_mpu_dmp_motion_driver.o(i.dmp_set_gyro_bias)
    dmp_set_orientation                      0x080031a1   Thumb Code   290  inv_mpu_dmp_motion_driver.o(i.dmp_set_orientation)
    dmp_set_shake_reject_thresh              0x080032d9   Thumb Code    56  inv_mpu_dmp_motion_driver.o(i.dmp_set_shake_reject_thresh)
    dmp_set_shake_reject_time                0x08003311   Thumb Code    38  inv_mpu_dmp_motion_driver.o(i.dmp_set_shake_reject_time)
    dmp_set_shake_reject_timeout             0x08003337   Thumb Code    38  inv_mpu_dmp_motion_driver.o(i.dmp_set_shake_reject_timeout)
    dmp_set_tap_axes                         0x0800335d   Thumb Code    70  inv_mpu_dmp_motion_driver.o(i.dmp_set_tap_axes)
    dmp_set_tap_count                        0x080033a3   Thumb Code    38  inv_mpu_dmp_motion_driver.o(i.dmp_set_tap_count)
    dmp_set_tap_thresh                       0x080033c9   Thumb Code   396  inv_mpu_dmp_motion_driver.o(i.dmp_set_tap_thresh)
    dmp_set_tap_time                         0x08003569   Thumb Code    38  inv_mpu_dmp_motion_driver.o(i.dmp_set_tap_time)
    dmp_set_tap_time_multi                   0x0800358f   Thumb Code    38  inv_mpu_dmp_motion_driver.o(i.dmp_set_tap_time_multi)
    dsuduhuan                                0x080035b5   Thumb Code   136  pid.o(i.dsuduhuan)
    inv_orientation_matrix_to_scalar         0x08003c8d   Thumb Code    40  inv_mpu.o(i.inv_orientation_matrix_to_scalar)
    inv_row_2_scale                          0x08003cb5   Thumb Code    78  inv_mpu.o(i.inv_row_2_scale)
    jsuduhuan                                0x08003d05   Thumb Code   136  pid.o(i.jsuduhuan)
    left_f                                   0x08003da9   Thumb Code    20  motor.o(i.left_f)
    left_z                                   0x08003dc1   Thumb Code    20  motor.o(i.left_z)
    main                                     0x08003dd9   Thumb Code   378  main.o(i.main)
    mpu6050_read                             0x08003f8d   Thumb Code    92  mpu6050.o(i.mpu6050_read)
    mpu6050_read_reg                         0x08003fe9   Thumb Code    22  mpu6050.o(i.mpu6050_read_reg)
    mpu6050_write                            0x08003fff   Thumb Code    68  mpu6050.o(i.mpu6050_write)
    mpu6050_write_reg                        0x08004043   Thumb Code    18  mpu6050.o(i.mpu6050_write_reg)
    mpu_configure_fifo                       0x08004055   Thumb Code   106  inv_mpu.o(i.mpu_configure_fifo)
    mpu_get_accel_fsr                        0x080040c5   Thumb Code    72  inv_mpu.o(i.mpu_get_accel_fsr)
    mpu_get_accel_sens                       0x08004111   Thumb Code    78  inv_mpu.o(i.mpu_get_accel_sens)
    mpu_get_fifo_config                      0x08004165   Thumb Code    12  inv_mpu.o(i.mpu_get_fifo_config)
    mpu_get_gyro_fsr                         0x08004175   Thumb Code    64  inv_mpu.o(i.mpu_get_gyro_fsr)
    mpu_get_gyro_sens                        0x080041b9   Thumb Code    58  inv_mpu.o(i.mpu_get_gyro_sens)
    mpu_get_lpf                              0x08004209   Thumb Code    74  inv_mpu.o(i.mpu_get_lpf)
    mpu_get_sample_rate                      0x08004259   Thumb Code    26  inv_mpu.o(i.mpu_get_sample_rate)
    mpu_init                                 0x08004279   Thumb Code   396  inv_mpu.o(i.mpu_init)
    mpu_load_firmware                        0x08004409   Thumb Code   180  inv_mpu.o(i.mpu_load_firmware)
    mpu_lp_accel_mode                        0x080044c1   Thumb Code   218  inv_mpu.o(i.mpu_lp_accel_mode)
    mpu_read_fifo_stream                     0x080045a1   Thumb Code   186  inv_mpu.o(i.mpu_read_fifo_stream)
    mpu_read_mem                             0x08004661   Thumb Code   122  inv_mpu.o(i.mpu_read_mem)
    mpu_reset_fifo                           0x080046e1   Thumb Code   450  inv_mpu.o(i.mpu_reset_fifo)
    mpu_run_self_test                        0x080048a9   Thumb Code   278  inv_mpu.o(i.mpu_run_self_test)
    mpu_set_accel_fsr                        0x080049c5   Thumb Code   126  inv_mpu.o(i.mpu_set_accel_fsr)
    mpu_set_bypass                           0x08004a49   Thumb Code   328  inv_mpu.o(i.mpu_set_bypass)
    mpu_set_dmp_state                        0x08004b95   Thumb Code   138  inv_mpu.o(i.mpu_set_dmp_state)
    mpu_set_gyro_fsr                         0x08004c25   Thumb Code   132  inv_mpu.o(i.mpu_set_gyro_fsr)
    mpu_set_int_latched                      0x08004cad   Thumb Code   102  inv_mpu.o(i.mpu_set_int_latched)
    mpu_set_lpf                              0x08004d19   Thumb Code   126  inv_mpu.o(i.mpu_set_lpf)
    mpu_set_sample_rate                      0x08004d9d   Thumb Code   152  inv_mpu.o(i.mpu_set_sample_rate)
    mpu_set_sensors                          0x08004e39   Thumb Code   202  inv_mpu.o(i.mpu_set_sensors)
    mpu_write_mem                            0x08004f09   Thumb Code   122  inv_mpu.o(i.mpu_write_mem)
    over_flag                                0x08004f89   Thumb Code    66  pid.o(i.over_flag)
    power                                    0x08004fdd   Thumb Code    20  sys.o(i.power)
    pwxianfu                                 0x08004ff1   Thumb Code    22  motor.o(i.pwxianfu)
    right_f                                  0x08005009   Thumb Code    24  motor.o(i.right_f)
    right_z                                  0x08005025   Thumb Code    24  motor.o(i.right_z)
    run_self_test                            0x08005041   Thumb Code   148  inv_mpu.o(i.run_self_test)
    sqrt                                     0x08005165   Thumb Code    76  sqrt.o(i.sqrt)
    suduhuan                                 0x080051b1   Thumb Code   136  pid.o(i.suduhuan)
    zhilihuan                                0x08005255   Thumb Code   126  pid.o(i.zhilihuan)
    zhuanxianghuan                           0x080052f1   Thumb Code   136  pid.o(i.zhuanxianghuan)
    __aeabi_d2f                              0x0800538d   Thumb Code     0  d2f.o(x$fpl$d2f)
    _d2f                                     0x0800538d   Thumb Code    98  d2f.o(x$fpl$d2f)
    __aeabi_dadd                             0x080053f1   Thumb Code     0  daddsub_clz.o(x$fpl$dadd)
    _dadd                                    0x080053f1   Thumb Code   332  daddsub_clz.o(x$fpl$dadd)
    __fpl_dcheck_NaN1                        0x08005541   Thumb Code    10  dcheck1.o(x$fpl$dcheck1)
    __aeabi_ddiv                             0x08005551   Thumb Code     0  ddiv.o(x$fpl$ddiv)
    _ddiv                                    0x08005551   Thumb Code   552  ddiv.o(x$fpl$ddiv)
    __aeabi_dmul                             0x08005801   Thumb Code     0  dmul.o(x$fpl$dmul)
    _dmul                                    0x08005801   Thumb Code   332  dmul.o(x$fpl$dmul)
    __fpl_dnaninf                            0x08005955   Thumb Code   156  dnaninf.o(x$fpl$dnaninf)
    __fpl_dretinf                            0x080059f1   Thumb Code    12  dretinf.o(x$fpl$dretinf)
    __aeabi_drsub                            0x080059fd   Thumb Code     0  daddsub_clz.o(x$fpl$drsb)
    _drsb                                    0x080059fd   Thumb Code    22  daddsub_clz.o(x$fpl$drsb)
    _dsqrt                                   0x08005a15   Thumb Code   456  dsqrt_noumaal.o(x$fpl$dsqrt)
    __aeabi_dsub                             0x08005be1   Thumb Code     0  daddsub_clz.o(x$fpl$dsub)
    _dsub                                    0x08005be1   Thumb Code   464  daddsub_clz.o(x$fpl$dsub)
    __aeabi_f2d                              0x08005db5   Thumb Code     0  f2d.o(x$fpl$f2d)
    _f2d                                     0x08005db5   Thumb Code    86  f2d.o(x$fpl$f2d)
    __aeabi_fadd                             0x08005e0d   Thumb Code     0  faddsub_clz.o(x$fpl$fadd)
    _fadd                                    0x08005e0d   Thumb Code   196  faddsub_clz.o(x$fpl$fadd)
    __fpl_fcmp_Inf                           0x08005ed1   Thumb Code    24  fcmpi.o(x$fpl$fcmpinf)
    __aeabi_fdiv                             0x08005ee9   Thumb Code     0  fdiv.o(x$fpl$fdiv)
    _fdiv                                    0x08005ee9   Thumb Code   384  fdiv.o(x$fpl$fdiv)
    __aeabi_cfcmpeq                          0x0800606d   Thumb Code     0  feqf.o(x$fpl$feqf)
    _fcmpeq                                  0x0800606d   Thumb Code   104  feqf.o(x$fpl$feqf)
    __aeabi_f2iz                             0x080060d5   Thumb Code     0  ffix.o(x$fpl$ffix)
    _ffix                                    0x080060d5   Thumb Code    54  ffix.o(x$fpl$ffix)
    __aeabi_f2uiz                            0x0800610d   Thumb Code     0  ffixu.o(x$fpl$ffixu)
    _ffixu                                   0x0800610d   Thumb Code    62  ffixu.o(x$fpl$ffixu)
    __aeabi_i2f                              0x0800614d   Thumb Code     0  fflt_clz.o(x$fpl$fflt)
    _fflt                                    0x0800614d   Thumb Code    48  fflt_clz.o(x$fpl$fflt)
    __aeabi_ui2f                             0x0800617d   Thumb Code     0  fflt_clz.o(x$fpl$ffltu)
    _ffltu                                   0x0800617d   Thumb Code    38  fflt_clz.o(x$fpl$ffltu)
    __aeabi_cfcmple                          0x080061a5   Thumb Code     0  fleqf.o(x$fpl$fleqf)
    _fcmple                                  0x080061a5   Thumb Code   104  fleqf.o(x$fpl$fleqf)
    __fpl_fcmple_InfNaN                      0x080061f7   Thumb Code     0  fleqf.o(x$fpl$fleqf)
    __aeabi_fmul                             0x0800620d   Thumb Code     0  fmul.o(x$fpl$fmul)
    _fmul                                    0x0800620d   Thumb Code   258  fmul.o(x$fpl$fmul)
    __fpl_fnaninf                            0x0800630f   Thumb Code   140  fnaninf.o(x$fpl$fnaninf)
    __fpl_fretinf                            0x0800639b   Thumb Code    10  fretinf.o(x$fpl$fretinf)
    __aeabi_cfrcmple                         0x080063a5   Thumb Code     0  frleqf.o(x$fpl$frleqf)
    _frcmple                                 0x080063a5   Thumb Code    98  frleqf.o(x$fpl$frleqf)
    __aeabi_fsub                             0x08006409   Thumb Code     0  faddsub_clz.o(x$fpl$fsub)
    _fsub                                    0x08006409   Thumb Code   234  faddsub_clz.o(x$fpl$fsub)
    __fpl_return_NaN                         0x080064f3   Thumb Code   100  retnan.o(x$fpl$retnan)
    __ARM_scalbn                             0x08006557   Thumb Code    92  scalbn.o(x$fpl$scalbn)
    __fpl_cmpreturn                          0x080065b3   Thumb Code    48  trapv.o(x$fpl$trapveneer)
    OLED_F8x16                               0x080065e2   Data        1520  oled.o(.constdata)
    __I$use$fp                               0x080065e2   Number         0  usenofp.o(x$fpl$usenofp)
    hw                                       0x08006bd4   Data          12  inv_mpu.o(.constdata)
    reg                                      0x08006be0   Data          27  inv_mpu.o(.constdata)
    test                                     0x08006bfc   Data          40  inv_mpu.o(.constdata)
    __mathlib_zero                           0x08007908   Data           8  qnan.o(.constdata)
    Region$$Table$$Base                      0x08007910   Number         0  anon$$obj.o(Region$$Table)
    Region$$Table$$Limit                     0x08007930   Number         0  anon$$obj.o(Region$$Table)
    Bluet_Data                               0x20000014   Data           1  bluetooth.o(.data)
    Bluet_Biaozhi                            0x20000015   Data           1  bluetooth.o(.data)
    err                                      0x20000018   Data           4  pid.o(.data)
    last_err                                 0x2000001c   Data           4  pid.o(.data)
    err_sum                                  0x20000020   Data           4  pid.o(.data)
    err_difference                           0x20000024   Data           4  pid.o(.data)
    filt_velocity                            0x20000028   Data           4  pid.o(.data)
    last_filt_velocity                       0x2000002c   Data           4  pid.o(.data)
    velocity_sum                             0x20000030   Data           4  pid.o(.data)
    verr                                     0x20000034   Data           4  pid.o(.data)
    vlast_err                                0x20000038   Data           4  pid.o(.data)
    filt_aelocity                            0x2000003c   Data           4  pid.o(.data)
    last_filt_aelocity                       0x20000040   Data           4  pid.o(.data)
    aelocity_sum                             0x20000044   Data           4  pid.o(.data)
    aerr                                     0x20000048   Data           4  pid.o(.data)
    alast_err                                0x2000004c   Data           4  pid.o(.data)
    filt_jelocity                            0x20000050   Data           4  pid.o(.data)
    last_filt_jelocity                       0x20000054   Data           4  pid.o(.data)
    jelocity_sum                             0x20000058   Data           4  pid.o(.data)
    jerr                                     0x2000005c   Data           4  pid.o(.data)
    jlast_err                                0x20000060   Data           4  pid.o(.data)
    terr                                     0x20000064   Data           4  pid.o(.data)
    tlast_err                                0x20000068   Data           4  pid.o(.data)
    terr_difference                          0x2000006c   Data           4  pid.o(.data)
    Pitch                                    0x20000070   Data           4  main.o(.data)
    Roll                                     0x20000074   Data           4  main.o(.data)
    Yaw                                      0x20000078   Data           4  main.o(.data)
    ax                                       0x2000007c   Data           2  main.o(.data)
    ay                                       0x2000007e   Data           2  main.o(.data)
    az                                       0x20000080   Data           2  main.o(.data)
    gx                                       0x20000082   Data           2  main.o(.data)
    gy                                       0x20000084   Data           2  main.o(.data)
    gz                                       0x20000086   Data           2  main.o(.data)
    power_flag                               0x20000088   Data           1  main.o(.data)
    Kp                                       0x2000008c   Data           4  main.o(.data)
    Ki                                       0x20000090   Data           4  main.o(.data)
    Kd                                       0x20000094   Data           4  main.o(.data)
    VKp                                      0x20000098   Data           4  main.o(.data)
    VKi                                      0x2000009c   Data           4  main.o(.data)
    AKp                                      0x200000a0   Data           4  main.o(.data)
    AKi                                      0x200000a4   Data           4  main.o(.data)
    JKp                                      0x200000a8   Data           4  main.o(.data)
    JKi                                      0x200000ac   Data           4  main.o(.data)
    TKp                                      0x200000b0   Data           4  main.o(.data)
    TKd                                      0x200000b4   Data           4  main.o(.data)
    speed1                                   0x200000b8   Data           2  main.o(.data)
    speed2                                   0x200000ba   Data           2  main.o(.data)
    zhongzhi                                 0x200000bc   Data           4  main.o(.data)
    zllilun                                  0x200000c0   Data           4  main.o(.data)
    zlshiji                                  0x200000c4   Data           4  main.o(.data)
    sdlilun                                  0x200000c8   Data           4  main.o(.data)
    sdshiji                                  0x200000cc   Data           4  main.o(.data)
    jsdlilun                                 0x200000d0   Data           4  main.o(.data)
    jsdshiji                                 0x200000d4   Data           4  main.o(.data)
    dsdlilun                                 0x200000d8   Data           4  main.o(.data)
    dsdshiji                                 0x200000dc   Data           4  main.o(.data)
    zxlilun                                  0x200000e0   Data           4  main.o(.data)
    zxshiji                                  0x200000e4   Data           4  main.o(.data)
    keynum                                   0x200000e8   Data           1  main.o(.data)
    blsj                                     0x200000e9   Data           1  main.o(.data)
    __libspace_start                         0x20000134   Data          96  libspace.o(.bss)
    __temporary_stack_top$libspace           0x20000194   Data           0  libspace.o(.bss)



==============================================================================

Memory Map of the image

  Image Entry point : 0x080000ed

  Load Region LR_IROM1 (Base: 0x08000000, Size: 0x00007a54, Max: 0x00010000, ABSOLUTE)

    Execution Region ER_IROM1 (Exec base: 0x08000000, Load base: 0x08000000, Size: 0x00007930, Max: 0x00010000, ABSOLUTE)

    Exec Addr    Load Addr    Size         Type   Attr      Idx    E Section Name        Object

    0x08000000   0x08000000   0x000000ec   Data   RO            3    RESET               startup_stm32f10x_md.o
    0x080000ec   0x080000ec   0x00000008   Code   RO         4593  * !!!main             c_w.l(__main.o)
    0x080000f4   0x080000f4   0x00000034   Code   RO         4907    !!!scatter          c_w.l(__scatter.o)
    0x08000128   0x08000128   0x0000001a   Code   RO         4909    !!handler_copy      c_w.l(__scatter_copy.o)
    0x08000142   0x08000142   0x00000002   PAD
    0x08000144   0x08000144   0x0000001c   Code   RO         4911    !!handler_zi        c_w.l(__scatter_zi.o)
    0x08000160   0x08000160   0x00000002   Code   RO         4770    .ARM.Collect$$libinit$$00000000  c_w.l(libinit.o)
    0x08000162   0x08000162   0x00000000   Code   RO         4782    .ARM.Collect$$libinit$$00000002  c_w.l(libinit2.o)
    0x08000162   0x08000162   0x00000000   Code   RO         4784    .ARM.Collect$$libinit$$00000004  c_w.l(libinit2.o)
    0x08000162   0x08000162   0x00000000   Code   RO         4787    .ARM.Collect$$libinit$$0000000A  c_w.l(libinit2.o)
    0x08000162   0x08000162   0x00000000   Code   RO         4789    .ARM.Collect$$libinit$$0000000C  c_w.l(libinit2.o)
    0x08000162   0x08000162   0x00000000   Code   RO         4791    .ARM.Collect$$libinit$$0000000E  c_w.l(libinit2.o)
    0x08000162   0x08000162   0x00000000   Code   RO         4794    .ARM.Collect$$libinit$$00000011  c_w.l(libinit2.o)
    0x08000162   0x08000162   0x00000000   Code   RO         4796    .ARM.Collect$$libinit$$00000013  c_w.l(libinit2.o)
    0x08000162   0x08000162   0x00000000   Code   RO         4798    .ARM.Collect$$libinit$$00000015  c_w.l(libinit2.o)
    0x08000162   0x08000162   0x00000000   Code   RO         4800    .ARM.Collect$$libinit$$00000017  c_w.l(libinit2.o)
    0x08000162   0x08000162   0x00000000   Code   RO         4802    .ARM.Collect$$libinit$$00000019  c_w.l(libinit2.o)
    0x08000162   0x08000162   0x00000000   Code   RO         4804    .ARM.Collect$$libinit$$0000001B  c_w.l(libinit2.o)
    0x08000162   0x08000162   0x00000000   Code   RO         4806    .ARM.Collect$$libinit$$0000001D  c_w.l(libinit2.o)
    0x08000162   0x08000162   0x00000000   Code   RO         4808    .ARM.Collect$$libinit$$0000001F  c_w.l(libinit2.o)
    0x08000162   0x08000162   0x00000000   Code   RO         4810    .ARM.Collect$$libinit$$00000021  c_w.l(libinit2.o)
    0x08000162   0x08000162   0x00000000   Code   RO         4812    .ARM.Collect$$libinit$$00000023  c_w.l(libinit2.o)
    0x08000162   0x08000162   0x00000000   Code   RO         4814    .ARM.Collect$$libinit$$00000025  c_w.l(libinit2.o)
    0x08000162   0x08000162   0x00000000   Code   RO         4818    .ARM.Collect$$libinit$$0000002C  c_w.l(libinit2.o)
    0x08000162   0x08000162   0x00000000   Code   RO         4820    .ARM.Collect$$libinit$$0000002E  c_w.l(libinit2.o)
    0x08000162   0x08000162   0x00000000   Code   RO         4822    .ARM.Collect$$libinit$$00000030  c_w.l(libinit2.o)
    0x08000162   0x08000162   0x00000000   Code   RO         4824    .ARM.Collect$$libinit$$00000032  c_w.l(libinit2.o)
    0x08000162   0x08000162   0x00000002   Code   RO         4825    .ARM.Collect$$libinit$$00000033  c_w.l(libinit2.o)
    0x08000164   0x08000164   0x00000002   Code   RO         4857    .ARM.Collect$$libshutdown$$00000000  c_w.l(libshutdown.o)
    0x08000166   0x08000166   0x00000000   Code   RO         4874    .ARM.Collect$$libshutdown$$00000002  c_w.l(libshutdown2.o)
    0x08000166   0x08000166   0x00000000   Code   RO         4876    .ARM.Collect$$libshutdown$$00000004  c_w.l(libshutdown2.o)
    0x08000166   0x08000166   0x00000000   Code   RO         4879    .ARM.Collect$$libshutdown$$00000007  c_w.l(libshutdown2.o)
    0x08000166   0x08000166   0x00000000   Code   RO         4882    .ARM.Collect$$libshutdown$$0000000A  c_w.l(libshutdown2.o)
    0x08000166   0x08000166   0x00000000   Code   RO         4884    .ARM.Collect$$libshutdown$$0000000C  c_w.l(libshutdown2.o)
    0x08000166   0x08000166   0x00000000   Code   RO         4887    .ARM.Collect$$libshutdown$$0000000F  c_w.l(libshutdown2.o)
    0x08000166   0x08000166   0x00000002   Code   RO         4888    .ARM.Collect$$libshutdown$$00000010  c_w.l(libshutdown2.o)
    0x08000168   0x08000168   0x00000000   Code   RO         4667    .ARM.Collect$$rtentry$$00000000  c_w.l(__rtentry.o)
    0x08000168   0x08000168   0x00000000   Code   RO         4725    .ARM.Collect$$rtentry$$00000002  c_w.l(__rtentry2.o)
    0x08000168   0x08000168   0x00000006   Code   RO         4737    .ARM.Collect$$rtentry$$00000004  c_w.l(__rtentry4.o)
    0x0800016e   0x0800016e   0x00000000   Code   RO         4727    .ARM.Collect$$rtentry$$00000009  c_w.l(__rtentry2.o)
    0x0800016e   0x0800016e   0x00000004   Code   RO         4728    .ARM.Collect$$rtentry$$0000000A  c_w.l(__rtentry2.o)
    0x08000172   0x08000172   0x00000000   Code   RO         4730    .ARM.Collect$$rtentry$$0000000C  c_w.l(__rtentry2.o)
    0x08000172   0x08000172   0x00000008   Code   RO         4731    .ARM.Collect$$rtentry$$0000000D  c_w.l(__rtentry2.o)
    0x0800017a   0x0800017a   0x00000002   Code   RO         4775    .ARM.Collect$$rtexit$$00000000  c_w.l(rtexit.o)
    0x0800017c   0x0800017c   0x00000000   Code   RO         4829    .ARM.Collect$$rtexit$$00000002  c_w.l(rtexit2.o)
    0x0800017c   0x0800017c   0x00000004   Code   RO         4830    .ARM.Collect$$rtexit$$00000003  c_w.l(rtexit2.o)
    0x08000180   0x08000180   0x00000006   Code   RO         4831    .ARM.Collect$$rtexit$$00000004  c_w.l(rtexit2.o)
    0x08000186   0x08000186   0x00000002   PAD
    0x08000188   0x08000188   0x00000040   Code   RO            4    .text               startup_stm32f10x_md.o
    0x080001c8   0x080001c8   0x00000048   Code   RO         4585    .text               c_w.l(llsdiv.o)
    0x08000210   0x08000210   0x00000058   Code   RO         4587    .text               c_w.l(memcmp.o)
    0x08000268   0x08000268   0x00000010   Code   RO         4589    .text               c_w.l(aeabi_memset.o)
    0x08000278   0x08000278   0x00000006   Code   RO         4591    .text               c_w.l(heapauxi.o)
    0x0800027e   0x0800027e   0x000000ee   Code   RO         4668    .text               c_w.l(lludivv7m.o)
    0x0800036c   0x0800036c   0x00000016   Code   RO         4670    .text               c_w.l(_rserrno.o)
    0x08000382   0x08000382   0x00000044   Code   RO         4672    .text               c_w.l(rt_memclr.o)
    0x080003c6   0x080003c6   0x00000002   PAD
    0x080003c8   0x080003c8   0x00000008   Code   RO         4746    .text               c_w.l(rt_errno_addr_intlibspace.o)
    0x080003d0   0x080003d0   0x0000004e   Code   RO         4748    .text               c_w.l(rt_memclr_w.o)
    0x0800041e   0x0800041e   0x00000002   PAD
    0x08000420   0x08000420   0x00000008   Code   RO         4756    .text               c_w.l(libspace.o)
    0x08000428   0x08000428   0x0000004a   Code   RO         4759    .text               c_w.l(sys_stackheap_outer.o)
    0x08000472   0x08000472   0x00000012   Code   RO         4763    .text               c_w.l(exit.o)
    0x08000484   0x08000484   0x0000000c   Code   RO         4845    .text               c_w.l(sys_exit.o)
    0x08000490   0x08000490   0x00000002   Code   RO         4862    .text               c_w.l(use_no_semi.o)
    0x08000492   0x08000492   0x00000000   Code   RO         4864    .text               c_w.l(indicate_semi.o)
    0x08000492   0x08000492   0x00000002   PAD
    0x08000494   0x08000494   0x000000a4   Code   RO         3577    i.Bluet_Init        bluetooth.o
    0x08000538   0x08000538   0x00000004   Code   RO         3863    i.BusFault_Handler  stm32f10x_it.o
    0x0800053c   0x0800053c   0x00000002   Code   RO         3864    i.DebugMon_Handler  stm32f10x_it.o
    0x0800053e   0x0800053e   0x00000018   Code   RO         3196    i.Delay_ms          delay.o
    0x08000556   0x08000556   0x0000002e   Code   RO         3198    i.Delay_us          delay.o
    0x08000584   0x08000584   0x00000148   Code   RO         3806    i.EXTI15_10_IRQHandler  main.o
    0x080006cc   0x080006cc   0x00000074   Code   RO         3322    i.EXTI1_Init        exti.o
    0x08000740   0x08000740   0x0000000c   Code   RO          985    i.EXTI_ClearITPendingBit  stm32f10x_exti.o
    0x0800074c   0x0800074c   0x00000028   Code   RO          989    i.EXTI_GetITStatus  stm32f10x_exti.o
    0x08000774   0x08000774   0x00000094   Code   RO          990    i.EXTI_Init         stm32f10x_exti.o
    0x08000808   0x08000808   0x000000a0   Code   RO         3610    i.Encoder1_Init     encoder.o
    0x080008a8   0x080008a8   0x000000a0   Code   RO         3611    i.Encoder2_Init     encoder.o
    0x08000948   0x08000948   0x00000040   Code   RO         1344    i.GPIO_EXTILineConfig  stm32f10x_gpio.o
    0x08000988   0x08000988   0x00000116   Code   RO         1347    i.GPIO_Init         stm32f10x_gpio.o
    0x08000a9e   0x08000a9e   0x00000004   Code   RO         1354    i.GPIO_ResetBits    stm32f10x_gpio.o
    0x08000aa2   0x08000aa2   0x00000004   Code   RO         1355    i.GPIO_SetBits      stm32f10x_gpio.o
    0x08000aa6   0x08000aa6   0x0000000a   Code   RO         1358    i.GPIO_WriteBit     stm32f10x_gpio.o
    0x08000ab0   0x08000ab0   0x0000001c   Code   RO         3578    i.Get_BluetBZ       bluetooth.o
    0x08000acc   0x08000acc   0x0000000c   Code   RO         3579    i.Get_BluetSJ       bluetooth.o
    0x08000ad8   0x08000ad8   0x0000001c   Code   RO         3612    i.Get_Encoder1      encoder.o
    0x08000af4   0x08000af4   0x0000001c   Code   RO         3613    i.Get_Encoder2      encoder.o
    0x08000b10   0x08000b10   0x00000004   Code   RO         3865    i.HardFault_Handler  stm32f10x_it.o
    0x08000b14   0x08000b14   0x0000002c   Code   RO         3382    i.Ket_Init          key.o
    0x08000b40   0x08000b40   0x00000224   Code   RO         3926    i.MPU6050_DMP_Get_Data  inv_mpu.o
    0x08000d64   0x08000d64   0x00000050   Code   RO         3927    i.MPU6050_DMP_Init  inv_mpu.o
    0x08000db4   0x08000db4   0x0000002c   Code   RO         4523    i.MPU6050_IIC_IO_Init  mpu6050_i2c.o
    0x08000de0   0x08000de0   0x00000050   Code   RO         4524    i.MPU6050_IIC_Read_Ack  mpu6050_i2c.o
    0x08000e30   0x08000e30   0x00000060   Code   RO         4525    i.MPU6050_IIC_Read_Byte  mpu6050_i2c.o
    0x08000e90   0x08000e90   0x0000001c   Code   RO         4526    i.MPU6050_IIC_SDA_IO_IN  mpu6050_i2c.o
    0x08000eac   0x08000eac   0x00000018   Code   RO         4527    i.MPU6050_IIC_SDA_IO_OUT  mpu6050_i2c.o
    0x08000ec4   0x08000ec4   0x00000038   Code   RO         4528    i.MPU6050_IIC_Send_Ack  mpu6050_i2c.o
    0x08000efc   0x08000efc   0x00000064   Code   RO         4529    i.MPU6050_IIC_Send_Byte  mpu6050_i2c.o
    0x08000f60   0x08000f60   0x00000038   Code   RO         4530    i.MPU6050_IIC_Start  mpu6050_i2c.o
    0x08000f98   0x08000f98   0x0000003c   Code   RO         4531    i.MPU6050_IIC_Stop  mpu6050_i2c.o
    0x08000fd4   0x08000fd4   0x00000072   Code   RO         4445    i.MPU6050_Init      mpu6050.o
    0x08001046   0x08001046   0x00000050   Code   RO         4446    i.MPU_Get_Accelerometer  mpu6050.o
    0x08001096   0x08001096   0x00000050   Code   RO         4447    i.MPU_Get_Gyroscope  mpu6050.o
    0x080010e6   0x080010e6   0x00000012   Code   RO         4449    i.MPU_Set_Accel_Fsr  mpu6050.o
    0x080010f8   0x080010f8   0x00000012   Code   RO         4450    i.MPU_Set_Gyro_Fsr  mpu6050.o
    0x0800110a   0x0800110a   0x0000003c   Code   RO         4451    i.MPU_Set_LPF       mpu6050.o
    0x08001146   0x08001146   0x00000038   Code   RO         4452    i.MPU_Set_Rate      mpu6050.o
    0x0800117e   0x0800117e   0x00000004   Code   RO         3866    i.MemManage_Handler  stm32f10x_it.o
    0x08001182   0x08001182   0x00000002   PAD
    0x08001184   0x08001184   0x00000058   Code   RO         3640    i.Motor_Init        motor.o
    0x080011dc   0x080011dc   0x00000010   Code   RO         3641    i.Motor_off         motor.o
    0x080011ec   0x080011ec   0x000000b0   Code   RO         3241    i.My_GPIO_Init      sys.o
    0x0800129c   0x0800129c   0x00000002   Code   RO         3867    i.NMI_Handler       stm32f10x_it.o
    0x0800129e   0x0800129e   0x00000002   PAD
    0x080012a0   0x080012a0   0x00000070   Code   RO          137    i.NVIC_Init         misc.o
    0x08001310   0x08001310   0x00000014   Code   RO          138    i.NVIC_PriorityGroupConfig  misc.o
    0x08001324   0x08001324   0x0000002a   Code   RO         3403    i.OLED_Clear        oled.o
    0x0800134e   0x0800134e   0x00000002   PAD
    0x08001350   0x08001350   0x00000050   Code   RO         3404    i.OLED_I2C_Init     oled.o
    0x080013a0   0x080013a0   0x00000054   Code   RO         3405    i.OLED_I2C_SendByte  oled.o
    0x080013f4   0x080013f4   0x00000034   Code   RO         3406    i.OLED_I2C_Start    oled.o
    0x08001428   0x08001428   0x00000028   Code   RO         3407    i.OLED_I2C_Stop     oled.o
    0x08001450   0x08001450   0x000000ae   Code   RO         3408    i.OLED_Init         oled.o
    0x080014fe   0x080014fe   0x00000014   Code   RO         3409    i.OLED_Pow          oled.o
    0x08001512   0x08001512   0x00000022   Code   RO         3410    i.OLED_SetCursor    oled.o
    0x08001534   0x08001534   0x00000074   Code   RO         3412    i.OLED_ShowChar     oled.o
    0x080015a8   0x080015a8   0x00000066   Code   RO         3415    i.OLED_ShowSignedNum  oled.o
    0x0800160e   0x0800160e   0x00000028   Code   RO         3416    i.OLED_ShowString   oled.o
    0x08001636   0x08001636   0x00000020   Code   RO         3417    i.OLED_WriteCommand  oled.o
    0x08001656   0x08001656   0x00000020   Code   RO         3418    i.OLED_WriteData    oled.o
    0x08001676   0x08001676   0x00000002   PAD
    0x08001678   0x08001678   0x000000d4   Code   RO         3703    i.PWM_Init          pwm.o
    0x0800174c   0x0800174c   0x00000010   Code   RO         3704    i.PWM_Setcompare2   pwm.o
    0x0800175c   0x0800175c   0x00000010   Code   RO         3705    i.PWM_Setcompare3   pwm.o
    0x0800176c   0x0800176c   0x00000002   Code   RO         3868    i.PendSV_Handler    stm32f10x_it.o
    0x0800176e   0x0800176e   0x00000002   PAD
    0x08001770   0x08001770   0x00000020   Code   RO         1775    i.RCC_APB1PeriphClockCmd  stm32f10x_rcc.o
    0x08001790   0x08001790   0x00000020   Code   RO         1777    i.RCC_APB2PeriphClockCmd  stm32f10x_rcc.o
    0x080017b0   0x080017b0   0x000000d4   Code   RO         1785    i.RCC_GetClocksFreq  stm32f10x_rcc.o
    0x08001884   0x08001884   0x00000022   Code   RO         3642    i.SETPWM_l          motor.o
    0x080018a6   0x080018a6   0x00000022   Code   RO         3643    i.SETPWM_r          motor.o
    0x080018c8   0x080018c8   0x00000002   Code   RO         3869    i.SVC_Handler       stm32f10x_it.o
    0x080018ca   0x080018ca   0x00000008   Code   RO           10    i.SetSysClock       system_stm32f10x.o
    0x080018d2   0x080018d2   0x00000002   PAD
    0x080018d4   0x080018d4   0x000000e0   Code   RO           11    i.SetSysClockTo72   system_stm32f10x.o
    0x080019b4   0x080019b4   0x00000002   Code   RO         3870    i.SysTick_Handler   stm32f10x_it.o
    0x080019b6   0x080019b6   0x00000002   PAD
    0x080019b8   0x080019b8   0x00000060   Code   RO           13    i.SystemInit        system_stm32f10x.o
    0x08001a18   0x08001a18   0x00000080   Code   RO         2405    i.TI1_Config        stm32f10x_tim.o
    0x08001a98   0x08001a98   0x00000098   Code   RO         2406    i.TI2_Config        stm32f10x_tim.o
    0x08001b30   0x08001b30   0x00000090   Code   RO         2407    i.TI3_Config        stm32f10x_tim.o
    0x08001bc0   0x08001bc0   0x00000098   Code   RO         2408    i.TI4_Config        stm32f10x_tim.o
    0x08001c58   0x08001c58   0x00000018   Code   RO         2421    i.TIM_Cmd           stm32f10x_tim.o
    0x08001c70   0x08001c70   0x00000042   Code   RO         2430    i.TIM_EncoderInterfaceConfig  stm32f10x_tim.o
    0x08001cb2   0x08001cb2   0x00000006   Code   RO         2440    i.TIM_GetCounter    stm32f10x_tim.o
    0x08001cb8   0x08001cb8   0x000000ac   Code   RO         2444    i.TIM_ICInit        stm32f10x_tim.o
    0x08001d64   0x08001d64   0x00000012   Code   RO         2445    i.TIM_ICStructInit  stm32f10x_tim.o
    0x08001d76   0x08001d76   0x0000000c   Code   RO         2448    i.TIM_InternalClockConfig  stm32f10x_tim.o
    0x08001d82   0x08001d82   0x00000002   PAD
    0x08001d84   0x08001d84   0x000000a4   Code   RO         2455    i.TIM_OC2Init       stm32f10x_tim.o
    0x08001e28   0x08001e28   0x000000a0   Code   RO         2460    i.TIM_OC3Init       stm32f10x_tim.o
    0x08001ec8   0x08001ec8   0x00000014   Code   RO         2468    i.TIM_OCStructInit  stm32f10x_tim.o
    0x08001edc   0x08001edc   0x00000004   Code   RO         2483    i.TIM_SetCompare2   stm32f10x_tim.o
    0x08001ee0   0x08001ee0   0x00000004   Code   RO         2484    i.TIM_SetCompare3   stm32f10x_tim.o
    0x08001ee4   0x08001ee4   0x00000004   Code   RO         2486    i.TIM_SetCounter    stm32f10x_tim.o
    0x08001ee8   0x08001ee8   0x00000012   Code   RO         2487    i.TIM_SetIC1Prescaler  stm32f10x_tim.o
    0x08001efa   0x08001efa   0x0000001a   Code   RO         2488    i.TIM_SetIC2Prescaler  stm32f10x_tim.o
    0x08001f14   0x08001f14   0x00000012   Code   RO         2489    i.TIM_SetIC3Prescaler  stm32f10x_tim.o
    0x08001f26   0x08001f26   0x0000001a   Code   RO         2490    i.TIM_SetIC4Prescaler  stm32f10x_tim.o
    0x08001f40   0x08001f40   0x000000a4   Code   RO         2492    i.TIM_TimeBaseInit  stm32f10x_tim.o
    0x08001fe4   0x08001fe4   0x00000038   Code   RO         3580    i.USART2_IRQHandler  bluetooth.o
    0x0800201c   0x0800201c   0x0000001e   Code   RO         2957    i.USART_ClearITPendingBit  stm32f10x_usart.o
    0x0800203a   0x0800203a   0x00000018   Code   RO         2960    i.USART_Cmd         stm32f10x_usart.o
    0x08002052   0x08002052   0x00000054   Code   RO         2964    i.USART_GetITStatus  stm32f10x_usart.o
    0x080020a6   0x080020a6   0x0000004a   Code   RO         2966    i.USART_ITConfig    stm32f10x_usart.o
    0x080020f0   0x080020f0   0x000000d8   Code   RO         2967    i.USART_Init        stm32f10x_usart.o
    0x080021c8   0x080021c8   0x0000000a   Code   RO         2974    i.USART_ReceiveData  stm32f10x_usart.o
    0x080021d2   0x080021d2   0x00000004   Code   RO         3871    i.UsageFault_Handler  stm32f10x_it.o
    0x080021d6   0x080021d6   0x00000028   Code   RO         4711    i.__ARM_fpclassify  m_ws.l(fpclassify.o)
    0x080021fe   0x080021fe   0x000000aa   Code   RO         4713    i.__kernel_poly     m_ws.l(poly.o)
    0x080022a8   0x080022a8   0x00000006   Code   RO         4698    i.__mathlib_dbl_infnan  m_ws.l(dunder.o)
    0x080022ae   0x080022ae   0x00000004   Code   RO         4699    i.__mathlib_dbl_infnan2  m_ws.l(dunder.o)
    0x080022b2   0x080022b2   0x0000000c   Code   RO         4700    i.__mathlib_dbl_invalid  m_ws.l(dunder.o)
    0x080022be   0x080022be   0x00000002   PAD
    0x080022c0   0x080022c0   0x00000010   Code   RO         4703    i.__mathlib_dbl_underflow  m_ws.l(dunder.o)
    0x080022d0   0x080022d0   0x000000a8   Code   RO         3928    i.accel_self_test   inv_mpu.o
    0x08002378   0x08002378   0x00000270   Code   RO         4650    i.asin              m_ws.l(asin.o)
    0x080025e8   0x080025e8   0x00000220   Code   RO         4688    i.atan              m_ws.l(atan.o)
    0x08002808   0x08002808   0x00000180   Code   RO         4660    i.atan2             m_ws.l(atan2.o)
    0x08002988   0x08002988   0x00000064   Code   RO         4265    i.decode_gesture    inv_mpu_dmp_motion_driver.o
    0x080029ec   0x080029ec   0x0000000c   Code   RO         3199    i.delay_ms          delay.o
    0x080029f8   0x080029f8   0x0000000c   Code   RO         3201    i.delay_us          delay.o
    0x08002a04   0x08002a04   0x0000003c   Code   RO         4266    i.dmp_enable_6x_lp_quat  inv_mpu_dmp_motion_driver.o
    0x08002a40   0x08002a40   0x0000021c   Code   RO         4267    i.dmp_enable_feature  inv_mpu_dmp_motion_driver.o
    0x08002c5c   0x08002c5c   0x00000058   Code   RO         4268    i.dmp_enable_gyro_cal  inv_mpu_dmp_motion_driver.o
    0x08002cb4   0x08002cb4   0x0000003c   Code   RO         4269    i.dmp_enable_lp_quat  inv_mpu_dmp_motion_driver.o
    0x08002cf0   0x08002cf0   0x00000018   Code   RO         4274    i.dmp_load_motion_driver_firmware  inv_mpu_dmp_motion_driver.o
    0x08002d08   0x08002d08   0x000001c8   Code   RO         4275    i.dmp_read_fifo     inv_mpu_dmp_motion_driver.o
    0x08002ed0   0x08002ed0   0x00000130   Code   RO         4278    i.dmp_set_accel_bias  inv_mpu_dmp_motion_driver.o
    0x08003000   0x08003000   0x00000070   Code   RO         4279    i.dmp_set_fifo_rate  inv_mpu_dmp_motion_driver.o
    0x08003070   0x08003070   0x00000130   Code   RO         4280    i.dmp_set_gyro_bias  inv_mpu_dmp_motion_driver.o
    0x080031a0   0x080031a0   0x00000138   Code   RO         4282    i.dmp_set_orientation  inv_mpu_dmp_motion_driver.o
    0x080032d8   0x080032d8   0x00000038   Code   RO         4285    i.dmp_set_shake_reject_thresh  inv_mpu_dmp_motion_driver.o
    0x08003310   0x08003310   0x00000026   Code   RO         4286    i.dmp_set_shake_reject_time  inv_mpu_dmp_motion_driver.o
    0x08003336   0x08003336   0x00000026   Code   RO         4287    i.dmp_set_shake_reject_timeout  inv_mpu_dmp_motion_driver.o
    0x0800335c   0x0800335c   0x00000046   Code   RO         4288    i.dmp_set_tap_axes  inv_mpu_dmp_motion_driver.o
    0x080033a2   0x080033a2   0x00000026   Code   RO         4289    i.dmp_set_tap_count  inv_mpu_dmp_motion_driver.o
    0x080033c8   0x080033c8   0x000001a0   Code   RO         4290    i.dmp_set_tap_thresh  inv_mpu_dmp_motion_driver.o
    0x08003568   0x08003568   0x00000026   Code   RO         4291    i.dmp_set_tap_time  inv_mpu_dmp_motion_driver.o
    0x0800358e   0x0800358e   0x00000026   Code   RO         4292    i.dmp_set_tap_time_multi  inv_mpu_dmp_motion_driver.o
    0x080035b4   0x080035b4   0x000000a4   Code   RO         3728    i.dsuduhuan         pid.o
    0x08003658   0x08003658   0x000000b4   Code   RO         3929    i.get_accel_prod_shift  inv_mpu.o
    0x0800370c   0x0800370c   0x00000470   Code   RO         3931    i.get_st_biases     inv_mpu.o
    0x08003b7c   0x08003b7c   0x00000110   Code   RO         3932    i.gyro_self_test    inv_mpu.o
    0x08003c8c   0x08003c8c   0x00000028   Code   RO         3933    i.inv_orientation_matrix_to_scalar  inv_mpu.o
    0x08003cb4   0x08003cb4   0x0000004e   Code   RO         3934    i.inv_row_2_scale   inv_mpu.o
    0x08003d02   0x08003d02   0x00000002   PAD
    0x08003d04   0x08003d04   0x000000a4   Code   RO         3729    i.jsuduhuan         pid.o
    0x08003da8   0x08003da8   0x00000018   Code   RO         3644    i.left_f            motor.o
    0x08003dc0   0x08003dc0   0x00000018   Code   RO         3645    i.left_z            motor.o
    0x08003dd8   0x08003dd8   0x000001b4   Code   RO         3807    i.main              main.o
    0x08003f8c   0x08003f8c   0x0000005c   Code   RO         4453    i.mpu6050_read      mpu6050.o
    0x08003fe8   0x08003fe8   0x00000016   Code   RO         4454    i.mpu6050_read_reg  mpu6050.o
    0x08003ffe   0x08003ffe   0x00000044   Code   RO         4455    i.mpu6050_write     mpu6050.o
    0x08004042   0x08004042   0x00000012   Code   RO         4456    i.mpu6050_write_reg  mpu6050.o
    0x08004054   0x08004054   0x00000070   Code   RO         3935    i.mpu_configure_fifo  inv_mpu.o
    0x080040c4   0x080040c4   0x0000004c   Code   RO         3936    i.mpu_get_accel_fsr  inv_mpu.o
    0x08004110   0x08004110   0x00000054   Code   RO         3938    i.mpu_get_accel_sens  inv_mpu.o
    0x08004164   0x08004164   0x00000010   Code   RO         3943    i.mpu_get_fifo_config  inv_mpu.o
    0x08004174   0x08004174   0x00000044   Code   RO         3944    i.mpu_get_gyro_fsr  inv_mpu.o
    0x080041b8   0x080041b8   0x00000050   Code   RO         3946    i.mpu_get_gyro_sens  inv_mpu.o
    0x08004208   0x08004208   0x00000050   Code   RO         3948    i.mpu_get_lpf       inv_mpu.o
    0x08004258   0x08004258   0x00000020   Code   RO         3950    i.mpu_get_sample_rate  inv_mpu.o
    0x08004278   0x08004278   0x00000190   Code   RO         3952    i.mpu_init          inv_mpu.o
    0x08004408   0x08004408   0x000000b8   Code   RO         3953    i.mpu_load_firmware  inv_mpu.o
    0x080044c0   0x080044c0   0x000000e0   Code   RO         3954    i.mpu_lp_accel_mode  inv_mpu.o
    0x080045a0   0x080045a0   0x000000c0   Code   RO         3957    i.mpu_read_fifo_stream  inv_mpu.o
    0x08004660   0x08004660   0x00000080   Code   RO         3958    i.mpu_read_mem      inv_mpu.o
    0x080046e0   0x080046e0   0x000001c8   Code   RO         3961    i.mpu_reset_fifo    inv_mpu.o
    0x080048a8   0x080048a8   0x0000011c   Code   RO         3962    i.mpu_run_self_test  inv_mpu.o
    0x080049c4   0x080049c4   0x00000084   Code   RO         3964    i.mpu_set_accel_fsr  inv_mpu.o
    0x08004a48   0x08004a48   0x0000014c   Code   RO         3965    i.mpu_set_bypass    inv_mpu.o
    0x08004b94   0x08004b94   0x00000090   Code   RO         3967    i.mpu_set_dmp_state  inv_mpu.o
    0x08004c24   0x08004c24   0x00000088   Code   RO         3968    i.mpu_set_gyro_fsr  inv_mpu.o
    0x08004cac   0x08004cac   0x0000006c   Code   RO         3969    i.mpu_set_int_latched  inv_mpu.o
    0x08004d18   0x08004d18   0x00000084   Code   RO         3971    i.mpu_set_lpf       inv_mpu.o
    0x08004d9c   0x08004d9c   0x0000009c   Code   RO         3972    i.mpu_set_sample_rate  inv_mpu.o
    0x08004e38   0x08004e38   0x000000d0   Code   RO         3973    i.mpu_set_sensors   inv_mpu.o
    0x08004f08   0x08004f08   0x00000080   Code   RO         3974    i.mpu_write_mem     inv_mpu.o
    0x08004f88   0x08004f88   0x00000054   Code   RO         3730    i.over_flag         pid.o
    0x08004fdc   0x08004fdc   0x00000014   Code   RO         3244    i.power             sys.o
    0x08004ff0   0x08004ff0   0x00000016   Code   RO         3646    i.pwxianfu          motor.o
    0x08005006   0x08005006   0x00000002   PAD
    0x08005008   0x08005008   0x0000001c   Code   RO         3647    i.right_f           motor.o
    0x08005024   0x08005024   0x0000001c   Code   RO         3648    i.right_z           motor.o
    0x08005040   0x08005040   0x00000094   Code   RO         3975    i.run_self_test     inv_mpu.o
    0x080050d4   0x080050d4   0x00000090   Code   RO         3976    i.set_int_enable    inv_mpu.o
    0x08005164   0x08005164   0x0000004c   Code   RO         4717    i.sqrt              m_ws.l(sqrt.o)
    0x080051b0   0x080051b0   0x000000a4   Code   RO         3731    i.suduhuan          pid.o
    0x08005254   0x08005254   0x0000009c   Code   RO         3732    i.zhilihuan         pid.o
    0x080052f0   0x080052f0   0x0000009c   Code   RO         3733    i.zhuanxianghuan    pid.o
    0x0800538c   0x0800538c   0x00000062   Code   RO         4595    x$fpl$d2f           fz_ws.l(d2f.o)
    0x080053ee   0x080053ee   0x00000002   PAD
    0x080053f0   0x080053f0   0x00000150   Code   RO         4597    x$fpl$dadd          fz_ws.l(daddsub_clz.o)
    0x08005540   0x08005540   0x00000010   Code   RO         4750    x$fpl$dcheck1       fz_ws.l(dcheck1.o)
    0x08005550   0x08005550   0x000002b0   Code   RO         4604    x$fpl$ddiv          fz_ws.l(ddiv.o)
    0x08005800   0x08005800   0x00000154   Code   RO         4613    x$fpl$dmul          fz_ws.l(dmul.o)
    0x08005954   0x08005954   0x0000009c   Code   RO         4674    x$fpl$dnaninf       fz_ws.l(dnaninf.o)
    0x080059f0   0x080059f0   0x0000000c   Code   RO         4676    x$fpl$dretinf       fz_ws.l(dretinf.o)
    0x080059fc   0x080059fc   0x00000016   Code   RO         4598    x$fpl$drsb          fz_ws.l(daddsub_clz.o)
    0x08005a12   0x08005a12   0x00000002   PAD
    0x08005a14   0x08005a14   0x000001cc   Code   RO         4754    x$fpl$dsqrt         fz_ws.l(dsqrt_noumaal.o)
    0x08005be0   0x08005be0   0x000001d4   Code   RO         4599    x$fpl$dsub          fz_ws.l(daddsub_clz.o)
    0x08005db4   0x08005db4   0x00000056   Code   RO         4615    x$fpl$f2d           fz_ws.l(f2d.o)
    0x08005e0a   0x08005e0a   0x00000002   PAD
    0x08005e0c   0x08005e0c   0x000000c4   Code   RO         4617    x$fpl$fadd          fz_ws.l(faddsub_clz.o)
    0x08005ed0   0x08005ed0   0x00000018   Code   RO         4678    x$fpl$fcmpinf       fz_ws.l(fcmpi.o)
    0x08005ee8   0x08005ee8   0x00000184   Code   RO         4624    x$fpl$fdiv          fz_ws.l(fdiv.o)
    0x0800606c   0x0800606c   0x00000068   Code   RO         4627    x$fpl$feqf          fz_ws.l(feqf.o)
    0x080060d4   0x080060d4   0x00000036   Code   RO         4629    x$fpl$ffix          fz_ws.l(ffix.o)
    0x0800610a   0x0800610a   0x00000002   PAD
    0x0800610c   0x0800610c   0x0000003e   Code   RO         4633    x$fpl$ffixu         fz_ws.l(ffixu.o)
    0x0800614a   0x0800614a   0x00000002   PAD
    0x0800614c   0x0800614c   0x00000030   Code   RO         4638    x$fpl$fflt          fz_ws.l(fflt_clz.o)
    0x0800617c   0x0800617c   0x00000026   Code   RO         4637    x$fpl$ffltu         fz_ws.l(fflt_clz.o)
    0x080061a2   0x080061a2   0x00000002   PAD
    0x080061a4   0x080061a4   0x00000068   Code   RO         4643    x$fpl$fleqf         fz_ws.l(fleqf.o)
    0x0800620c   0x0800620c   0x00000102   Code   RO         4645    x$fpl$fmul          fz_ws.l(fmul.o)
    0x0800630e   0x0800630e   0x0000008c   Code   RO         4680    x$fpl$fnaninf       fz_ws.l(fnaninf.o)
    0x0800639a   0x0800639a   0x0000000a   Code   RO         4682    x$fpl$fretinf       fz_ws.l(fretinf.o)
    0x080063a4   0x080063a4   0x00000062   Code   RO         4647    x$fpl$frleqf        fz_ws.l(frleqf.o)
    0x08006406   0x08006406   0x00000002   PAD
    0x08006408   0x08006408   0x000000ea   Code   RO         4619    x$fpl$fsub          fz_ws.l(faddsub_clz.o)
    0x080064f2   0x080064f2   0x00000064   Code   RO         4773    x$fpl$retnan        fz_ws.l(retnan.o)
    0x08006556   0x08006556   0x0000005c   Code   RO         4684    x$fpl$scalbn        fz_ws.l(scalbn.o)
    0x080065b2   0x080065b2   0x00000030   Code   RO         4826    x$fpl$trapveneer    fz_ws.l(trapv.o)
    0x080065e2   0x080065e2   0x00000000   Code   RO         4686    x$fpl$usenofp       fz_ws.l(usenofp.o)
    0x080065e2   0x080065e2   0x000005f0   Data   RO         3419    .constdata          oled.o
    0x08006bd2   0x08006bd2   0x00000002   PAD
    0x08006bd4   0x08006bd4   0x00000050   Data   RO         3977    .constdata          inv_mpu.o
    0x08006c24   0x08006c24   0x00000bf6   Data   RO         4294    .constdata          inv_mpu_dmp_motion_driver.o
    0x0800781a   0x0800781a   0x00000006   PAD
    0x08007820   0x08007820   0x00000050   Data   RO         4651    .constdata          m_ws.l(asin.o)
    0x08007870   0x08007870   0x00000098   Data   RO         4689    .constdata          m_ws.l(atan.o)
    0x08007908   0x08007908   0x00000008   Data   RO         4715    .constdata          m_ws.l(qnan.o)
    0x08007910   0x08007910   0x00000020   Data   RO         4905    Region$$Table       anon$$obj.o


    Execution Region RW_IRAM1 (Exec base: 0x20000000, Load base: 0x08007930, Size: 0x00000798, Max: 0x00005000, ABSOLUTE)

    Exec Addr    Load Addr    Size         Type   Attr      Idx    E Section Name        Object

    0x20000000   0x08007930   0x00000014   Data   RW         1805    .data               stm32f10x_rcc.o
    0x20000014   0x08007944   0x00000002   Data   RW         3581    .data               bluetooth.o
    0x20000016   0x08007946   0x00000002   PAD
    0x20000018   0x08007948   0x00000058   Data   RW         3734    .data               pid.o
    0x20000070   0x080079a0   0x0000007a   Data   RW         3808    .data               main.o
    0x200000ea   0x08007a1a   0x00000002   PAD
    0x200000ec   0x08007a1c   0x00000035   Data   RW         3978    .data               inv_mpu.o
    0x20000121   0x08007a51   0x00000003   PAD
    0x20000124        -       0x00000010   Zero   RW         4293    .bss                inv_mpu_dmp_motion_driver.o
    0x20000134        -       0x00000060   Zero   RW         4757    .bss                c_w.l(libspace.o)
    0x20000194   0x08007a51   0x00000004   PAD
    0x20000198        -       0x00000200   Zero   RW            2    HEAP                startup_stm32f10x_md.o
    0x20000398        -       0x00000400   Zero   RW            1    STACK               startup_stm32f10x_md.o


==============================================================================

Image component sizes


      Code (inc. data)   RO Data    RW Data    ZI Data      Debug   Object Name

       260         32          0          2          0       2268   bluetooth.o
        94          0          0          0          0       1840   delay.o
       376         28          0          0          0       2218   encoder.o
       116          4          0          0          0        561   exti.o
      6686        214         80         53          0      29610   inv_mpu.o
      3092        124       3062          0         16      20010   inv_mpu_dmp_motion_driver.o
        44          4          0          0          0        455   key.o
       764        148          0        122          0       2416   main.o
       132         22          0          0          0     206863   misc.o
       298         26          0          0          0       4068   motor.o
       626          0          0          0          0       7029   mpu6050.o
       544         76          0          0          0       4852   mpu6050_i2c.o
       848         22       1520          0          0       7527   oled.o
       888        152          0         88          0       4508   pid.o
       244          6          0          0          0       1611   pwm.o
        64         26        236          0       1536        812   startup_stm32f10x_md.o
         0          0          0          0          0       1652   stm32f10x_adc.o
       200         18          0          0          0       4068   stm32f10x_exti.o
       360          4          0          0          0      12294   stm32f10x_gpio.o
        26          0          0          0          0       3694   stm32f10x_it.o
       276         32          0         20          0      12946   stm32f10x_rcc.o
      1482        170          0          0          0      33061   stm32f10x_tim.o
       438          6          0          0          0      11336   stm32f10x_usart.o
       196          4          0          0          0       3531   sys.o
       328         28          0          0          0      49673   system_stm32f10x.o

    ----------------------------------------------------------------------
     18402       1146       4938        292       1552     428903   Object Totals
         0          0         32          0          0          0   (incl. Generated)
        20          0          8          7          0          0   (incl. Padding)

    ----------------------------------------------------------------------

      Code (inc. data)   RO Data    RW Data    ZI Data      Debug   Library Member Name

         8          0          0          0          0         68   __main.o
         0          0          0          0          0          0   __rtentry.o
        12          0          0          0          0          0   __rtentry2.o
         6          0          0          0          0          0   __rtentry4.o
        52          8          0          0          0          0   __scatter.o
        26          0          0          0          0          0   __scatter_copy.o
        28          0          0          0          0          0   __scatter_zi.o
        22          0          0          0          0        100   _rserrno.o
        16          0          0          0          0         68   aeabi_memset.o
        18          0          0          0          0         80   exit.o
         6          0          0          0          0        152   heapauxi.o
         0          0          0          0          0          0   indicate_semi.o
         2          0          0          0          0          0   libinit.o
         2          0          0          0          0          0   libinit2.o
         2          0          0          0          0          0   libshutdown.o
         2          0          0          0          0          0   libshutdown2.o
         8          4          0          0         96         68   libspace.o
        72          0          0          0          0         76   llsdiv.o
       238          0          0          0          0        100   lludivv7m.o
        88          0          0          0          0         76   memcmp.o
         8          4          0          0          0         68   rt_errno_addr_intlibspace.o
        68          0          0          0          0         68   rt_memclr.o
        78          0          0          0          0         80   rt_memclr_w.o
         2          0          0          0          0          0   rtexit.o
        10          0          0          0          0          0   rtexit2.o
        12          4          0          0          0         68   sys_exit.o
        74          0          0          0          0         80   sys_stackheap_outer.o
         2          0          0          0          0         68   use_no_semi.o
        98          4          0          0          0         92   d2f.o
       826         16          0          0          0        348   daddsub_clz.o
        16          4          0          0          0         68   dcheck1.o
       688        140          0          0          0        208   ddiv.o
       340         12          0          0          0        104   dmul.o
       156          4          0          0          0         92   dnaninf.o
        12          0          0          0          0         68   dretinf.o
       460         56          0          0          0        120   dsqrt_noumaal.o
        86          4          0          0          0         84   f2d.o
       430          8          0          0          0        168   faddsub_clz.o
        24          0          0          0          0         68   fcmpi.o
       388         76          0          0          0         96   fdiv.o
       104          4          0          0          0         84   feqf.o
        54          4          0          0          0         84   ffix.o
        62          4          0          0          0         84   ffixu.o
        86          0          0          0          0        136   fflt_clz.o
       104          4          0          0          0         84   fleqf.o
       258          4          0          0          0         84   fmul.o
       140          4          0          0          0         84   fnaninf.o
        10          0          0          0          0         68   fretinf.o
        98          0          0          0          0         68   frleqf.o
       100          0          0          0          0         68   retnan.o
        92          0          0          0          0         68   scalbn.o
        48          0          0          0          0         68   trapv.o
         0          0          0          0          0          0   usenofp.o
       624         52         80          0          0        168   asin.o
       544         70        152          0          0        124   atan.o
       384         38          0          0          0        144   atan2.o
        38          6          0          0          0        272   dunder.o
        40          0          0          0          0         68   fpclassify.o
       170          0          0          0          0         96   poly.o
         0          0          8          0          0          0   qnan.o
        76          0          0          0          0         84   sqrt.o

    ----------------------------------------------------------------------
      7444        534        240          0        100       4672   Library Totals
        26          0          0          0          4          0   (incl. Padding)

    ----------------------------------------------------------------------

      Code (inc. data)   RO Data    RW Data    ZI Data      Debug   Library Name

       862         20          0          0         96       1220   c_w.l
      4680        348          0          0          0       2496   fz_ws.l
      1876        166        240          0          0        956   m_ws.l

    ----------------------------------------------------------------------
      7444        534        240          0        100       4672   Library Totals

    ----------------------------------------------------------------------

==============================================================================


      Code (inc. data)   RO Data    RW Data    ZI Data      Debug   

     25846       1680       5178        292       1652     422235   Grand Totals
     25846       1680       5178        292       1652     422235   ELF Image Totals
     25846       1680       5178        292          0          0   ROM Totals

==============================================================================

    Total RO  Size (Code + RO Data)                31024 (  30.30kB)
    Total RW  Size (RW Data + ZI Data)              1944 (   1.90kB)
    Total ROM Size (Code + RO Data + RW Data)      31316 (  30.58kB)

==============================================================================

