Component: ARM Compiler 5.06 update 5 (build 528) Tool: armlink [4d35e2]

==============================================================================

Section Cross References

    startup_stm32f10x_md.o(STACK) refers (Special) to heapauxi.o(.text) for __use_two_region_memory
    startup_stm32f10x_md.o(HEAP) refers (Special) to heapauxi.o(.text) for __use_two_region_memory
    startup_stm32f10x_md.o(RESET) refers (Special) to heapauxi.o(.text) for __use_two_region_memory
    startup_stm32f10x_md.o(RESET) refers to startup_stm32f10x_md.o(STACK) for __initial_sp
    startup_stm32f10x_md.o(RESET) refers to startup_stm32f10x_md.o(.text) for Reset_Handler
    startup_stm32f10x_md.o(RESET) refers to stm32f10x_it.o(i.NMI_Handler) for NMI_Handler
    startup_stm32f10x_md.o(RESET) refers to stm32f10x_it.o(i.HardFault_Handler) for HardFault_Handler
    startup_stm32f10x_md.o(RESET) refers to stm32f10x_it.o(i.MemManage_Handler) for MemManage_Handler
    startup_stm32f10x_md.o(RESET) refers to stm32f10x_it.o(i.BusFault_Handler) for BusFault_Handler
    startup_stm32f10x_md.o(RESET) refers to stm32f10x_it.o(i.UsageFault_Handler) for UsageFault_Handler
    startup_stm32f10x_md.o(RESET) refers to stm32f10x_it.o(i.SVC_Handler) for SVC_Handler
    startup_stm32f10x_md.o(RESET) refers to stm32f10x_it.o(i.DebugMon_Handler) for DebugMon_Handler
    startup_stm32f10x_md.o(RESET) refers to stm32f10x_it.o(i.PendSV_Handler) for PendSV_Handler
    startup_stm32f10x_md.o(RESET) refers to stm32f10x_it.o(i.SysTick_Handler) for SysTick_Handler
    startup_stm32f10x_md.o(RESET) refers to main.o(i.ADC1_2_IRQHandler) for ADC1_2_IRQHandler
    startup_stm32f10x_md.o(RESET) refers to bluetooth.o(i.USART2_IRQHandler) for USART2_IRQHandler
    startup_stm32f10x_md.o(RESET) refers to main.o(i.EXTI15_10_IRQHandler) for EXTI15_10_IRQHandler
    startup_stm32f10x_md.o(.text) refers (Special) to heapauxi.o(.text) for __use_two_region_memory
    startup_stm32f10x_md.o(.text) refers to system_stm32f10x.o(i.SystemInit) for SystemInit
    startup_stm32f10x_md.o(.text) refers to __main.o(!!!main) for __main
    startup_stm32f10x_md.o(.text) refers to startup_stm32f10x_md.o(HEAP) for Heap_Mem
    startup_stm32f10x_md.o(.text) refers to startup_stm32f10x_md.o(STACK) for Stack_Mem
    system_stm32f10x.o(i.SetSysClock) refers to system_stm32f10x.o(i.SetSysClockTo72) for SetSysClockTo72
    system_stm32f10x.o(i.SystemCoreClockUpdate) refers to system_stm32f10x.o(.data) for SystemCoreClock
    system_stm32f10x.o(i.SystemInit) refers to system_stm32f10x.o(i.SetSysClock) for SetSysClock
    stm32f10x_adc.o(i.ADC_DeInit) refers to stm32f10x_rcc.o(i.RCC_APB2PeriphResetCmd) for RCC_APB2PeriphResetCmd
    stm32f10x_bkp.o(i.BKP_DeInit) refers to stm32f10x_rcc.o(i.RCC_BackupResetCmd) for RCC_BackupResetCmd
    stm32f10x_can.o(i.CAN_DeInit) refers to stm32f10x_rcc.o(i.RCC_APB1PeriphResetCmd) for RCC_APB1PeriphResetCmd
    stm32f10x_can.o(i.CAN_GetITStatus) refers to stm32f10x_can.o(i.CheckITStatus) for CheckITStatus
    stm32f10x_cec.o(i.CEC_DeInit) refers to stm32f10x_rcc.o(i.RCC_APB1PeriphResetCmd) for RCC_APB1PeriphResetCmd
    stm32f10x_dac.o(i.DAC_DeInit) refers to stm32f10x_rcc.o(i.RCC_APB1PeriphResetCmd) for RCC_APB1PeriphResetCmd
    stm32f10x_flash.o(i.FLASH_EnableWriteProtection) refers to stm32f10x_flash.o(i.FLASH_WaitForLastOperation) for FLASH_WaitForLastOperation
    stm32f10x_flash.o(i.FLASH_EraseAllBank1Pages) refers to stm32f10x_flash.o(i.FLASH_WaitForLastBank1Operation) for FLASH_WaitForLastBank1Operation
    stm32f10x_flash.o(i.FLASH_EraseAllPages) refers to stm32f10x_flash.o(i.FLASH_WaitForLastOperation) for FLASH_WaitForLastOperation
    stm32f10x_flash.o(i.FLASH_EraseOptionBytes) refers to stm32f10x_flash.o(i.FLASH_GetReadOutProtectionStatus) for FLASH_GetReadOutProtectionStatus
    stm32f10x_flash.o(i.FLASH_EraseOptionBytes) refers to stm32f10x_flash.o(i.FLASH_WaitForLastOperation) for FLASH_WaitForLastOperation
    stm32f10x_flash.o(i.FLASH_ErasePage) refers to stm32f10x_flash.o(i.FLASH_WaitForLastOperation) for FLASH_WaitForLastOperation
    stm32f10x_flash.o(i.FLASH_ProgramHalfWord) refers to stm32f10x_flash.o(i.FLASH_WaitForLastOperation) for FLASH_WaitForLastOperation
    stm32f10x_flash.o(i.FLASH_ProgramOptionByteData) refers to stm32f10x_flash.o(i.FLASH_WaitForLastOperation) for FLASH_WaitForLastOperation
    stm32f10x_flash.o(i.FLASH_ProgramWord) refers to stm32f10x_flash.o(i.FLASH_WaitForLastOperation) for FLASH_WaitForLastOperation
    stm32f10x_flash.o(i.FLASH_ReadOutProtection) refers to stm32f10x_flash.o(i.FLASH_WaitForLastOperation) for FLASH_WaitForLastOperation
    stm32f10x_flash.o(i.FLASH_UserOptionByteConfig) refers to stm32f10x_flash.o(i.FLASH_WaitForLastOperation) for FLASH_WaitForLastOperation
    stm32f10x_flash.o(i.FLASH_WaitForLastBank1Operation) refers to stm32f10x_flash.o(i.FLASH_GetBank1Status) for FLASH_GetBank1Status
[...]
    i.mpu_set_sensors                        0x08004a34   Section        0  inv_mpu.o(i.mpu_set_sensors)
    i.mpu_write_mem                          0x08004b04   Section        0  inv_mpu.o(i.mpu_write_mem)
    i.over_flag                              0x08004b84   Section        0  pid.o(i.over_flag)
    i.power                                  0x08004bd8   Section        0  sys.o(i.power)
    i.pwxianfu                               0x08004bec   Section        0  motor.o(i.pwxianfu)
    i.right_f                                0x08004c04   Section        0  motor.o(i.right_f)
    i.right_z                                0x08004c20   Section        0  motor.o(i.right_z)
    i.run_self_test                          0x08004c3c   Section        0  inv_mpu.o(i.run_self_test)
    i.set_int_enable                         0x08004cd0   Section        0  inv_mpu.o(i.set_int_enable)
    set_int_enable                           0x08004cd1   Thumb Code   138  inv_mpu.o(i.set_int_enable)
    i.sqrt                                   0x08004d60   Section        0  sqrt.o(i.sqrt)
    i.suduhuan                               0x08004dac   Section        0  pid.o(i.suduhuan)
    i.zhilihuan                              0x08004e50   Section        0  pid.o(i.zhilihuan)
    i.zhuanxianghuan                         0x08004eec   Section        0  pid.o(i.zhuanxianghuan)
    x$fpl$d2f                                0x08004f88   Section       98  d2f.o(x$fpl$d2f)
    x$fpl$dadd                               0x08004fec   Section      336  daddsub_clz.o(x$fpl$dadd)
    _dadd1                                   0x08004ffd   Thumb Code     0  daddsub_clz.o(x$fpl$dadd)
    x$fpl$dcheck1                            0x0800513c   Section       16  dcheck1.o(x$fpl$dcheck1)
    x$fpl$ddiv                               0x0800514c   Section      688  ddiv.o(x$fpl$ddiv)
    ddiv_entry                               0x08005153   Thumb Code     0  ddiv.o(x$fpl$ddiv)
    x$fpl$dmul                               0x080053fc   Section      340  dmul.o(x$fpl$dmul)
    x$fpl$dnaninf                            0x08005550   Section      156  dnaninf.o(x$fpl$dnaninf)
    x$fpl$dretinf                            0x080055ec   Section       12  dretinf.o(x$fpl$dretinf)
    x$fpl$drsb                               0x080055f8   Section       22  daddsub_clz.o(x$fpl$drsb)
    x$fpl$dsqrt                              0x08005610   Section      460  dsqrt_noumaal.o(x$fpl$dsqrt)
    x$fpl$dsub                               0x080057dc   Section      468  daddsub_clz.o(x$fpl$dsub)
    _dsub1                                   0x080057ed   Thumb Code     0  daddsub_clz.o(x$fpl$dsub)
    x$fpl$f2d                                0x080059b0   Section       86  f2d.o(x$fpl$f2d)
    x$fpl$fadd                               0x08005a08   Section      196  faddsub_clz.o(x$fpl$fadd)
    _fadd1                                   0x08005a17   Thumb Code     0  faddsub_clz.o(x$fpl$fadd)
    x$fpl$fcmpinf                            0x08005acc   Section       24  fcmpi.o(x$fpl$fcmpinf)
    x$fpl$fdiv                               0x08005ae4   Section      388  fdiv.o(x$fpl$fdiv)
    _fdiv1                                   0x08005ae5   Thumb Code     0  fdiv.o(x$fpl$fdiv)
    x$fpl$feqf                               0x08005c68   Section      104  feqf.o(x$fpl$feqf)
    x$fpl$ffix                               0x08005cd0   Section       54  ffix.o(x$fpl$ffix)
    x$fpl$ffixu                              0x08005d08   Section       62  ffixu.o(x$fpl$ffixu)
    x$fpl$fflt                               0x08005d48   Section       48  fflt_clz.o(x$fpl$fflt)
    x$fpl$ffltu                              0x08005d78   Section       38  fflt_clz.o(x$fpl$ffltu)
    x$fpl$fleqf                              0x08005da0   Section      104  fleqf.o(x$fpl$fleqf)
    x$fpl$fmul                               0x08005e08   Section      258  fmul.o(x$fpl$fmul)
    x$fpl$fnaninf                            0x08005f0a   Section      140  fnaninf.o(x$fpl$fnaninf)
    x$fpl$fretinf                            0x08005f96   Section       10  fretinf.o(x$fpl$fretinf)
    x$fpl$frleqf                             0x08005fa0   Section       98  frleqf.o(x$fpl$frleqf)
    x$fpl$fsub                               0x08006004   Section      234  faddsub_clz.o(x$fpl$fsub)
    _fsub1                                   0x08006013   Thumb Code     0  faddsub_clz.o(x$fpl$fsub)
    x$fpl$retnan                             0x080060ee   Section      100  retnan.o(x$fpl$retnan)
    x$fpl$scalbn                             0x08006152   Section       92  scalbn.o(x$fpl$scalbn)
    x$fpl$trapveneer                         0x080061ae   Section       48  trapv.o(x$fpl$trapveneer)
    .constdata                               0x080061de   Section     1520  oled.o(.constdata)
    x$fpl$usenofp                            0x080061de   Section        0  usenofp.o(x$fpl$usenofp)
    .constdata                               0x080067d0   Section       80  inv_mpu.o(.constdata)
    .constdata                               0x08006820   Section     3062  inv_mpu_dmp_motion_driver.o(.constdata)
    dmp_memory                               0x08006820   Data        3062  inv_mpu_dmp_motion_driver.o(.constdata)
    .constdata                               0x08007418   Section       80  asin.o(.constdata)
    pS                                       0x08007418   Data          48  asin.o(.constdata)
    qS                                       0x08007448   Data          32  asin.o(.constdata)
    .constdata                               0x08007468   Section      152  atan.o(.constdata)
    atanhi                                   0x08007468   Data          32  atan.o(.constdata)
    atanlo                                   0x08007488   Data          32  atan.o(.constdata)
    aTodd                                    0x080074a8   Data          40  atan.o(.constdata)
    aTeven                                   0x080074d0   Data          48  atan.o(.constdata)
    .constdata                               0x08007500   Section        8  qnan.o(.constdata)
    .data                                    0x20000000   Section        2  bluetooth.o(.data)
    .data                                    0x20000004   Section       48  pid.o(.data)
    .data                                    0x20000034   Section      100  main.o(.data)
    .data                                    0x20000098   Section       53  inv_mpu.o(.data)
    st                                       0x20000098   Data          44  inv_mpu.o(.data)
    gyro_orientation                         0x200000c4   Data           9  inv_mpu.o(.data)
    .bss                                     0x200000d0   Section       16  inv_mpu_dmp_motion_driver.o(.bss)
    dmp                                      0x200000d0   Data          16  inv_mpu_dmp_motion_driver.o(.bss)
    .bss                                     0x200000e0   Section       96  libspace.o(.bss)
    HEAP                                     0x20000140   Section      512  startup_stm32f10x_md.o(HEAP)
    Heap_Mem                                 0x20000140   Data         512  startup_stm32f10x_md.o(HEAP)
    STACK                                    0x20000340   Section     1024  startup_stm32f10x_md.o(STACK)
    Stack_Mem                                0x20000340   Data        1024  startup_stm32f10x_md.o(STACK)
    __initial_sp                             0x20000740   Data           0  startup_stm32f10x_md.o(STACK)

    Global Symbols

    Symbol Name                              Value     Ov Type        Size  Object(Section)

    BuildAttributes$$THM_ISAv4$P$D$K$B$S$PE$A:L22UL41UL21$X:L11$S22US41US21$IEEE1$IW$USESV6$~STKCKD$USESV7$~SHL$OTIME$ROPI$IEEEX$EBA8$UX$STANDARDLIB$REQ8$PRES8$EABIv2 0x00000000   Number         0  anon$$obj.o ABSOLUTE
    __ARM_use_no_argv                        0x00000000   Number         0  main.o ABSOLUTE
    __ARM_exceptions_init                     - Undefined Weak Reference
    __alloca_initialize                       - Undefined Weak Reference
    __arm_preinit_                            - Undefined Weak Reference
    __cpp_initialize__aeabi_                  - Undefined Weak Reference
    __cxa_finalize                            - Undefined Weak Reference
    __rt_locale                               - Undefined Weak Reference
    __sigvec_lookup                           - Undefined Weak Reference
    _atexit_init                              - Undefined Weak Reference
    _call_atexit_fns                          - Undefined Weak Reference
    _clock_init                               - Undefined Weak Reference
    _fp_trap_init                             - Undefined Weak Reference
    _fp_trap_shutdown                         - Undefined Weak Reference
    _get_lc_collate                           - Undefined Weak Reference
    _get_lc_ctype                             - Undefined Weak Reference
    _get_lc_monetary                          - Undefined Weak Reference
    _get_lc_numeric                           - Undefined Weak Reference
    _get_lc_time                              - Undefined Weak Reference
    _getenv_init                              - Undefined Weak Reference
    _handle_redirection                       - Undefined Weak Reference
    _init_alloc                               - Undefined Weak Reference
    _init_user_alloc                          - Undefined Weak Reference
    _initio                                   - Undefined Weak Reference
    _rand_init                                - Undefined Weak Reference
    _signal_finish                            - Undefined Weak Reference
    _signal_init                              - Undefined Weak Reference
    _terminate_alloc                          - Undefined Weak Reference
    _terminate_user_alloc                     - Undefined Weak Reference
    _terminateio                              - Undefined Weak Reference
    __Vectors_Size                           0x000000ec   Number         0  startup_stm32f10x_md.o ABSOLUTE
    __Vectors                                0x08000000   Data           4  startup_stm32f10x_md.o(RESET)
    __Vectors_End                            0x080000ec   Data           0  startup_stm32f10x_md.o(RESET)
    __main                                   0x080000ed   Thumb Code     8  __main.o(!!!main)
    __scatterload                            0x080000f5   Thumb Code     0  __scatter.o(!!!scatter)
    __scatterload_rt2                        0x080000f5   Thumb Code    44  __scatter.o(!!!scatter)
    __scatterload_rt2_thumb_only             0x080000f5   Thumb Code     0  __scatter.o(!!!scatter)
    __scatterload_null                       0x08000103   Thumb Code     0  __scatter.o(!!!scatter)
    __scatterload_copy                       0x08000129   Thumb Code    26  __scatter_copy.o(!!handler_copy)
    __scatterload_zeroinit                   0x08000145   Thumb Code    28  __scatter_zi.o(!!handler_zi)
    __rt_lib_init                            0x08000161   Thumb Code     0  libinit.o(.ARM.Collect$$libinit$$00000000)
    __rt_lib_init_alloca_1                   0x08000163   Thumb Code     0  libinit2.o(.ARM.Collect$$libinit$$0000002E)
    __rt_lib_init_argv_1                     0x08000163   Thumb Code     0  libinit2.o(.ARM.Collect$$libinit$$0000002C)
    __rt_lib_init_atexit_1                   0x08000163   Thumb Code     0  libinit2.o(.ARM.Collect$$libinit$$0000001B)
    __rt_lib_init_clock_1                    0x08000163   Thumb Code     0  libinit2.o(.ARM.Collect$$libinit$$00000021)
    __rt_lib_init_cpp_1                      0x08000163   Thumb Code     0  libinit2.o(.ARM.Collect$$libinit$$00000032)
    __rt_lib_init_exceptions_1               0x08000163   Thumb Code     0  libinit2.o(.ARM.Collect$$libinit$$00000030)
    __rt_lib_init_fp_1                       0x08000163   Thumb Code     0  libinit2.o(.ARM.Collect$$libinit$$00000002)
    __rt_lib_init_fp_trap_1                  0x08000163   Thumb Code     0  libinit2.o(.ARM.Collect$$libinit$$0000001F)
    __rt_lib_init_getenv_1                   0x08000163   Thumb Code     0  libinit2.o(.ARM.Collect$$libinit$$00000023)
    __rt_lib_init_heap_1                     0x08000163   Thumb Code     0  libinit2.o(.ARM.Collect$$libinit$$0000000A)
    __rt_lib_init_lc_collate_1               0x08000163   Thumb Code     0  libinit2.o(.ARM.Collect$$libinit$$00000011)
    __rt_lib_init_lc_ctype_1                 0x08000163   Thumb Code     0  libinit2.o(.ARM.Collect$$libinit$$00000013)
    __rt_lib_init_lc_monetary_1              0x08000163   Thumb Code     0  libinit2.o(.ARM.Collect$$libinit$$00000015)
    __rt_lib_init_lc_numeric_1               0x08000163   Thumb Code     0  libinit2.o(.ARM.Collect$$libinit$$00000017)
    __rt_lib_init_lc_time_1                  0x08000163   Thumb Code     0  libinit2.o(.ARM.Collect$$libinit$$00000019)
    __rt_lib_init_preinit_1                  0x08000163   Thumb Code     0  libinit2.o(.ARM.Collect$$libinit$$00000004)
    __rt_lib_init_rand_1                     0x08000163   Thumb Code     0  libinit2.o(.ARM.Collect$$libinit$$0000000E)
    __rt_lib_init_return                     0x08000163   Thumb Code     0  libinit2.o(.ARM.Collect$$libinit$$00000033)
    __rt_lib_init_signal_1                   0x08000163   Thumb Code     0  libinit2.o(.ARM.Collect$$libinit$$0000001D)
    __rt_lib_init_stdio_1                    0x08000163   Thumb Code     0  libinit2.o(.ARM.Collect$$libinit$$00000025)
    __rt_lib_init_user_alloc_1               0x08000163   Thumb Code     0  libinit2.o(.ARM.Collect$$libinit$$0000000C)
    __rt_lib_shutdown                        0x08000165   Thumb Code     0  libshutdown.o(.ARM.Collect$$libshutdown$$00000000)
    __rt_lib_shutdown_cpp_1                  0x08000167   Thumb Code     0  libshutdown2.o(.ARM.Collect$$libshutdown$$00000002)
    __rt_lib_shutdown_fp_trap_1              0x08000167   Thumb Code     0  libshutdown2.o(.ARM.Collect$$libshutdown$$00000007)
    __rt_lib_shutdown_heap_1                 0x08000167   Thumb Code     0  libshutdown2.o(.ARM.Collect$$libshutdown$$0000000F)
    __rt_lib_shutdown_return                 0x08000167   Thumb Code     0  libshutdown2.o(.ARM.Collect$$libshutdown$$00000010)
    __rt_lib_shutdown_signal_1               0x08000167   Thumb Code     0  libshutdown2.o(.ARM.Collect$$libshutdown$$0000000A)
    __rt_lib_shutdown_stdio_1                0x08000167   Thumb Code     0  libshutdown2.o(.ARM.Collect$$libshutdown$$00000004)
    __rt_lib_shutdown_user_alloc_1           0x08000167   Thumb Code     0  libshutdown2.o(.ARM.Collect$$libshutdown$$0000000C)
    __rt_entry                               0x08000169   Thumb Code     0  __rtentry.o(.ARM.Collect$$rtentry$$00000000)
    __rt_entry_presh_1                       0x08000169   Thumb Code     0  __rtentry2.o(.ARM.Collect$$rtentry$$00000002)
    __rt_entry_sh                            0x08000169   Thumb Code     0  __rtentry4.o(.ARM.Collect$$rtentry$$00000004)
    __rt_entry_li                            0x0800016f   Thumb Code     0  __rtentry2.o(.ARM.Collect$$rtentry$$0000000A)
    __rt_entry_postsh_1                      0x0800016f   Thumb Code     0  __rtentry2.o(.ARM.Collect$$rtentry$$00000009)
    __rt_entry_main                          0x08000173   Thumb Code     0  __rtentry2.o(.ARM.Collect$$rtentry$$0000000D)
    __rt_entry_postli_1                      0x08000173   Thumb Code     0  __rtentry2.o(.ARM.Collect$$rtentry$$0000000C)
    __rt_exit                                0x0800017b   Thumb Code     0  rtexit.o(.ARM.Collect$$rtexit$$00000000)
    __rt_exit_ls                             0x0800017d   Thumb Code     0  rtexit2.o(.ARM.Collect$$rtexit$$00000003)
    __rt_exit_prels_1                        0x0800017d   Thumb Code     0  rtexit2.o(.ARM.Collect$$rtexit$$00000002)
    __rt_exit_exit                           0x08000181   Thumb Code     0  rtexit2.o(.ARM.Collect$$rtexit$$00000004)
    Reset_Handler                            0x08000189   Thumb Code     8  startup_stm32f10x_md.o(.text)
    CAN1_RX1_IRQHandler                      0x080001a3   Thumb Code     0  startup_stm32f10x_md.o(.text)
    CAN1_SCE_IRQHandler                      0x080001a3   Thumb Code     0  startup_stm32f10x_md.o(.text)
    DMA1_Channel1_IRQHandler                 0x080001a3   Thumb Code     0  startup_stm32f10x_md.o(.text)
    DMA1_Channel2_IRQHandler                 0x080001a3   Thumb Code     0  startup_stm32f10x_md.o(.text)
    DMA1_Channel3_IRQHandler                 0x080001a3   Thumb Code     0  startup_stm32f10x_md.o(.text)
    DMA1_Channel4_IRQHandler                 0x080001a3   Thumb Code     0  startup_stm32f10x_md.o(.text)
    DMA1_Channel5_IRQHandler                 0x080001a3   Thumb Code     0  startup_stm32f10x_md.o(.text)
    DMA1_Channel6_IRQHandler                 0x080001a3   Thumb Code     0  startup_stm32f10x_md.o(.text)
    DMA1_Channel7_IRQHandler                 0x080001a3   Thumb Code     0  startup_stm32f10x_md.o(.text)
    EXTI0_IRQHandler                         0x080001a3   Thumb Code     0  startup_stm32f10x_md.o(.text)
    EXTI1_IRQHandler                         0x080001a3   Thumb Code     0  startup_stm32f10x_md.o(.text)
    EXTI2_IRQHandler                         0x080001a3   Thumb Code     0  startup_stm32f10x_md.o(.text)
    EXTI3_IRQHandler                         0x080001a3   Thumb Code     0  startup_stm32f10x_md.o(.text)
    EXTI4_IRQHandler                         0x080001a3   Thumb Code     0  startup_stm32f10x_md.o(.text)
    EXTI9_5_IRQHandler                       0x080001a3   Thumb Code     0  startup_stm32f10x_md.o(.text)
    FLASH_IRQHandler                         0x080001a3   Thumb Code     0  startup_stm32f10x_md.o(.text)
    I2C1_ER_IRQHandler                       0x080001a3   Thumb Code     0  startup_stm32f10x_md.o(.text)
    I2C1_EV_IRQHandler                       0x080001a3   Thumb Code     0  startup_stm32f10x_md.o(.text)
    I2C2_ER_IRQHandler                       0x080001a3   Thumb Code     0  startup_stm32f10x_md.o(.text)
    I2C2_EV_IRQHandler                       0x080001a3   Thumb Code     0  startup_stm32f10x_md.o(.text)
    PVD_IRQHandler                           0x080001a3   Thumb Code     0  startup_stm32f10x_md.o(.text)
    RCC_IRQHandler                           0x080001a3   Thumb Code     0  startup_stm32f10x_md.o(.text)
    RTCAlarm_IRQHandler                      0x080001a3   Thumb Code     0  startup_stm32f10x_md.o(.text)
    RTC_IRQHandler                           0x080001a3   Thumb Code     0  startup_stm32f10x_md.o(.text)
    SPI1_IRQHandler                          0x080001a3   Thumb Code     0  startup_stm32f10x_md.o(.text)
    SPI2_IRQHandler                          0x080001a3   Thumb Code     0  startup_stm32f10x_md.o(.text)
    TAMPER_IRQHandler                        0x080001a3   Thumb Code     0  startup_stm32f10x_md.o(.text)
    TIM1_BRK_IRQHandler                      0x080001a3   Thumb Code     0  startup_stm32f10x_md.o(.text)
    TIM1_CC_IRQHandler                       0x080001a3   Thumb Code     0  startup_stm32f10x_md.o(.text)
    TIM1_TRG_COM_IRQHandler                  0x080001a3   Thumb Code     0  startup_stm32f10x_md.o(.text)
    TIM1_UP_IRQHandler                       0x080001a3   Thumb Code     0  startup_stm32f10x_md.o(.text)
    TIM2_IRQHandler                          0x080001a3   Thumb Code     0  startup_stm32f10x_md.o(.text)
    TIM3_IRQHandler                          0x080001a3   Thumb Code     0  startup_stm32f10x_md.o(.text)
    TIM4_IRQHandler                          0x080001a3   Thumb Code     0  startup_stm32f10x_md.o(.text)
    USART1_IRQHandler                        0x080001a3   Thumb Code     0  startup_stm32f10x_md.o(.text)
    USART3_IRQHandler                        0x080001a3   Thumb Code     0  startup_stm32f10x_md.o(.text)
    USBWakeUp_IRQHandler                     0x080001a3   Thumb Code     0  startup_stm32f10x_md.o(.text)
    USB_HP_CAN1_TX_IRQHandler                0x080001a3   Thumb Code     0  startup_stm32f10x_md.o(.text)
    USB_LP_CAN1_RX0_IRQHandler               0x080001a3   Thumb Code     0  startup_stm32f10x_md.o(.text)
    WWDG_IRQHandler                          0x080001a3   Thumb Code     0  startup_stm32f10x_md.o(.text)
    __user_initial_stackheap                 0x080001a5   Thumb Code     0  startup_stm32f10x_md.o(.text)
    __aeabi_ldivmod                          0x080001c9   Thumb Code     0  llsdiv.o(.text)
    _ll_sdiv                                 0x080001c9   Thumb Code    72  llsdiv.o(.text)
    memcmp                                   0x08000211   Thumb Code    88  memcmp.o(.text)
    __aeabi_memset                           0x08000269   Thumb Code    16  aeabi_memset.o(.text)
    __use_two_region_memory                  0x08000279   Thumb Code     2  heapauxi.o(.text)
    __rt_heap_escrow$2region                 0x0800027b   Thumb Code     2  heapauxi.o(.text)
    __rt_heap_expand$2region                 0x0800027d   Thumb Code     2  heapauxi.o(.text)
    __aeabi_uldivmod                         0x0800027f   Thumb Code     0  lludivv7m.o(.text)
    _ll_udiv                                 0x0800027f   Thumb Code   238  lludivv7m.o(.text)
    __read_errno                             0x0800036d   Thumb Code    10  _rserrno.o(.text)
    __set_errno                              0x08000377   Thumb Code    12  _rserrno.o(.text)
    __aeabi_memclr                           0x08000383   Thumb Code     0  rt_memclr.o(.text)
    __rt_memclr                              0x08000383   Thumb Code    68  rt_memclr.o(.text)
    _memset                                  0x08000387   Thumb Code     0  rt_memclr.o(.text)
    __aeabi_errno_addr                       0x080003c9   Thumb Code     8  rt_errno_addr_intlibspace.o(.text)
    __errno$intlibspace                      0x080003c9   Thumb Code     0  rt_errno_addr_intlibspace.o(.text)
    __rt_errno_addr$intlibspace              0x080003c9   Thumb Code     0  rt_errno_addr_intlibspace.o(.text)
    __aeabi_memclr4                          0x080003d1   Thumb Code     0  rt_memclr_w.o(.text)
    __aeabi_memclr8                          0x080003d1   Thumb Code     0  rt_memclr_w.o(.text)
    __rt_memclr_w                            0x080003d1   Thumb Code    78  rt_memclr_w.o(.text)
    _memset_w                                0x080003d5   Thumb Code     0  rt_memclr_w.o(.text)
    __user_libspace                          0x08000421   Thumb Code     8  libspace.o(.text)
    __user_perproc_libspace                  0x08000421   Thumb Code     0  libspace.o(.text)
    __user_perthread_libspace                0x08000421   Thumb Code     0  libspace.o(.text)
    __user_setup_stackheap                   0x08000429   Thumb Code    74  sys_stackheap_outer.o(.text)
    exit                                     0x08000473   Thumb Code    18  exit.o(.text)
    _sys_exit                                0x08000485   Thumb Code     8  sys_exit.o(.text)
    __I$use$semihosting                      0x08000491   Thumb Code     0  use_no_semi.o(.text)
    __use_no_semihosting_swi                 0x08000491   Thumb Code     2  use_no_semi.o(.text)
    __semihosting_library_function           0x08000493   Thumb Code     0  indicate_semi.o(.text)
    ADC1_2_IRQHandler                        0x08000495   Thumb Code    34  main.o(i.ADC1_2_IRQHandler)
    ADC_AnalogWatchdogCmd                    0x080004c1   Thumb Code    16  stm32f10x_adc.o(i.ADC_AnalogWatchdogCmd)
    ADC_AnalogWatchdogSingleChannelConfig    0x080004d5   Thumb Code    16  stm32f10x_adc.o(i.ADC_AnalogWatchdogSingleChannelConfig)
    ADC_AnalogWatchdogThresholdsConfig       0x080004e5   Thumb Code     6  stm32f10x_adc.o(i.ADC_AnalogWatchdogThresholdsConfig)
    ADC_ClearFlag                            0x080004eb   Thumb Code     6  stm32f10x_adc.o(i.ADC_ClearFlag)
    ADC_Cmd                                  0x080004f1   Thumb Code    22  stm32f10x_adc.o(i.ADC_Cmd)
    ADC_GetCalibrationStatus                 0x08000507   Thumb Code    20  stm32f10x_adc.o(i.ADC_GetCalibrationStatus)
    ADC_GetConversionValue                   0x0800051b   Thumb Code     8  stm32f10x_adc.o(i.ADC_GetConversionValue)
    ADC_GetFlagStatus                        0x08000523   Thumb Code    18  stm32f10x_adc.o(i.ADC_GetFlagStatus)
    ADC_GetResetCalibrationStatus            0x08000535   Thumb Code    20  stm32f10x_adc.o(i.ADC_GetResetCalibrationStatus)
    ADC_ITConfig                             0x08000549   Thumb Code    24  stm32f10x_adc.o(i.ADC_ITConfig)
    ADC_Init                                 0x08000561   Thumb Code    70  stm32f10x_adc.o(i.ADC_Init)
    ADC_RegularChannelConfig                 0x080005b1   Thumb Code   184  stm32f10x_adc.o(i.ADC_RegularChannelConfig)
    ADC_ResetCalibration                     0x08000669   Thumb Code    10  stm32f10x_adc.o(i.ADC_ResetCalibration)
    ADC_SoftwareStartConvCmd                 0x08000673   Thumb Code    22  stm32f10x_adc.o(i.ADC_SoftwareStartConvCmd)
    ADC_StartCalibration                     0x08000689   Thumb Code    10  stm32f10x_adc.o(i.ADC_StartCalibration)
    AD_Init                                  0x08000695   Thumb Code   226  ad.o(i.AD_Init)
    AD_Read                                  0x08000785   Thumb Code    10  ad.o(i.AD_Read)
    BUZZER_Init                              0x08000795   Thumb Code    38  buzzer.o(i.BUZZER_Init)
    BUZZER_on                                0x080007c1   Thumb Code    12  buzzer.o(i.BUZZER_on)
    BusFault_Handler                         0x080007d1   Thumb Code     4  stm32f10x_it.o(i.BusFault_Handler)
    DebugMon_Handler                         0x080007d5   Thumb Code     2  stm32f10x_it.o(i.DebugMon_Handler)
    Delay_ms                                 0x080007d7   Thumb Code    24  delay.o(i.Delay_ms)
    Delay_us                                 0x080007ef   Thumb Code    46  delay.o(i.Delay_us)
    EXTI15_10_IRQHandler                     0x0800081d   Thumb Code   196  main.o(i.EXTI15_10_IRQHandler)
    EXTI1_Init                               0x08000919   Thumb Code   112  exti.o(i.EXTI1_Init)
    EXTI_ClearITPendingBit                   0x0800098d   Thumb Code     6  stm32f10x_exti.o(i.EXTI_ClearITPendingBit)
    EXTI_GetITStatus                         0x08000999   Thumb Code    34  stm32f10x_exti.o(i.EXTI_GetITStatus)
    EXTI_Init                                0x080009c1   Thumb Code   142  stm32f10x_exti.o(i.EXTI_Init)
    Encoder1_Init                            0x08000a55   Thumb Code   152  encoder.o(i.Encoder1_Init)
    Encoder2_Init                            0x08000af5   Thumb Code   152  encoder.o(i.Encoder2_Init)
    GPIO_EXTILineConfig                      0x08000b95   Thumb Code    60  stm32f10x_gpio.o(i.GPIO_EXTILineConfig)
    GPIO_Init                                0x08000bd5   Thumb Code   278  stm32f10x_gpio.o(i.GPIO_Init)
    GPIO_ResetBits                           0x08000ceb   Thumb Code     4  stm32f10x_gpio.o(i.GPIO_ResetBits)
    GPIO_SetBits                             0x08000cef   Thumb Code     4  stm32f10x_gpio.o(i.GPIO_SetBits)
    GPIO_WriteBit                            0x08000cf3   Thumb Code    10  stm32f10x_gpio.o(i.GPIO_WriteBit)
    Get_Encoder1                             0x08000cfd   Thumb Code    22  encoder.o(i.Get_Encoder1)
    Get_Encoder2                             0x08000d19   Thumb Code    22  encoder.o(i.Get_Encoder2)
    HardFault_Handler                        0x08000d35   Thumb Code     4  stm32f10x_it.o(i.HardFault_Handler)
    MPU6050_DMP_Get_Data                     0x08000d39   Thumb Code   544  inv_mpu.o(i.MPU6050_DMP_Get_Data)
    MPU6050_DMP_Init                         0x08000f5d   Thumb Code    74  inv_mpu.o(i.MPU6050_DMP_Init)
    MPU6050_IIC_IO_Init                      0x08000fad   Thumb Code    32  mpu6050_i2c.o(i.MPU6050_IIC_IO_Init)
    MPU6050_IIC_Read_Ack                     0x08000fd9   Thumb Code    72  mpu6050_i2c.o(i.MPU6050_IIC_Read_Ack)
    MPU6050_IIC_Read_Byte                    0x08001029   Thumb Code    86  mpu6050_i2c.o(i.MPU6050_IIC_Read_Byte)
    MPU6050_IIC_SDA_IO_IN                    0x08001089   Thumb Code    22  mpu6050_i2c.o(i.MPU6050_IIC_SDA_IO_IN)
    MPU6050_IIC_SDA_IO_OUT                   0x080010a5   Thumb Code    20  mpu6050_i2c.o(i.MPU6050_IIC_SDA_IO_OUT)
    MPU6050_IIC_Send_Ack                     0x080010bd   Thumb Code    48  mpu6050_i2c.o(i.MPU6050_IIC_Send_Ack)
    MPU6050_IIC_Send_Byte                    0x080010f5   Thumb Code    90  mpu6050_i2c.o(i.MPU6050_IIC_Send_Byte)
    MPU6050_IIC_Start                        0x08001159   Thumb Code    46  mpu6050_i2c.o(i.MPU6050_IIC_Start)
    MPU6050_IIC_Stop                         0x08001191   Thumb Code    52  mpu6050_i2c.o(i.MPU6050_IIC_Stop)
    MPU6050_Init                             0x080011cd   Thumb Code   114  mpu6050.o(i.MPU6050_Init)
    MPU_Get_Gyroscope                        0x0800123f   Thumb Code    80  mpu6050.o(i.MPU_Get_Gyroscope)
    MPU_Set_Accel_Fsr                        0x0800128f   Thumb Code    18  mpu6050.o(i.MPU_Set_Accel_Fsr)
    MPU_Set_Gyro_Fsr                         0x080012a1   Thumb Code    18  mpu6050.o(i.MPU_Set_Gyro_Fsr)
    MPU_Set_LPF                              0x080012b3   Thumb Code    60  mpu6050.o(i.MPU_Set_LPF)
    MPU_Set_Rate                             0x080012ef   Thumb Code    56  mpu6050.o(i.MPU_Set_Rate)
    MemManage_Handler                        0x08001327   Thumb Code     4  stm32f10x_it.o(i.MemManage_Handler)
    Motor_off                                0x0800132b   Thumb Code    16  motor.o(i.Motor_off)
    My_GPIO_Init                             0x0800133d   Thumb Code   172  sys.o(i.My_GPIO_Init)
    NMI_Handler                              0x080013ed   Thumb Code     2  stm32f10x_it.o(i.NMI_Handler)
    NVIC_Init                                0x080013f1   Thumb Code   100  misc.o(i.NVIC_Init)
    NVIC_PriorityGroupConfig                 0x08001461   Thumb Code    10  misc.o(i.NVIC_PriorityGroupConfig)
    OLED_Clear                               0x08001475   Thumb Code    42  oled.o(i.OLED_Clear)
    OLED_I2C_Init                            0x080014a1   Thumb Code    76  oled.o(i.OLED_I2C_Init)
    OLED_I2C_SendByte                        0x080014f1   Thumb Code    80  oled.o(i.OLED_I2C_SendByte)
    OLED_I2C_Start                           0x08001545   Thumb Code    48  oled.o(i.OLED_I2C_Start)
    OLED_I2C_Stop                            0x08001579   Thumb Code    36  oled.o(i.OLED_I2C_Stop)
    OLED_Init                                0x080015a1   Thumb Code   174  oled.o(i.OLED_Init)
    OLED_Pow                                 0x0800164f   Thumb Code    20  oled.o(i.OLED_Pow)
    OLED_SetCursor                           0x08001663   Thumb Code    34  oled.o(i.OLED_SetCursor)
    OLED_ShowChar                            0x08001685   Thumb Code   110  oled.o(i.OLED_ShowChar)
    OLED_ShowNum                             0x080016f9   Thumb Code    68  oled.o(i.OLED_ShowNum)
    OLED_ShowSignedNum                       0x0800173d   Thumb Code   102  oled.o(i.OLED_ShowSignedNum)
    OLED_ShowString                          0x080017a3   Thumb Code    40  oled.o(i.OLED_ShowString)
    OLED_WriteCommand                        0x080017cb   Thumb Code    32  oled.o(i.OLED_WriteCommand)
    OLED_WriteData                           0x080017eb   Thumb Code    32  oled.o(i.OLED_WriteData)
    PWM_Setcompare1                          0x0800180d   Thumb Code    14  pwm.o(i.PWM_Setcompare1)
    PWM_Setcompare4                          0x08001821   Thumb Code    14  pwm.o(i.PWM_Setcompare4)
    PendSV_Handler                           0x08001835   Thumb Code     2  stm32f10x_it.o(i.PendSV_Handler)
    RCC_ADCCLKConfig                         0x08001839   Thumb Code    18  stm32f10x_rcc.o(i.RCC_ADCCLKConfig)
    RCC_APB1PeriphClockCmd                   0x08001851   Thumb Code    26  stm32f10x_rcc.o(i.RCC_APB1PeriphClockCmd)
    RCC_APB2PeriphClockCmd                   0x08001871   Thumb Code    26  stm32f10x_rcc.o(i.RCC_APB2PeriphClockCmd)
    SETPWM_l                                 0x08001891   Thumb Code    42  motor.o(i.SETPWM_l)
    SETPWM_r                                 0x080018bb   Thumb Code    34  motor.o(i.SETPWM_r)
    SVC_Handler                              0x080018dd   Thumb Code     2  stm32f10x_it.o(i.SVC_Handler)
    SysTick_Handler                          0x080019c9   Thumb Code     2  stm32f10x_it.o(i.SysTick_Handler)
    SystemInit                               0x080019cd   Thumb Code    78  system_stm32f10x.o(i.SystemInit)
    TIM_Cmd                                  0x08001c6d   Thumb Code    24  stm32f10x_tim.o(i.TIM_Cmd)
    TIM_EncoderInterfaceConfig               0x08001c85   Thumb Code    66  stm32f10x_tim.o(i.TIM_EncoderInterfaceConfig)
    TIM_GetCounter                           0x08001cc7   Thumb Code     6  stm32f10x_tim.o(i.TIM_GetCounter)
    TIM_ICInit                               0x08001ccd   Thumb Code   150  stm32f10x_tim.o(i.TIM_ICInit)
    TIM_ICStructInit                         0x08001d79   Thumb Code    18  stm32f10x_tim.o(i.TIM_ICStructInit)
    TIM_SetCompare1                          0x08001d8b   Thumb Code     4  stm32f10x_tim.o(i.TIM_SetCompare1)
    TIM_SetCompare4                          0x08001d8f   Thumb Code     6  stm32f10x_tim.o(i.TIM_SetCompare4)
    TIM_SetCounter                           0x08001d95   Thumb Code     4  stm32f10x_tim.o(i.TIM_SetCounter)
    TIM_SetIC1Prescaler                      0x08001d99   Thumb Code    18  stm32f10x_tim.o(i.TIM_SetIC1Prescaler)
    TIM_SetIC2Prescaler                      0x08001dab   Thumb Code    26  stm32f10x_tim.o(i.TIM_SetIC2Prescaler)
    TIM_SetIC3Prescaler                      0x08001dc5   Thumb Code    18  stm32f10x_tim.o(i.TIM_SetIC3Prescaler)
    TIM_SetIC4Prescaler                      0x08001dd7   Thumb Code    26  stm32f10x_tim.o(i.TIM_SetIC4Prescaler)
    TIM_TimeBaseInit                         0x08001df1   Thumb Code   122  stm32f10x_tim.o(i.TIM_TimeBaseInit)
    USART2_IRQHandler                        0x08001e95   Thumb Code    44  bluetooth.o(i.USART2_IRQHandler)
    USART_ClearITPendingBit                  0x08001ecd   Thumb Code    30  stm32f10x_usart.o(i.USART_ClearITPendingBit)
    USART_GetITStatus                        0x08001eeb   Thumb Code    84  stm32f10x_usart.o(i.USART_GetITStatus)
    USART_ReceiveData                        0x08001f3f   Thumb Code    10  stm32f10x_usart.o(i.USART_ReceiveData)
    UsageFault_Handler                       0x08001f49   Thumb Code     4  stm32f10x_it.o(i.UsageFault_Handler)
    __ARM_fpclassify                         0x08001f4d   Thumb Code    40  fpclassify.o(i.__ARM_fpclassify)
    __kernel_poly                            0x08001f75   Thumb Code   170  poly.o(i.__kernel_poly)
    __mathlib_dbl_infnan                     0x0800201f   Thumb Code     6  dunder.o(i.__mathlib_dbl_infnan)
    __mathlib_dbl_infnan2                    0x08002025   Thumb Code     4  dunder.o(i.__mathlib_dbl_infnan2)
    __mathlib_dbl_invalid                    0x08002029   Thumb Code    12  dunder.o(i.__mathlib_dbl_invalid)
    __mathlib_dbl_underflow                  0x08002035   Thumb Code    10  dunder.o(i.__mathlib_dbl_underflow)
    asin                                     0x080020ed   Thumb Code   572  asin.o(i.asin)
    atan                                     0x0800235d   Thumb Code   474  atan.o(i.atan)
    atan2                                    0x0800257d   Thumb Code   346  atan2.o(i.atan2)
    delay_ms                                 0x08002761   Thumb Code    12  delay.o(i.delay_ms)
    delay_us                                 0x0800276d   Thumb Code    12  delay.o(i.delay_us)
    dmp_enable_6x_lp_quat                    0x08002779   Thumb Code    60  inv_mpu_dmp_motion_driver.o(i.dmp_enable_6x_lp_quat)
    dmp_enable_feature                       0x080027b5   Thumb Code   530  inv_mpu_dmp_motion_driver.o(i.dmp_enable_feature)
    dmp_enable_gyro_cal                      0x080029d1   Thumb Code    62  inv_mpu_dmp_motion_driver.o(i.dmp_enable_gyro_cal)
    dmp_enable_lp_quat                       0x08002a29   Thumb Code    60  inv_mpu_dmp_motion_driver.o(i.dmp_enable_lp_quat)
    dmp_load_motion_driver_firmware          0x08002a65   Thumb Code    20  inv_mpu_dmp_motion_driver.o(i.dmp_load_motion_driver_firmware)
    dmp_read_fifo                            0x08002a7d   Thumb Code   450  inv_mpu_dmp_motion_driver.o(i.dmp_read_fifo)
    dmp_set_accel_bias                       0x08002c45   Thumb Code   300  inv_mpu_dmp_motion_driver.o(i.dmp_set_accel_bias)
    dmp_set_fifo_rate                        0x08002d75   Thumb Code    96  inv_mpu_dmp_motion_driver.o(i.dmp_set_fifo_rate)
    dmp_set_gyro_bias                        0x08002de5   Thumb Code   294  inv_mpu_dmp_motion_driver.o(i.dmp_set_gyro_bias)
    dmp_set_orientation                      0x08002f15   Thumb Code   290  inv_mpu_dmp_motion_driver.o(i.dmp_set_orientation)
    dmp_set_shake_reject_thresh              0x0800304d   Thumb Code    56  inv_mpu_dmp_motion_driver.o(i.dmp_set_shake_reject_thresh)
    dmp_set_shake_reject_time                0x08003085   Thumb Code    38  inv_mpu_dmp_motion_driver.o(i.dmp_set_shake_reject_time)
    dmp_set_shake_reject_timeout             0x080030ab   Thumb Code    38  inv_mpu_dmp_motion_driver.o(i.dmp_set_shake_reject_timeout)
    dmp_set_tap_axes                         0x080030d1   Thumb Code    70  inv_mpu_dmp_motion_driver.o(i.dmp_set_tap_axes)
    dmp_set_tap_count                        0x08003117   Thumb Code    38  inv_mpu_dmp_motion_driver.o(i.dmp_set_tap_count)
    dmp_set_tap_thresh                       0x0800313d   Thumb Code   396  inv_mpu_dmp_motion_driver.o(i.dmp_set_tap_thresh)
    dmp_set_tap_time                         0x080032dd   Thumb Code    38  inv_mpu_dmp_motion_driver.o(i.dmp_set_tap_time)
    dmp_set_tap_time_multi                   0x08003303   Thumb Code    38  inv_mpu_dmp_motion_driver.o(i.dmp_set_tap_time_multi)
    inv_orientation_matrix_to_scalar         0x0800395d   Thumb Code    40  inv_mpu.o(i.inv_orientation_matrix_to_scalar)
    inv_row_2_scale                          0x08003985   Thumb Code    78  inv_mpu.o(i.inv_row_2_scale)
    left_f                                   0x080039d5   Thumb Code    20  motor.o(i.left_f)
    left_z                                   0x080039ed   Thumb Code    20  motor.o(i.left_z)
    main                                     0x08003a05   Thumb Code   322  main.o(i.main)
    mpu6050_read                             0x08003b89   Thumb Code    92  mpu6050.o(i.mpu6050_read)
    mpu6050_read_reg                         0x08003be5   Thumb Code    22  mpu6050.o(i.mpu6050_read_reg)
    mpu6050_write                            0x08003bfb   Thumb Code    68  mpu6050.o(i.mpu6050_write)
    mpu6050_write_reg                        0x08003c3f   Thumb Code    18  mpu6050.o(i.mpu6050_write_reg)
    mpu_configure_fifo                       0x08003c51   Thumb Code   106  inv_mpu.o(i.mpu_configure_fifo)
    mpu_get_accel_fsr                        0x08003cc1   Thumb Code    72  inv_mpu.o(i.mpu_get_accel_fsr)
    mpu_get_accel_sens                       0x08003d0d   Thumb Code    78  inv_mpu.o(i.mpu_get_accel_sens)
    mpu_get_fifo_config                      0x08003d61   Thumb Code    12  inv_mpu.o(i.mpu_get_fifo_config)
    mpu_get_gyro_fsr                         0x08003d71   Thumb Code    64  inv_mpu.o(i.mpu_get_gyro_fsr)
    mpu_get_gyro_sens                        0x08003db5   Thumb Code    58  inv_mpu.o(i.mpu_get_gyro_sens)
    mpu_get_lpf                              0x08003e05   Thumb Code    74  inv_mpu.o(i.mpu_get_lpf)
    mpu_get_sample_rate                      0x08003e55   Thumb Code    26  inv_mpu.o(i.mpu_get_sample_rate)
    mpu_init                                 0x08003e75   Thumb Code   396  inv_mpu.o(i.mpu_init)
    mpu_load_firmware                        0x08004005   Thumb Code   180  inv_mpu.o(i.mpu_load_firmware)
    mpu_lp_accel_mode                        0x080040bd   Thumb Code   218  inv_mpu.o(i.mpu_lp_accel_mode)
    mpu_read_fifo_stream                     0x0800419d   Thumb Code   186  inv_mpu.o(i.mpu_read_fifo_stream)
    mpu_read_mem                             0x0800425d   Thumb Code   122  inv_mpu.o(i.mpu_read_mem)
    mpu_reset_fifo                           0x080042dd   Thumb Code   450  inv_mpu.o(i.mpu_reset_fifo)
    mpu_run_self_test                        0x080044a5   Thumb Code   278  inv_mpu.o(i.mpu_run_self_test)
    mpu_set_accel_fsr                        0x080045c1   Thumb Code   126  inv_mpu.o(i.mpu_set_accel_fsr)
    mpu_set_bypass                           0x08004645   Thumb Code   328  inv_mpu.o(i.mpu_set_bypass)
    mpu_set_dmp_state                        0x08004791   Thumb Code   138  inv_mpu.o(i.mpu_set_dmp_state)
    mpu_set_gyro_fsr                         0x08004821   Thumb Code   132  inv_mpu.o(i.mpu_set_gyro_fsr)
    mpu_set_int_latched                      0x080048a9   Thumb Code   102  inv_mpu.o(i.mpu_set_int_latched)
    mpu_set_lpf                              0x08004915   Thumb Code   126  inv_mpu.o(i.mpu_set_lpf)
    mpu_set_sample_rate                      0x08004999   Thumb Code   152  inv_mpu.o(i.mpu_set_sample_rate)
    mpu_set_sensors                          0x08004a35   Thumb Code   202  inv_mpu.o(i.mpu_set_sensors)
    mpu_write_mem                            0x08004b05   Thumb Code   122  inv_mpu.o(i.mpu_write_mem)
    over_flag                                0x08004b85   Thumb Code    66  pid.o(i.over_flag)
    power                                    0x08004bd9   Thumb Code    20  sys.o(i.power)
    pwxianfu                                 0x08004bed   Thumb Code    22  motor.o(i.pwxianfu)
    right_f                                  0x08004c05   Thumb Code    24  motor.o(i.right_f)
    right_z                                  0x08004c21   Thumb Code    24  motor.o(i.right_z)
    run_self_test                            0x08004c3d   Thumb Code   148  inv_mpu.o(i.run_self_test)
    sqrt                                     0x08004d61   Thumb Code    76  sqrt.o(i.sqrt)
    suduhuan                                 0x08004dad   Thumb Code   136  pid.o(i.suduhuan)
    zhilihuan                                0x08004e51   Thumb Code   126  pid.o(i.zhilihuan)
    zhuanxianghuan                           0x08004eed   Thumb Code   136  pid.o(i.zhuanxianghuan)
    __aeabi_d2f                              0x08004f89   Thumb Code     0  d2f.o(x$fpl$d2f)
    _d2f                                     0x08004f89   Thumb Code    98  d2f.o(x$fpl$d2f)
    __aeabi_dadd                             0x08004fed   Thumb Code     0  daddsub_clz.o(x$fpl$dadd)
    _dadd                                    0x08004fed   Thumb Code   332  daddsub_clz.o(x$fpl$dadd)
    __fpl_dcheck_NaN1                        0x0800513d   Thumb Code    10  dcheck1.o(x$fpl$dcheck1)
    __aeabi_ddiv                             0x0800514d   Thumb Code     0  ddiv.o(x$fpl$ddiv)
    _ddiv                                    0x0800514d   Thumb Code   552  ddiv.o(x$fpl$ddiv)
    __aeabi_dmul                             0x080053fd   Thumb Code     0  dmul.o(x$fpl$dmul)
    _dmul                                    0x080053fd   Thumb Code   332  dmul.o(x$fpl$dmul)
    __fpl_dnaninf                            0x08005551   Thumb Code   156  dnaninf.o(x$fpl$dnaninf)
    __fpl_dretinf                            0x080055ed   Thumb Code    12  dretinf.o(x$fpl$dretinf)
    __aeabi_drsub                            0x080055f9   Thumb Code     0  daddsub_clz.o(x$fpl$drsb)
    _drsb                                    0x080055f9   Thumb Code    22  daddsub_clz.o(x$fpl$drsb)
    _dsqrt                                   0x08005611   Thumb Code   456  dsqrt_noumaal.o(x$fpl$dsqrt)
    __aeabi_dsub                             0x080057dd   Thumb Code     0  daddsub_clz.o(x$fpl$dsub)
    _dsub                                    0x080057dd   Thumb Code   464  daddsub_clz.o(x$fpl$dsub)
    __aeabi_f2d                              0x080059b1   Thumb Code     0  f2d.o(x$fpl$f2d)
    _f2d                                     0x080059b1   Thumb Code    86  f2d.o(x$fpl$f2d)
    __aeabi_fadd                             0x08005a09   Thumb Code     0  faddsub_clz.o(x$fpl$fadd)
    _fadd                                    0x08005a09   Thumb Code   196  faddsub_clz.o(x$fpl$fadd)
    __fpl_fcmp_Inf                           0x08005acd   Thumb Code    24  fcmpi.o(x$fpl$fcmpinf)
    __aeabi_fdiv                             0x08005ae5   Thumb Code     0  fdiv.o(x$fpl$fdiv)
    _fdiv                                    0x08005ae5   Thumb Code   384  fdiv.o(x$fpl$fdiv)
    __aeabi_cfcmpeq                          0x08005c69   Thumb Code     0  feqf.o(x$fpl$feqf)
    _fcmpeq                                  0x08005c69   Thumb Code   104  feqf.o(x$fpl$feqf)
    __aeabi_f2iz                             0x08005cd1   Thumb Code     0  ffix.o(x$fpl$ffix)
    _ffix                                    0x08005cd1   Thumb Code    54  ffix.o(x$fpl$ffix)
    __aeabi_f2uiz                            0x08005d09   Thumb Code     0  ffixu.o(x$fpl$ffixu)
    _ffixu                                   0x08005d09   Thumb Code    62  ffixu.o(x$fpl$ffixu)
    __aeabi_i2f                              0x08005d49   Thumb Code     0  fflt_clz.o(x$fpl$fflt)
    _fflt                                    0x08005d49   Thumb Code    48  fflt_clz.o(x$fpl$fflt)
    __aeabi_ui2f                             0x08005d79   Thumb Code     0  fflt_clz.o(x$fpl$ffltu)
    _ffltu                                   0x08005d79   Thumb Code    38  fflt_clz.o(x$fpl$ffltu)
    __aeabi_cfcmple                          0x08005da1   Thumb Code     0  fleqf.o(x$fpl$fleqf)
    _fcmple                                  0x08005da1   Thumb Code   104  fleqf.o(x$fpl$fleqf)
    __fpl_fcmple_InfNaN                      0x08005df3   Thumb Code     0  fleqf.o(x$fpl$fleqf)
    __aeabi_fmul                             0x08005e09   Thumb Code     0  fmul.o(x$fpl$fmul)
    _fmul                                    0x08005e09   Thumb Code   258  fmul.o(x$fpl$fmul)
    __fpl_fnaninf                            0x08005f0b   Thumb Code   140  fnaninf.o(x$fpl$fnaninf)
    __fpl_fretinf                            0x08005f97   Thumb Code    10  fretinf.o(x$fpl$fretinf)
    __aeabi_cfrcmple                         0x08005fa1   Thumb Code     0  frleqf.o(x$fpl$frleqf)
    _frcmple                                 0x08005fa1   Thumb Code    98  frleqf.o(x$fpl$frleqf)
    __aeabi_fsub                             0x08006005   Thumb Code     0  faddsub_clz.o(x$fpl$fsub)
    _fsub                                    0x08006005   Thumb Code   234  faddsub_clz.o(x$fpl$fsub)
    __fpl_return_NaN                         0x080060ef   Thumb Code   100  retnan.o(x$fpl$retnan)
    __ARM_scalbn                             0x08006153   Thumb Code    92  scalbn.o(x$fpl$scalbn)
    __fpl_cmpreturn                          0x080061af   Thumb Code    48  trapv.o(x$fpl$trapveneer)
    OLED_F8x16                               0x080061de   Data        1520  oled.o(.constdata)
    __I$use$fp                               0x080061de   Number         0  usenofp.o(x$fpl$usenofp)
    hw                                       0x080067d0   Data          12  inv_mpu.o(.constdata)
    reg                                      0x080067dc   Data          27  inv_mpu.o(.constdata)
    test                                     0x080067f8   Data          40  inv_mpu.o(.constdata)
    __mathlib_zero                           0x08007500   Data           8  qnan.o(.constdata)
    Region$$Table$$Base                      0x08007508   Number         0  anon$$obj.o(Region$$Table)
    Region$$Table$$Limit                     0x08007528   Number         0  anon$$obj.o(Region$$Table)
    Bluet_Data                               0x20000000   Data           1  bluetooth.o(.data)
    Bluet_Biaozhi                            0x20000001   Data           1  bluetooth.o(.data)
    err                                      0x20000004   Data           4  pid.o(.data)
    last_err                                 0x20000008   Data           4  pid.o(.data)
    err_sum                                  0x2000000c   Data           4  pid.o(.data)
    err_difference                           0x20000010   Data           4  pid.o(.data)
    filt_velocity                            0x20000014   Data           4  pid.o(.data)
    last_filt_velocity                       0x20000018   Data           4  pid.o(.data)
    velocity_sum                             0x2000001c   Data           4  pid.o(.data)
    verr                                     0x20000020   Data           4  pid.o(.data)
    vlast_err                                0x20000024   Data           4  pid.o(.data)
    terr                                     0x20000028   Data           4  pid.o(.data)
    tlast_err                                0x2000002c   Data           4  pid.o(.data)
    terr_difference                          0x20000030   Data           4  pid.o(.data)
    Pitch                                    0x20000034   Data           4  main.o(.data)
    Roll                                     0x20000038   Data           4  main.o(.data)
    Yaw                                      0x2000003c   Data           4  main.o(.data)
    ax                                       0x20000040   Data           2  main.o(.data)
    ay                                       0x20000042   Data           2  main.o(.data)
    az                                       0x20000044   Data           2  main.o(.data)
    gx                                       0x20000046   Data           2  main.o(.data)
    gy                                       0x20000048   Data           2  main.o(.data)
    gz                                       0x2000004a   Data           2  main.o(.data)
    power_flag                               0x2000004c   Data           1  main.o(.data)
    Kp                                       0x20000050   Data           4  main.o(.data)
    Ki                                       0x20000054   Data           4  main.o(.data)
    Kd                                       0x20000058   Data           4  main.o(.data)
    VKp                                      0x2000005c   Data           4  main.o(.data)
    VKi                                      0x20000060   Data           4  main.o(.data)
    TKp                                      0x20000064   Data           4  main.o(.data)
    TKd                                      0x20000068   Data           4  main.o(.data)
    a                                        0x2000006c   Data           4  main.o(.data)
    ad                                       0x20000070   Data           2  main.o(.data)
    dv                                       0x20000074   Data           4  main.o(.data)
    speed1                                   0x20000078   Data           2  main.o(.data)
    speed2                                   0x2000007a   Data           2  main.o(.data)
    zhongzhi                                 0x2000007c   Data           4  main.o(.data)
    zllilun                                  0x20000080   Data           4  main.o(.data)
    zlshiji                                  0x20000084   Data           4  main.o(.data)
    sdlilun                                  0x20000088   Data           4  main.o(.data)
    sdshiji                                  0x2000008c   Data           4  main.o(.data)
    zxlilun                                  0x20000090   Data           4  main.o(.data)
    zxshiji                                  0x20000094   Data           4  main.o(.data)
    __libspace_start                         0x200000e0   Data          96  libspace.o(.bss)
    __temporary_stack_top$libspace           0x20000140   Data           0  libspace.o(.bss)



==============================================================================

Memory Map of the image

  Image Entry point : 0x080000ed

  Load Region LR_IROM1 (Base: 0x08000000, Size: 0x000075f8, Max: 0x00010000, ABSOLUTE)

    Execution Region ER_IROM1 (Exec base: 0x08000000, Load base: 0x08000000, Size: 0x00007528, Max: 0x00010000, ABSOLUTE)

    Exec Addr    Load Addr    Size         Type   Attr      Idx    E Section Name        Object

    0x08000000   0x08000000   0x000000ec   Data   RO            3    RESET               startup_stm32f10x_md.o
    0x080000ec   0x080000ec   0x00000008   Code   RO         4777  * !!!main             c_w.l(__main.o)
    0x080000f4   0x080000f4   0x00000034   Code   RO         5091    !!!scatter          c_w.l(__scatter.o)
    0x08000128   0x08000128   0x0000001a   Code   RO         5093    !!handler_copy      c_w.l(__scatter_copy.o)
    0x08000142   0x08000142   0x00000002   PAD
    0x08000144   0x08000144   0x0000001c   Code   RO         5095    !!handler_zi        c_w.l(__scatter_zi.o)
    0x08000160   0x08000160   0x00000002   Code   RO         4954    .ARM.Collect$$libinit$$00000000  c_w.l(libinit.o)
    0x08000162   0x08000162   0x00000000   Code   RO         4966    .ARM.Collect$$libinit$$00000002  c_w.l(libinit2.o)
    0x08000162   0x08000162   0x00000000   Code   RO         4968    .ARM.Collect$$libinit$$00000004  c_w.l(libinit2.o)
    0x08000162   0x08000162   0x00000000   Code   RO         4971    .ARM.Collect$$libinit$$0000000A  c_w.l(libinit2.o)
    0x08000162   0x08000162   0x00000000   Code   RO         4973    .ARM.Collect$$libinit$$0000000C  c_w.l(libinit2.o)
    0x08000162   0x08000162   0x00000000   Code   RO         4975    .ARM.Collect$$libinit$$0000000E  c_w.l(libinit2.o)
    0x08000162   0x08000162   0x00000000   Code   RO         4978    .ARM.Collect$$libinit$$00000011  c_w.l(libinit2.o)
    0x08000162   0x08000162   0x00000000   Code   RO         4980    .ARM.Collect$$libinit$$00000013  c_w.l(libinit2.o)
    0x08000162   0x08000162   0x00000000   Code   RO         4982    .ARM.Collect$$libinit$$00000015  c_w.l(libinit2.o)
    0x08000162   0x08000162   0x00000000   Code   RO         4984    .ARM.Collect$$libinit$$00000017  c_w.l(libinit2.o)
    0x08000162   0x08000162   0x00000000   Code   RO         4986    .ARM.Collect$$libinit$$00000019  c_w.l(libinit2.o)
    0x08000162   0x08000162   0x00000000   Code   RO         4988    .ARM.Collect$$libinit$$0000001B  c_w.l(libinit2.o)
    0x08000162   0x08000162   0x00000000   Code   RO         4990    .ARM.Collect$$libinit$$0000001D  c_w.l(libinit2.o)
    0x08000162   0x08000162   0x00000000   Code   RO         4992    .ARM.Collect$$libinit$$0000001F  c_w.l(libinit2.o)
    0x08000162   0x08000162   0x00000000   Code   RO         4994    .ARM.Collect$$libinit$$00000021  c_w.l(libinit2.o)
    0x08000162   0x08000162   0x00000000   Code   RO         4996    .ARM.Collect$$libinit$$00000023  c_w.l(libinit2.o)
    0x08000162   0x08000162   0x00000000   Code   RO         4998    .ARM.Collect$$libinit$$00000025  c_w.l(libinit2.o)
    0x08000162   0x08000162   0x00000000   Code   RO         5002    .ARM.Collect$$libinit$$0000002C  c_w.l(libinit2.o)
    0x08000162   0x08000162   0x00000000   Code   RO         5004    .ARM.Collect$$libinit$$0000002E  c_w.l(libinit2.o)
    0x08000162   0x08000162   0x00000000   Code   RO         5006    .ARM.Collect$$libinit$$00000030  c_w.l(libinit2.o)
    0x08000162   0x08000162   0x00000000   Code   RO         5008    .ARM.Collect$$libinit$$00000032  c_w.l(libinit2.o)
    0x08000162   0x08000162   0x00000002   Code   RO         5009    .ARM.Collect$$libinit$$00000033  c_w.l(libinit2.o)
    0x08000164   0x08000164   0x00000002   Code   RO         5041    .ARM.Collect$$libshutdown$$00000000  c_w.l(libshutdown.o)
    0x08000166   0x08000166   0x00000000   Code   RO         5058    .ARM.Collect$$libshutdown$$00000002  c_w.l(libshutdown2.o)
    0x08000166   0x08000166   0x00000000   Code   RO         5060    .ARM.Collect$$libshutdown$$00000004  c_w.l(libshutdown2.o)
    0x08000166   0x08000166   0x00000000   Code   RO         5063    .ARM.Collect$$libshutdown$$00000007  c_w.l(libshutdown2.o)
    0x08000166   0x08000166   0x00000000   Code   RO         5066    .ARM.Collect$$libshutdown$$0000000A  c_w.l(libshutdown2.o)
    0x08000166   0x08000166   0x00000000   Code   RO         5068    .ARM.Collect$$libshutdown$$0000000C  c_w.l(libshutdown2.o)
    0x08000166   0x08000166   0x00000000   Code   RO         5071    .ARM.Collect$$libshutdown$$0000000F  c_w.l(libshutdown2.o)
    0x08000166   0x08000166   0x00000002   Code   RO         5072    .ARM.Collect$$libshutdown$$00000010  c_w.l(libshutdown2.o)
    0x08000168   0x08000168   0x00000000   Code   RO         4851    .ARM.Collect$$rtentry$$00000000  c_w.l(__rtentry.o)
    0x08000168   0x08000168   0x00000000   Code   RO         4909    .ARM.Collect$$rtentry$$00000002  c_w.l(__rtentry2.o)
    0x08000168   0x08000168   0x00000006   Code   RO         4921    .ARM.Collect$$rtentry$$00000004  c_w.l(__rtentry4.o)
    0x0800016e   0x0800016e   0x00000000   Code   RO         4911    .ARM.Collect$$rtentry$$00000009  c_w.l(__rtentry2.o)
    0x0800016e   0x0800016e   0x00000004   Code   RO         4912    .ARM.Collect$$rtentry$$0000000A  c_w.l(__rtentry2.o)
    0x08000172   0x08000172   0x00000000   Code   RO         4914    .ARM.Collect$$rtentry$$0000000C  c_w.l(__rtentry2.o)
    0x08000172   0x08000172   0x00000008   Code   RO         4915    .ARM.Collect$$rtentry$$0000000D  c_w.l(__rtentry2.o)
    0x0800017a   0x0800017a   0x00000002   Code   RO         4959    .ARM.Collect$$rtexit$$00000000  c_w.l(rtexit.o)
    0x0800017c   0x0800017c   0x00000000   Code   RO         5013    .ARM.Collect$$rtexit$$00000002  c_w.l(rtexit2.o)
    0x0800017c   0x0800017c   0x00000004   Code   RO         5014    .ARM.Collect$$rtexit$$00000003  c_w.l(rtexit2.o)
    0x08000180   0x08000180   0x00000006   Code   RO         5015    .ARM.Collect$$rtexit$$00000004  c_w.l(rtexit2.o)
    0x08000186   0x08000186   0x00000002   PAD
    0x08000188   0x08000188   0x00000040   Code   RO            4    .text               startup_stm32f10x_md.o
    0x080001c8   0x080001c8   0x00000048   Code   RO         4769    .text               c_w.l(llsdiv.o)
    0x08000210   0x08000210   0x00000058   Code   RO         4771    .text               c_w.l(memcmp.o)
    0x08000268   0x08000268   0x00000010   Code   RO         4773    .text               c_w.l(aeabi_memset.o)
    0x08000278   0x08000278   0x00000006   Code   RO         4775    .text               c_w.l(heapauxi.o)
    0x0800027e   0x0800027e   0x000000ee   Code   RO         4852    .text               c_w.l(lludivv7m.o)
    0x0800036c   0x0800036c   0x00000016   Code   RO         4854    .text               c_w.l(_rserrno.o)
    0x08000382   0x08000382   0x00000044   Code   RO         4856    .text               c_w.l(rt_memclr.o)
    0x080003c6   0x080003c6   0x00000002   PAD
    0x080003c8   0x080003c8   0x00000008   Code   RO         4930    .text               c_w.l(rt_errno_addr_intlibspace.o)
    0x080003d0   0x080003d0   0x0000004e   Code   RO         4932    .text               c_w.l(rt_memclr_w.o)
    0x0800041e   0x0800041e   0x00000002   PAD
    0x08000420   0x08000420   0x00000008   Code   RO         4940    .text               c_w.l(libspace.o)
    0x08000428   0x08000428   0x0000004a   Code   RO         4943    .text               c_w.l(sys_stackheap_outer.o)
    0x08000472   0x08000472   0x00000012   Code   RO         4947    .text               c_w.l(exit.o)
    0x08000484   0x08000484   0x0000000c   Code   RO         5029    .text               c_w.l(sys_exit.o)
    0x08000490   0x08000490   0x00000002   Code   RO         5046    .text               c_w.l(use_no_semi.o)
    0x08000492   0x08000492   0x00000000   Code   RO         5048    .text               c_w.l(indicate_semi.o)
    0x08000492   0x08000492   0x00000002   PAD
    0x08000494   0x08000494   0x0000002c   Code   RO         3978    i.ADC1_2_IRQHandler  main.o
    0x080004c0   0x080004c0   0x00000014   Code   RO          196    i.ADC_AnalogWatchdogCmd  stm32f10x_adc.o
    0x080004d4   0x080004d4   0x00000010   Code   RO          197    i.ADC_AnalogWatchdogSingleChannelConfig  stm32f10x_adc.o
    0x080004e4   0x080004e4   0x00000006   Code   RO          198    i.ADC_AnalogWatchdogThresholdsConfig  stm32f10x_adc.o
    0x080004ea   0x080004ea   0x00000006   Code   RO          200    i.ADC_ClearFlag     stm32f10x_adc.o
    0x080004f0   0x080004f0   0x00000016   Code   RO          202    i.ADC_Cmd           stm32f10x_adc.o
    0x08000506   0x08000506   0x00000014   Code   RO          210    i.ADC_GetCalibrationStatus  stm32f10x_adc.o
    0x0800051a   0x0800051a   0x00000008   Code   RO          211    i.ADC_GetConversionValue  stm32f10x_adc.o
    0x08000522   0x08000522   0x00000012   Code   RO          213    i.ADC_GetFlagStatus  stm32f10x_adc.o
    0x08000534   0x08000534   0x00000014   Code   RO          216    i.ADC_GetResetCalibrationStatus  stm32f10x_adc.o
    0x08000548   0x08000548   0x00000018   Code   RO          219    i.ADC_ITConfig      stm32f10x_adc.o
    0x08000560   0x08000560   0x00000050   Code   RO          220    i.ADC_Init          stm32f10x_adc.o
    0x080005b0   0x080005b0   0x000000b8   Code   RO          224    i.ADC_RegularChannelConfig  stm32f10x_adc.o
    0x08000668   0x08000668   0x0000000a   Code   RO          225    i.ADC_ResetCalibration  stm32f10x_adc.o
    0x08000672   0x08000672   0x00000016   Code   RO          227    i.ADC_SoftwareStartConvCmd  stm32f10x_adc.o
    0x08000688   0x08000688   0x0000000a   Code   RO          229    i.ADC_StartCalibration  stm32f10x_adc.o
    0x08000692   0x08000692   0x00000002   PAD
    0x08000694   0x08000694   0x000000f0   Code   RO         3936    i.AD_Init           ad.o
    0x08000784   0x08000784   0x00000010   Code   RO         3937    i.AD_Read           ad.o
    0x08000794   0x08000794   0x0000002c   Code   RO         3954    i.BUZZER_Init       buzzer.o
    0x080007c0   0x080007c0   0x00000010   Code   RO         3956    i.BUZZER_on         buzzer.o
    0x080007d0   0x080007d0   0x00000004   Code   RO         4044    i.BusFault_Handler  stm32f10x_it.o
    0x080007d4   0x080007d4   0x00000002   Code   RO         4045    i.DebugMon_Handler  stm32f10x_it.o
    0x080007d6   0x080007d6   0x00000018   Code   RO         3196    i.Delay_ms          delay.o
    0x080007ee   0x080007ee   0x0000002e   Code   RO         3198    i.Delay_us          delay.o
    0x0800081c   0x0800081c   0x000000fc   Code   RO         3979    i.EXTI15_10_IRQHandler  main.o
    0x08000918   0x08000918   0x00000074   Code   RO         3405    i.EXTI1_Init        exti.o
    0x0800098c   0x0800098c   0x0000000c   Code   RO          985    i.EXTI_ClearITPendingBit  stm32f10x_exti.o
    0x08000998   0x08000998   0x00000028   Code   RO          989    i.EXTI_GetITStatus  stm32f10x_exti.o
    0x080009c0   0x080009c0   0x00000094   Code   RO          990    i.EXTI_Init         stm32f10x_exti.o
    0x08000a54   0x08000a54   0x000000a0   Code   RO         3776    i.Encoder1_Init     encoder.o
    0x08000af4   0x08000af4   0x000000a0   Code   RO         3777    i.Encoder2_Init     encoder.o
    0x08000b94   0x08000b94   0x00000040   Code   RO         1344    i.GPIO_EXTILineConfig  stm32f10x_gpio.o
    0x08000bd4   0x08000bd4   0x00000116   Code   RO         1347    i.GPIO_Init         stm32f10x_gpio.o
    0x08000cea   0x08000cea   0x00000004   Code   RO         1354    i.GPIO_ResetBits    stm32f10x_gpio.o
    0x08000cee   0x08000cee   0x00000004   Code   RO         1355    i.GPIO_SetBits      stm32f10x_gpio.o
    0x08000cf2   0x08000cf2   0x0000000a   Code   RO         1358    i.GPIO_WriteBit     stm32f10x_gpio.o
    0x08000cfc   0x08000cfc   0x0000001c   Code   RO         3778    i.Get_Encoder1      encoder.o
    0x08000d18   0x08000d18   0x0000001c   Code   RO         3779    i.Get_Encoder2      encoder.o
    0x08000d34   0x08000d34   0x00000004   Code   RO         4046    i.HardFault_Handler  stm32f10x_it.o
    0x08000d38   0x08000d38   0x00000224   Code   RO         4107    i.MPU6050_DMP_Get_Data  inv_mpu.o
    0x08000f5c   0x08000f5c   0x00000050   Code   RO         4108    i.MPU6050_DMP_Init  inv_mpu.o
    0x08000fac   0x08000fac   0x0000002c   Code   RO         4707    i.MPU6050_IIC_IO_Init  mpu6050_i2c.o
    0x08000fd8   0x08000fd8   0x00000050   Code   RO         4708    i.MPU6050_IIC_Read_Ack  mpu6050_i2c.o
    0x08001028   0x08001028   0x00000060   Code   RO         4709    i.MPU6050_IIC_Read_Byte  mpu6050_i2c.o
    0x08001088   0x08001088   0x0000001c   Code   RO         4710    i.MPU6050_IIC_SDA_IO_IN  mpu6050_i2c.o
    0x080010a4   0x080010a4   0x00000018   Code   RO         4711    i.MPU6050_IIC_SDA_IO_OUT  mpu6050_i2c.o
    0x080010bc   0x080010bc   0x00000038   Code   RO         4712    i.MPU6050_IIC_Send_Ack  mpu6050_i2c.o
    0x080010f4   0x080010f4   0x00000064   Code   RO         4713    i.MPU6050_IIC_Send_Byte  mpu6050_i2c.o
    0x08001158   0x08001158   0x00000038   Code   RO         4714    i.MPU6050_IIC_Start  mpu6050_i2c.o
    0x08001190   0x08001190   0x0000003c   Code   RO         4715    i.MPU6050_IIC_Stop  mpu6050_i2c.o
    0x080011cc   0x080011cc   0x00000072   Code   RO         4629    i.MPU6050_Init      mpu6050.o
    0x0800123e   0x0800123e   0x00000050   Code   RO         4631    i.MPU_Get_Gyroscope  mpu6050.o
    0x0800128e   0x0800128e   0x00000012   Code   RO         4633    i.MPU_Set_Accel_Fsr  mpu6050.o
    0x080012a0   0x080012a0   0x00000012   Code   RO         4634    i.MPU_Set_Gyro_Fsr  mpu6050.o
    0x080012b2   0x080012b2   0x0000003c   Code   RO         4635    i.MPU_Set_LPF       mpu6050.o
    0x080012ee   0x080012ee   0x00000038   Code   RO         4636    i.MPU_Set_Rate      mpu6050.o
    0x08001326   0x08001326   0x00000004   Code   RO         4047    i.MemManage_Handler  stm32f10x_it.o
    0x0800132a   0x0800132a   0x00000010   Code   RO         3807    i.Motor_off         motor.o
    0x0800133a   0x0800133a   0x00000002   PAD
    0x0800133c   0x0800133c   0x000000b0   Code   RO         3241    i.My_GPIO_Init      sys.o
    0x080013ec   0x080013ec   0x00000002   Code   RO         4048    i.NMI_Handler       stm32f10x_it.o
    0x080013ee   0x080013ee   0x00000002   PAD
    0x080013f0   0x080013f0   0x00000070   Code   RO          137    i.NVIC_Init         misc.o
    0x08001460   0x08001460   0x00000014   Code   RO          138    i.NVIC_PriorityGroupConfig  misc.o
    0x08001474   0x08001474   0x0000002a   Code   RO         3569    i.OLED_Clear        oled.o
    0x0800149e   0x0800149e   0x00000002   PAD
    0x080014a0   0x080014a0   0x00000050   Code   RO         3570    i.OLED_I2C_Init     oled.o
    0x080014f0   0x080014f0   0x00000054   Code   RO         3571    i.OLED_I2C_SendByte  oled.o
    0x08001544   0x08001544   0x00000034   Code   RO         3572    i.OLED_I2C_Start    oled.o
    0x08001578   0x08001578   0x00000028   Code   RO         3573    i.OLED_I2C_Stop     oled.o
    0x080015a0   0x080015a0   0x000000ae   Code   RO         3574    i.OLED_Init         oled.o
    0x0800164e   0x0800164e   0x00000014   Code   RO         3575    i.OLED_Pow          oled.o
    0x08001662   0x08001662   0x00000022   Code   RO         3576    i.OLED_SetCursor    oled.o
    0x08001684   0x08001684   0x00000074   Code   RO         3578    i.OLED_ShowChar     oled.o
    0x080016f8   0x080016f8   0x00000044   Code   RO         3580    i.OLED_ShowNum      oled.o
    0x0800173c   0x0800173c   0x00000066   Code   RO         3581    i.OLED_ShowSignedNum  oled.o
    0x080017a2   0x080017a2   0x00000028   Code   RO         3582    i.OLED_ShowString   oled.o
    0x080017ca   0x080017ca   0x00000020   Code   RO         3583    i.OLED_WriteCommand  oled.o
    0x080017ea   0x080017ea   0x00000020   Code   RO         3584    i.OLED_WriteData    oled.o
    0x0800180a   0x0800180a   0x00000002   PAD
    0x0800180c   0x0800180c   0x00000014   Code   RO         3870    i.PWM_Setcompare1   pwm.o
    0x08001820   0x08001820   0x00000014   Code   RO         3871    i.PWM_Setcompare4   pwm.o
    0x08001834   0x08001834   0x00000002   Code   RO         4049    i.PendSV_Handler    stm32f10x_it.o
    0x08001836   0x08001836   0x00000002   PAD
    0x08001838   0x08001838   0x00000018   Code   RO         1773    i.RCC_ADCCLKConfig  stm32f10x_rcc.o
    0x08001850   0x08001850   0x00000020   Code   RO         1775    i.RCC_APB1PeriphClockCmd  stm32f10x_rcc.o
    0x08001870   0x08001870   0x00000020   Code   RO         1777    i.RCC_APB2PeriphClockCmd  stm32f10x_rcc.o
    0x08001890   0x08001890   0x0000002a   Code   RO         3808    i.SETPWM_l          motor.o
    0x080018ba   0x080018ba   0x00000022   Code   RO         3809    i.SETPWM_r          motor.o
    0x080018dc   0x080018dc   0x00000002   Code   RO         4050    i.SVC_Handler       stm32f10x_it.o
    0x080018de   0x080018de   0x00000008   Code   RO           10    i.SetSysClock       system_stm32f10x.o
    0x080018e6   0x080018e6   0x00000002   PAD
    0x080018e8   0x080018e8   0x000000e0   Code   RO           11    i.SetSysClockTo72   system_stm32f10x.o
    0x080019c8   0x080019c8   0x00000002   Code   RO         4051    i.SysTick_Handler   stm32f10x_it.o
    0x080019ca   0x080019ca   0x00000002   PAD
    0x080019cc   0x080019cc   0x00000060   Code   RO           13    i.SystemInit        system_stm32f10x.o
    0x08001a2c   0x08001a2c   0x00000080   Code   RO         2405    i.TI1_Config        stm32f10x_tim.o
    0x08001aac   0x08001aac   0x00000098   Code   RO         2406    i.TI2_Config        stm32f10x_tim.o
    0x08001b44   0x08001b44   0x00000090   Code   RO         2407    i.TI3_Config        stm32f10x_tim.o
    0x08001bd4   0x08001bd4   0x00000098   Code   RO         2408    i.TI4_Config        stm32f10x_tim.o
    0x08001c6c   0x08001c6c   0x00000018   Code   RO         2421    i.TIM_Cmd           stm32f10x_tim.o
    0x08001c84   0x08001c84   0x00000042   Code   RO         2430    i.TIM_EncoderInterfaceConfig  stm32f10x_tim.o
    0x08001cc6   0x08001cc6   0x00000006   Code   RO         2440    i.TIM_GetCounter    stm32f10x_tim.o
    0x08001ccc   0x08001ccc   0x000000ac   Code   RO         2444    i.TIM_ICInit        stm32f10x_tim.o
    0x08001d78   0x08001d78   0x00000012   Code   RO         2445    i.TIM_ICStructInit  stm32f10x_tim.o
    0x08001d8a   0x08001d8a   0x00000004   Code   RO         2482    i.TIM_SetCompare1   stm32f10x_tim.o
    0x08001d8e   0x08001d8e   0x00000006   Code   RO         2485    i.TIM_SetCompare4   stm32f10x_tim.o
    0x08001d94   0x08001d94   0x00000004   Code   RO         2486    i.TIM_SetCounter    stm32f10x_tim.o
    0x08001d98   0x08001d98   0x00000012   Code   RO         2487    i.TIM_SetIC1Prescaler  stm32f10x_tim.o
    0x08001daa   0x08001daa   0x0000001a   Code   RO         2488    i.TIM_SetIC2Prescaler  stm32f10x_tim.o
    0x08001dc4   0x08001dc4   0x00000012   Code   RO         2489    i.TIM_SetIC3Prescaler  stm32f10x_tim.o
    0x08001dd6   0x08001dd6   0x0000001a   Code   RO         2490    i.TIM_SetIC4Prescaler  stm32f10x_tim.o
    0x08001df0   0x08001df0   0x000000a4   Code   RO         2492    i.TIM_TimeBaseInit  stm32f10x_tim.o
    0x08001e94   0x08001e94   0x00000038   Code   RO         3746    i.USART2_IRQHandler  bluetooth.o
    0x08001ecc   0x08001ecc   0x0000001e   Code   RO         2957    i.USART_ClearITPendingBit  stm32f10x_usart.o
    0x08001eea   0x08001eea   0x00000054   Code   RO         2964    i.USART_GetITStatus  stm32f10x_usart.o
    0x08001f3e   0x08001f3e   0x0000000a   Code   RO         2974    i.USART_ReceiveData  stm32f10x_usart.o
    0x08001f48   0x08001f48   0x00000004   Code   RO         4052    i.UsageFault_Handler  stm32f10x_it.o
    0x08001f4c   0x08001f4c   0x00000028   Code   RO         4895    i.__ARM_fpclassify  m_ws.l(fpclassify.o)
    0x08001f74   0x08001f74   0x000000aa   Code   RO         4897    i.__kernel_poly     m_ws.l(poly.o)
    0x0800201e   0x0800201e   0x00000006   Code   RO         4882    i.__mathlib_dbl_infnan  m_ws.l(dunder.o)
    0x08002024   0x08002024   0x00000004   Code   RO         4883    i.__mathlib_dbl_infnan2  m_ws.l(dunder.o)
    0x08002028   0x08002028   0x0000000c   Code   RO         4884    i.__mathlib_dbl_invalid  m_ws.l(dunder.o)
    0x08002034   0x08002034   0x00000010   Code   RO         4887    i.__mathlib_dbl_underflow  m_ws.l(dunder.o)
    0x08002044   0x08002044   0x000000a8   Code   RO         4109    i.accel_self_test   inv_mpu.o
    0x080020ec   0x080020ec   0x00000270   Code   RO         4834    i.asin              m_ws.l(asin.o)
    0x0800235c   0x0800235c   0x00000220   Code   RO         4872    i.atan              m_ws.l(atan.o)
    0x0800257c   0x0800257c   0x00000180   Code   RO         4844    i.atan2             m_ws.l(atan2.o)
    0x080026fc   0x080026fc   0x00000064   Code   RO         4449    i.decode_gesture    inv_mpu_dmp_motion_driver.o
    0x08002760   0x08002760   0x0000000c   Code   RO         3199    i.delay_ms          delay.o
    0x0800276c   0x0800276c   0x0000000c   Code   RO         3201    i.delay_us          delay.o
    0x08002778   0x08002778   0x0000003c   Code   RO         4450    i.dmp_enable_6x_lp_quat  inv_mpu_dmp_motion_driver.o
    0x080027b4   0x080027b4   0x0000021c   Code   RO         4451    i.dmp_enable_feature  inv_mpu_dmp_motion_driver.o
    0x080029d0   0x080029d0   0x00000058   Code   RO         4452    i.dmp_enable_gyro_cal  inv_mpu_dmp_motion_driver.o
    0x08002a28   0x08002a28   0x0000003c   Code   RO         4453    i.dmp_enable_lp_quat  inv_mpu_dmp_motion_driver.o
    0x08002a64   0x08002a64   0x00000018   Code   RO         4458    i.dmp_load_motion_driver_firmware  inv_mpu_dmp_motion_driver.o
    0x08002a7c   0x08002a7c   0x000001c8   Code   RO         4459    i.dmp_read_fifo     inv_mpu_dmp_motion_driver.o
    0x08002c44   0x08002c44   0x00000130   Code   RO         4462    i.dmp_set_accel_bias  inv_mpu_dmp_motion_driver.o
    0x08002d74   0x08002d74   0x00000070   Code   RO         4463    i.dmp_set_fifo_rate  inv_mpu_dmp_motion_driver.o
    0x08002de4   0x08002de4   0x00000130   Code   RO         4464    i.dmp_set_gyro_bias  inv_mpu_dmp_motion_driver.o
    0x08002f14   0x08002f14   0x00000138   Code   RO         4466    i.dmp_set_orientation  inv_mpu_dmp_motion_driver.o
    0x0800304c   0x0800304c   0x00000038   Code   RO         4469    i.dmp_set_shake_reject_thresh  inv_mpu_dmp_motion_driver.o
    0x08003084   0x08003084   0x00000026   Code   RO         4470    i.dmp_set_shake_reject_time  inv_mpu_dmp_motion_driver.o
    0x080030aa   0x080030aa   0x00000026   Code   RO         4471    i.dmp_set_shake_reject_timeout  inv_mpu_dmp_motion_driver.o
    0x080030d0   0x080030d0   0x00000046   Code   RO         4472    i.dmp_set_tap_axes  inv_mpu_dmp_motion_driver.o
    0x08003116   0x08003116   0x00000026   Code   RO         4473    i.dmp_set_tap_count  inv_mpu_dmp_motion_driver.o
    0x0800313c   0x0800313c   0x000001a0   Code   RO         4474    i.dmp_set_tap_thresh  inv_mpu_dmp_motion_driver.o
    0x080032dc   0x080032dc   0x00000026   Code   RO         4475    i.dmp_set_tap_time  inv_mpu_dmp_motion_driver.o
    0x08003302   0x08003302   0x00000026   Code   RO         4476    i.dmp_set_tap_time_multi  inv_mpu_dmp_motion_driver.o
    0x08003328   0x08003328   0x000000b4   Code   RO         4110    i.get_accel_prod_shift  inv_mpu.o
    0x080033dc   0x080033dc   0x00000470   Code   RO         4112    i.get_st_biases     inv_mpu.o
    0x0800384c   0x0800384c   0x00000110   Code   RO         4113    i.gyro_self_test    inv_mpu.o
    0x0800395c   0x0800395c   0x00000028   Code   RO         4114    i.inv_orientation_matrix_to_scalar  inv_mpu.o
    0x08003984   0x08003984   0x0000004e   Code   RO         4115    i.inv_row_2_scale   inv_mpu.o
    0x080039d2   0x080039d2   0x00000002   PAD
    0x080039d4   0x080039d4   0x00000018   Code   RO         3810    i.left_f            motor.o
    0x080039ec   0x080039ec   0x00000018   Code   RO         3811    i.left_z            motor.o
    0x08003a04   0x08003a04   0x00000184   Code   RO         3980    i.main              main.o
    0x08003b88   0x08003b88   0x0000005c   Code   RO         4637    i.mpu6050_read      mpu6050.o
    0x08003be4   0x08003be4   0x00000016   Code   RO         4638    i.mpu6050_read_reg  mpu6050.o
    0x08003bfa   0x08003bfa   0x00000044   Code   RO         4639    i.mpu6050_write     mpu6050.o
    0x08003c3e   0x08003c3e   0x00000012   Code   RO         4640    i.mpu6050_write_reg  mpu6050.o
    0x08003c50   0x08003c50   0x00000070   Code   RO         4116    i.mpu_configure_fifo  inv_mpu.o
    0x08003cc0   0x08003cc0   0x0000004c   Code   RO         4117    i.mpu_get_accel_fsr  inv_mpu.o
    0x08003d0c   0x08003d0c   0x00000054   Code   RO         4119    i.mpu_get_accel_sens  inv_mpu.o
    0x08003d60   0x08003d60   0x00000010   Code   RO         4124    i.mpu_get_fifo_config  inv_mpu.o
    0x08003d70   0x08003d70   0x00000044   Code   RO         4125    i.mpu_get_gyro_fsr  inv_mpu.o
    0x08003db4   0x08003db4   0x00000050   Code   RO         4127    i.mpu_get_gyro_sens  inv_mpu.o
    0x08003e04   0x08003e04   0x00000050   Code   RO         4129    i.mpu_get_lpf       inv_mpu.o
    0x08003e54   0x08003e54   0x00000020   Code   RO         4131    i.mpu_get_sample_rate  inv_mpu.o
    0x08003e74   0x08003e74   0x00000190   Code   RO         4133    i.mpu_init          inv_mpu.o
    0x08004004   0x08004004   0x000000b8   Code   RO         4134    i.mpu_load_firmware  inv_mpu.o
    0x080040bc   0x080040bc   0x000000e0   Code   RO         4135    i.mpu_lp_accel_mode  inv_mpu.o
    0x0800419c   0x0800419c   0x000000c0   Code   RO         4138    i.mpu_read_fifo_stream  inv_mpu.o
    0x0800425c   0x0800425c   0x00000080   Code   RO         4139    i.mpu_read_mem      inv_mpu.o
    0x080042dc   0x080042dc   0x000001c8   Code   RO         4142    i.mpu_reset_fifo    inv_mpu.o
    0x080044a4   0x080044a4   0x0000011c   Code   RO         4143    i.mpu_run_self_test  inv_mpu.o
    0x080045c0   0x080045c0   0x00000084   Code   RO         4145    i.mpu_set_accel_fsr  inv_mpu.o
    0x08004644   0x08004644   0x0000014c   Code   RO         4146    i.mpu_set_bypass    inv_mpu.o
    0x08004790   0x08004790   0x00000090   Code   RO         4148    i.mpu_set_dmp_state  inv_mpu.o
    0x08004820   0x08004820   0x00000088   Code   RO         4149    i.mpu_set_gyro_fsr  inv_mpu.o
    0x080048a8   0x080048a8   0x0000006c   Code   RO         4150    i.mpu_set_int_latched  inv_mpu.o
    0x08004914   0x08004914   0x00000084   Code   RO         4152    i.mpu_set_lpf       inv_mpu.o
    0x08004998   0x08004998   0x0000009c   Code   RO         4153    i.mpu_set_sample_rate  inv_mpu.o
    0x08004a34   0x08004a34   0x000000d0   Code   RO         4154    i.mpu_set_sensors   inv_mpu.o
    0x08004b04   0x08004b04   0x00000080   Code   RO         4155    i.mpu_write_mem     inv_mpu.o
    0x08004b84   0x08004b84   0x00000054   Code   RO         3894    i.over_flag         pid.o
    0x08004bd8   0x08004bd8   0x00000014   Code   RO         3244    i.power             sys.o
    0x08004bec   0x08004bec   0x00000016   Code   RO         3812    i.pwxianfu          motor.o
    0x08004c02   0x08004c02   0x00000002   PAD
    0x08004c04   0x08004c04   0x0000001c   Code   RO         3813    i.right_f           motor.o
    0x08004c20   0x08004c20   0x0000001c   Code   RO         3814    i.right_z           motor.o
    0x08004c3c   0x08004c3c   0x00000094   Code   RO         4156    i.run_self_test     inv_mpu.o
    0x08004cd0   0x08004cd0   0x00000090   Code   RO         4157    i.set_int_enable    inv_mpu.o
    0x08004d60   0x08004d60   0x0000004c   Code   RO         4901    i.sqrt              m_ws.l(sqrt.o)
    0x08004dac   0x08004dac   0x000000a4   Code   RO         3895    i.suduhuan          pid.o
    0x08004e50   0x08004e50   0x0000009c   Code   RO         3896    i.zhilihuan         pid.o
    0x08004eec   0x08004eec   0x0000009c   Code   RO         3897    i.zhuanxianghuan    pid.o
    0x08004f88   0x08004f88   0x00000062   Code   RO         4779    x$fpl$d2f           fz_ws.l(d2f.o)
    0x08004fea   0x08004fea   0x00000002   PAD
    0x08004fec   0x08004fec   0x00000150   Code   RO         4781    x$fpl$dadd          fz_ws.l(daddsub_clz.o)
    0x0800513c   0x0800513c   0x00000010   Code   RO         4934    x$fpl$dcheck1       fz_ws.l(dcheck1.o)
    0x0800514c   0x0800514c   0x000002b0   Code   RO         4788    x$fpl$ddiv          fz_ws.l(ddiv.o)
    0x080053fc   0x080053fc   0x00000154   Code   RO         4797    x$fpl$dmul          fz_ws.l(dmul.o)
    0x08005550   0x08005550   0x0000009c   Code   RO         4858    x$fpl$dnaninf       fz_ws.l(dnaninf.o)
    0x080055ec   0x080055ec   0x0000000c   Code   RO         4860    x$fpl$dretinf       fz_ws.l(dretinf.o)
    0x080055f8   0x080055f8   0x00000016   Code   RO         4782    x$fpl$drsb          fz_ws.l(daddsub_clz.o)
    0x0800560e   0x0800560e   0x00000002   PAD
    0x08005610   0x08005610   0x000001cc   Code   RO         4938    x$fpl$dsqrt         fz_ws.l(dsqrt_noumaal.o)
    0x080057dc   0x080057dc   0x000001d4   Code   RO         4783    x$fpl$dsub          fz_ws.l(daddsub_clz.o)
    0x080059b0   0x080059b0   0x00000056   Code   RO         4799    x$fpl$f2d           fz_ws.l(f2d.o)
    0x08005a06   0x08005a06   0x00000002   PAD
    0x08005a08   0x08005a08   0x000000c4   Code   RO         4801    x$fpl$fadd          fz_ws.l(faddsub_clz.o)
    0x08005acc   0x08005acc   0x00000018   Code   RO         4862    x$fpl$fcmpinf       fz_ws.l(fcmpi.o)
    0x08005ae4   0x08005ae4   0x00000184   Code   RO         4808    x$fpl$fdiv          fz_ws.l(fdiv.o)
    0x08005c68   0x08005c68   0x00000068   Code   RO         4811    x$fpl$feqf          fz_ws.l(feqf.o)
    0x08005cd0   0x08005cd0   0x00000036   Code   RO         4813    x$fpl$ffix          fz_ws.l(ffix.o)
    0x08005d06   0x08005d06   0x00000002   PAD
    0x08005d08   0x08005d08   0x0000003e   Code   RO         4817    x$fpl$ffixu         fz_ws.l(ffixu.o)
    0x08005d46   0x08005d46   0x00000002   PAD
    0x08005d48   0x08005d48   0x00000030   Code   RO         4822    x$fpl$fflt          fz_ws.l(fflt_clz.o)
    0x08005d78   0x08005d78   0x00000026   Code   RO         4821    x$fpl$ffltu         fz_ws.l(fflt_clz.o)
    0x08005d9e   0x08005d9e   0x00000002   PAD
    0x08005da0   0x08005da0   0x00000068   Code   RO         4827    x$fpl$fleqf         fz_ws.l(fleqf.o)
    0x08005e08   0x08005e08   0x00000102   Code   RO         4829    x$fpl$fmul          fz_ws.l(fmul.o)
    0x08005f0a   0x08005f0a   0x0000008c   Code   RO         4864    x$fpl$fnaninf       fz_ws.l(fnaninf.o)
    0x08005f96   0x08005f96   0x0000000a   Code   RO         4866    x$fpl$fretinf       fz_ws.l(fretinf.o)
    0x08005fa0   0x08005fa0   0x00000062   Code   RO         4831    x$fpl$frleqf        fz_ws.l(frleqf.o)
    0x08006002   0x08006002   0x00000002   PAD
    0x08006004   0x08006004   0x000000ea   Code   RO         4803    x$fpl$fsub          fz_ws.l(faddsub_clz.o)
    0x080060ee   0x080060ee   0x00000064   Code   RO         4957    x$fpl$retnan        fz_ws.l(retnan.o)
    0x08006152   0x08006152   0x0000005c   Code   RO         4868    x$fpl$scalbn        fz_ws.l(scalbn.o)
    0x080061ae   0x080061ae   0x00000030   Code   RO         5010    x$fpl$trapveneer    fz_ws.l(trapv.o)
    0x080061de   0x080061de   0x00000000   Code   RO         4870    x$fpl$usenofp       fz_ws.l(usenofp.o)
    0x080061de   0x080061de   0x000005f0   Data   RO         3585    .constdata          oled.o
    0x080067ce   0x080067ce   0x00000002   PAD
    0x080067d0   0x080067d0   0x00000050   Data   RO         4158    .constdata          inv_mpu.o
    0x08006820   0x08006820   0x00000bf6   Data   RO         4478    .constdata          inv_mpu_dmp_motion_driver.o
    0x08007416   0x08007416   0x00000002   PAD
    0x08007418   0x08007418   0x00000050   Data   RO         4835    .constdata          m_ws.l(asin.o)
    0x08007468   0x08007468   0x00000098   Data   RO         4873    .constdata          m_ws.l(atan.o)
    0x08007500   0x08007500   0x00000008   Data   RO         4899    .constdata          m_ws.l(qnan.o)
    0x08007508   0x08007508   0x00000020   Data   RO         5089    Region$$Table       anon$$obj.o


    Execution Region RW_IRAM1 (Exec base: 0x20000000, Load base: 0x08007528, Size: 0x00000740, Max: 0x00005000, ABSOLUTE)

    Exec Addr    Load Addr    Size         Type   Attr      Idx    E Section Name        Object

    0x20000000   0x08007528   0x00000002   Data   RW         3747    .data               bluetooth.o
    0x20000002   0x0800752a   0x00000002   PAD
    0x20000004   0x0800752c   0x00000030   Data   RW         3898    .data               pid.o
    0x20000034   0x0800755c   0x00000064   Data   RW         3981    .data               main.o
    0x20000098   0x080075c0   0x00000035   Data   RW         4159    .data               inv_mpu.o
    0x200000cd   0x080075f5   0x00000003   PAD
    0x200000d0        -       0x00000010   Zero   RW         4477    .bss                inv_mpu_dmp_motion_driver.o
    0x200000e0        -       0x00000060   Zero   RW         4941    .bss                c_w.l(libspace.o)
    0x20000140        -       0x00000200   Zero   RW            2    HEAP                startup_stm32f10x_md.o
    0x20000340        -       0x00000400   Zero   RW            1    STACK               startup_stm32f10x_md.o


==============================================================================

Image component sizes


      Code (inc. data)   RO Data    RW Data    ZI Data      Debug   Object Name

       256         20          0          0          0       1088   ad.o
        56         12          0          2          0        739   bluetooth.o
        60         10          0          0          0        906   buzzer.o
        94          0          0          0          0       1808   delay.o
       376         28          0          0          0       2274   encoder.o
       116          4          0          0          0     223417   exti.o
      6686        214         80         53          0      29242   inv_mpu.o
      3092        124       3062          0         16      19794   inv_mpu_dmp_motion_driver.o
       684        132          0        100          0       2576   main.o
       132         22          0          0          0     204671   misc.o
       218         16          0          0          0       3643   motor.o
       546          0          0          0          0       6233   mpu6050.o
       544         76          0          0          0       4760   mpu6050_i2c.o
       916         22       1520          0          0       8030   oled.o
       560         96          0         48          0       2978   pid.o
        40         12          0          0          0        980   pwm.o
        64         26        236          0       1536        828   startup_stm32f10x_md.o
       466         14          0          0          0      19221   stm32f10x_adc.o
       200         18          0          0          0       4016   stm32f10x_exti.o
       360          4          0          0          0      12222   stm32f10x_gpio.o
        26          0          0          0          0       3602   stm32f10x_it.o
        88         18          0          0          0       1541   stm32f10x_rcc.o
      1128        150          0          0          0      30564   stm32f10x_tim.o
       124          0          0          0          0       9154   stm32f10x_usart.o
       196          4          0          0          0       3499   sys.o
       328         28          0          0          0      14585   system_stm32f10x.o
         0          0          0          0          0      28676   timer.o

    ----------------------------------------------------------------------
     17376       1050       4934        208       1552     641047   Object Totals
         0          0         32          0          0          0   (incl. Generated)
        20          0          4          5          0          0   (incl. Padding)

    ----------------------------------------------------------------------

      Code (inc. data)   RO Data    RW Data    ZI Data      Debug   Library Member Name

         8          0          0          0          0         68   __main.o
         0          0          0          0          0          0   __rtentry.o
        12          0          0          0          0          0   __rtentry2.o
         6          0          0          0          0          0   __rtentry4.o
        52          8          0          0          0          0   __scatter.o
        26          0          0          0          0          0   __scatter_copy.o
        28          0          0          0          0          0   __scatter_zi.o
        22          0          0          0          0        100   _rserrno.o
        16          0          0          0          0         68   aeabi_memset.o
        18          0          0          0          0         80   exit.o
         6          0          0          0          0        152   heapauxi.o
         0          0          0          0          0          0   indicate_semi.o
         2          0          0          0          0          0   libinit.o
         2          0          0          0          0          0   libinit2.o
         2          0          0          0          0          0   libshutdown.o
         2          0          0          0          0          0   libshutdown2.o
         8          4          0          0         96         68   libspace.o
        72          0          0          0          0         76   llsdiv.o
       238          0          0          0          0        100   lludivv7m.o
        88          0          0          0          0         76   memcmp.o
         8          4          0          0          0         68   rt_errno_addr_intlibspace.o
        68          0          0          0          0         68   rt_memclr.o
        78          0          0          0          0         80   rt_memclr_w.o
         2          0          0          0          0          0   rtexit.o
        10          0          0          0          0          0   rtexit2.o
        12          4          0          0          0         68   sys_exit.o
        74          0          0          0          0         80   sys_stackheap_outer.o
         2          0          0          0          0         68   use_no_semi.o
        98          4          0          0          0         92   d2f.o
       826         16          0          0          0        348   daddsub_clz.o
        16          4          0          0          0         68   dcheck1.o
       688        140          0          0          0        208   ddiv.o
       340         12          0          0          0        104   dmul.o
       156          4          0          0          0         92   dnaninf.o
        12          0          0          0          0         68   dretinf.o
       460         56          0          0          0        120   dsqrt_noumaal.o
        86          4          0          0          0         84   f2d.o
       430          8          0          0          0        168   faddsub_clz.o
        24          0          0          0          0         68   fcmpi.o
       388         76          0          0          0         96   fdiv.o
       104          4          0          0          0         84   feqf.o
        54          4          0          0          0         84   ffix.o
        62          4          0          0          0         84   ffixu.o
        86          0          0          0          0        136   fflt_clz.o
       104          4          0          0          0         84   fleqf.o
       258          4          0          0          0         84   fmul.o
       140          4          0          0          0         84   fnaninf.o
        10          0          0          0          0         68   fretinf.o
        98          0          0          0          0         68   frleqf.o
       100          0          0          0          0         68   retnan.o
        92          0          0          0          0         68   scalbn.o
        48          0          0          0          0         68   trapv.o
         0          0          0          0          0          0   usenofp.o
       624         52         80          0          0        168   asin.o
       544         70        152          0          0        124   atan.o
       384         38          0          0          0        144   atan2.o
        38          6          0          0          0        272   dunder.o
        40          0          0          0          0         68   fpclassify.o
       170          0          0          0          0         96   poly.o
         0          0          8          0          0          0   qnan.o
        76          0          0          0          0         84   sqrt.o

    ----------------------------------------------------------------------
      7442        534        240          0         96       4672   Library Totals
        24          0          0          0          0          0   (incl. Padding)

    ----------------------------------------------------------------------

      Code (inc. data)   RO Data    RW Data    ZI Data      Debug   Library Name

       862         20          0          0         96       1220   c_w.l
      4680        348          0          0          0       2496   fz_ws.l
      1876        166        240          0          0        956   m_ws.l

    ----------------------------------------------------------------------
      7442        534        240          0         96       4672   Library Totals

    ----------------------------------------------------------------------

==============================================================================


      Code (inc. data)   RO Data    RW Data    ZI Data      Debug   

     24818       1584       5174        208       1648     634067   Grand Totals
     24818       1584       5174        208       1648     634067   ELF Image Totals
     24818       1584       5174        208          0          0   ROM Totals

==============================================================================

    Total RO  Size (Code + RO Data)                29992 (  29.29kB)
    Total RW  Size (RW Data + ZI Data)              1856 (   1.81kB)
    Total ROM Size (Code + RO Data + RW Data)      30200 (  29.49kB)

==============================================================================

